/home/dev/rmf_ws/src/fleet_adapter/src/fleet_adapter_node.cpp: In constructor ‘FleetAdapterNode::FleetAdapterNode()’:
/home/dev/rmf_ws/src/fleet_adapter/src/fleet_adapter_node.cpp:159:40: error: ‘Linear’ is not a member of ‘rmf_traffic::agv::VehicleTraits’
  159 |       rmf_traffic::agv::VehicleTraits::Linear{linear_vel, linear_accel},
      |                                        ^~~~~~
/home/dev/rmf_ws/src/fleet_adapter/src/fleet_adapter_node.cpp:160:40: error: ‘Rotational’ is not a member of ‘rmf_traffic::agv::VehicleTraits’
  160 |       rmf_traffic::agv::VehicleTraits::Rotational{angular_vel, angular_accel},
      |                                        ^~~~~~~~~~
/home/dev/rmf_ws/src/fleet_adapter/src/fleet_adapter_node.cpp:147:18: warning: unused variable ‘linear_vel’ [-Wunused-variable]
  147 |     const double linear_vel = 2.0;     // m/s
      |                  ^~~~~~~~~~
/home/dev/rmf_ws/src/fleet_adapter/src/fleet_adapter_node.cpp:148:18: warning: unused variable ‘linear_accel’ [-Wunused-variable]
  148 |     const double linear_accel = 0.5;   // m/s²
      |                  ^~~~~~~~~~~~
/home/dev/rmf_ws/src/fleet_adapter/src/fleet_adapter_node.cpp:149:18: warning: unused variable ‘angular_vel’ [-Wunused-variable]
  149 |     const double angular_vel = 1.5;    // rad/s
      |                  ^~~~~~~~~~~
/home/dev/rmf_ws/src/fleet_adapter/src/fleet_adapter_node.cpp:150:18: warning: unused variable ‘angular_accel’ [-Wunused-variable]
  150 |     const double angular_accel = 0.6;  // rad/s²
      |                  ^~~~~~~~~~~~~
gmake[2]: *** [CMakeFiles/fleet_adapter_node.dir/build.make:76: CMakeFiles/fleet_adapter_node.dir/src/fleet_adapter_node.cpp.o] Error 1
gmake[1]: *** [CMakeFiles/Makefile2:137: CMakeFiles/fleet_adapter_node.dir/all] Error 2
gmake: *** [Makefile:146: all] Error 2
