[0.009s] Invoking command in '/home/dev/rmf_ws/build/fleet_adapter': CMAKE_PREFIX_PATH=${CMAKE_PREFIX_PATH}:/opt/ros/jazzy /usr/bin/cmake --build /home/dev/rmf_ws/build/fleet_adapter -- -j16 -l16
[0.043s] -- Found ament_cmake: 2.5.5 (/opt/ros/jazzy/share/ament_cmake/cmake)
[0.223s] -- Override CMake install command with custom implementation using symlinks instead of copying resources
[0.235s] -- Found rclcpp: 28.1.16 (/opt/ros/jazzy/share/rclcpp/cmake)
[0.255s] -- Found rosidl_generator_c: 4.6.7 (/opt/ros/jazzy/share/rosidl_generator_c/cmake)
[0.262s] -- Found rosidl_generator_cpp: 4.6.7 (/opt/ros/jazzy/share/rosidl_generator_cpp/cmake)
[0.270s] -- Using all available rosidl_typesupport_c: rosidl_typesupport_fastrtps_c;rosidl_typesupport_introspection_c
[0.280s] -- Using all available rosidl_typesupport_cpp: rosidl_typesupport_fastrtps_cpp;rosidl_typesupport_introspection_cpp
[0.329s] -- Found rmw_implementation_cmake: 7.3.3 (/opt/ros/jazzy/share/rmw_implementation_cmake/cmake)
[0.330s] -- Found rmw_fastrtps_cpp: 8.4.3 (/opt/ros/jazzy/share/rmw_fastrtps_cpp/cmake)
[0.390s] -- Using RMW implementation 'rmw_fastrtps_cpp' as default
[0.439s] -- Found std_msgs: 5.3.6 (/opt/ros/jazzy/share/std_msgs/cmake)
[0.449s] -- Found rmf_fleet_msgs: 3.3.1 (/opt/ros/jazzy/share/rmf_fleet_msgs/cmake)
[0.463s] -- Found rmf_task_msgs: 3.3.1 (/opt/ros/jazzy/share/rmf_task_msgs/cmake)
[0.533s] -- Found eigen3_cmake_module: 0.3.0 (/opt/ros/jazzy/share/eigen3_cmake_module/cmake)
[0.545s] -- Found Eigen3: TRUE (found version "3.4.0") 
[0.548s] -- Performing Test CMAKE_HAVE_LIBC_PTHREAD
[0.648s] -- Performing Test CMAKE_HAVE_LIBC_PTHREAD - Success
[0.650s] -- Found Threads: TRUE  
[0.655s] -- Found rmf_traffic_ros2: 2.7.2 (/opt/ros/jazzy/share/rmf_traffic_ros2/cmake)
[0.660s] -- Found PkgConfig: /usr/bin/pkg-config (found version "1.8.1") 
[0.660s] -- Checking for module 'proj'
[0.676s] --   Found proj, version 9.4.0
[0.910s] -- Configuring done (0.9s)
[0.949s] -- Generating done (0.0s)
[0.953s] -- Build files have been written to: /home/dev/rmf_ws/build/fleet_adapter
[1.013s] [ 50%] Building CXX object CMakeFiles/fleet_adapter_node.dir/src/fleet_adapter_node.cpp.o
[4.212s] /home/dev/rmf_ws/src/fleet_adapter/src/fleet_adapter_node.cpp: In constructor ‘FleetAdapterNode::FleetAdapterNode()’:
[4.213s] /home/dev/rmf_ws/src/fleet_adapter/src/fleet_adapter_node.cpp:159:40: error: ‘Linear’ is not a member of ‘rmf_traffic::agv::VehicleTraits’
[4.213s]   159 |       rmf_traffic::agv::VehicleTraits::Linear{linear_vel, linear_accel},
[4.213s]       |                                        ^~~~~~
[4.213s] /home/dev/rmf_ws/src/fleet_adapter/src/fleet_adapter_node.cpp:160:40: error: ‘Rotational’ is not a member of ‘rmf_traffic::agv::VehicleTraits’
[4.213s]   160 |       rmf_traffic::agv::VehicleTraits::Rotational{angular_vel, angular_accel},
[4.213s]       |                                        ^~~~~~~~~~
[4.231s] /home/dev/rmf_ws/src/fleet_adapter/src/fleet_adapter_node.cpp:147:18: warning: unused variable ‘linear_vel’ [-Wunused-variable]
[4.231s]   147 |     const double linear_vel = 2.0;     // m/s
[4.231s]       |                  ^~~~~~~~~~
[4.231s] /home/dev/rmf_ws/src/fleet_adapter/src/fleet_adapter_node.cpp:148:18: warning: unused variable ‘linear_accel’ [-Wunused-variable]
[4.231s]   148 |     const double linear_accel = 0.5;   // m/s²
[4.232s]       |                  ^~~~~~~~~~~~
[4.232s] /home/dev/rmf_ws/src/fleet_adapter/src/fleet_adapter_node.cpp:149:18: warning: unused variable ‘angular_vel’ [-Wunused-variable]
[4.232s]   149 |     const double angular_vel = 1.5;    // rad/s
[4.232s]       |                  ^~~~~~~~~~~
[4.232s] /home/dev/rmf_ws/src/fleet_adapter/src/fleet_adapter_node.cpp:150:18: warning: unused variable ‘angular_accel’ [-Wunused-variable]
[4.232s]   150 |     const double angular_accel = 0.6;  // rad/s²
[4.232s]       |                  ^~~~~~~~~~~~~
[7.693s] gmake[2]: *** [CMakeFiles/fleet_adapter_node.dir/build.make:76: CMakeFiles/fleet_adapter_node.dir/src/fleet_adapter_node.cpp.o] Error 1
[7.693s] gmake[1]: *** [CMakeFiles/Makefile2:137: CMakeFiles/fleet_adapter_node.dir/all] Error 2
[7.694s] gmake: *** [Makefile:146: all] Error 2
[7.696s] Invoked command in '/home/dev/rmf_ws/build/fleet_adapter' returned '2': CMAKE_PREFIX_PATH=${CMAKE_PREFIX_PATH}:/opt/ros/jazzy /usr/bin/cmake --build /home/dev/rmf_ws/build/fleet_adapter -- -j16 -l16
