[0.010s] Invoking command in '/home/dev/rmf_ws/build/fleet_adapter': CMAKE_PREFIX_PATH=${CMAKE_PREFIX_PATH}:/opt/ros/jazzy /usr/bin/cmake --build /home/dev/rmf_ws/build/fleet_adapter -- -j16 -l16
[0.100s] [ 50%] Building CXX object CMakeFiles/fleet_adapter_node.dir/src/fleet_adapter_node.cpp.o
[11.596s] [100%] Linking CXX executable fleet_adapter_node
[12.397s] [100%] Built target fleet_adapter_node
[12.412s] Invoked command in '/home/dev/rmf_ws/build/fleet_adapter' returned '0': CMAKE_PREFIX_PATH=${CMAKE_PREFIX_PATH}:/opt/ros/jazzy /usr/bin/cmake --build /home/dev/rmf_ws/build/fleet_adapter -- -j16 -l16
[12.428s] Invoking command in '/home/dev/rmf_ws/build/fleet_adapter': CMAKE_PREFIX_PATH=${CMAKE_PREFIX_PATH}:/opt/ros/jazzy /usr/bin/cmake --install /home/dev/rmf_ws/build/fleet_adapter
[12.437s] -- Install configuration: ""
[12.437s] -- Execute custom install script
[12.437s] -- Up-to-date symlink: /home/dev/rmf_ws/install/fleet_adapter/lib/fleet_adapter/fleet_adapter_node
[12.437s] -- Up-to-date symlink: /home/dev/rmf_ws/install/fleet_adapter/share/ament_index/resource_index/package_run_dependencies/fleet_adapter
[12.438s] -- Up-to-date symlink: /home/dev/rmf_ws/install/fleet_adapter/share/ament_index/resource_index/parent_prefix_path/fleet_adapter
[12.438s] -- Up-to-date symlink: /home/dev/rmf_ws/install/fleet_adapter/share/fleet_adapter/environment/ament_prefix_path.sh
[12.438s] -- Up-to-date symlink: /home/dev/rmf_ws/install/fleet_adapter/share/fleet_adapter/environment/ament_prefix_path.dsv
[12.438s] -- Up-to-date symlink: /home/dev/rmf_ws/install/fleet_adapter/share/fleet_adapter/environment/path.sh
[12.438s] -- Up-to-date symlink: /home/dev/rmf_ws/install/fleet_adapter/share/fleet_adapter/environment/path.dsv
[12.438s] -- Up-to-date symlink: /home/dev/rmf_ws/install/fleet_adapter/share/fleet_adapter/local_setup.bash
[12.439s] -- Up-to-date symlink: /home/dev/rmf_ws/install/fleet_adapter/share/fleet_adapter/local_setup.sh
[12.439s] -- Up-to-date symlink: /home/dev/rmf_ws/install/fleet_adapter/share/fleet_adapter/local_setup.zsh
[12.439s] -- Up-to-date symlink: /home/dev/rmf_ws/install/fleet_adapter/share/fleet_adapter/local_setup.dsv
[12.439s] -- Symlinking: /home/dev/rmf_ws/install/fleet_adapter/share/fleet_adapter/package.dsv
[12.447s] -- Up-to-date symlink: /home/dev/rmf_ws/install/fleet_adapter/share/ament_index/resource_index/packages/fleet_adapter
[12.448s] -- Up-to-date symlink: /home/dev/rmf_ws/install/fleet_adapter/share/fleet_adapter/cmake/fleet_adapterConfig.cmake
[12.448s] -- Up-to-date symlink: /home/dev/rmf_ws/install/fleet_adapter/share/fleet_adapter/cmake/fleet_adapterConfig-version.cmake
[12.448s] -- Up-to-date symlink: /home/dev/rmf_ws/install/fleet_adapter/share/fleet_adapter/package.xml
[12.450s] Invoked command in '/home/dev/rmf_ws/build/fleet_adapter' returned '0': CMAKE_PREFIX_PATH=${CMAKE_PREFIX_PATH}:/opt/ros/jazzy /usr/bin/cmake --install /home/dev/rmf_ws/build/fleet_adapter
