[0.000000] (-) TimerEvent: {}
[0.000502] (robot_controller) JobQueued: {'identifier': 'robot_controller', 'dependencies': OrderedDict()}
[0.000563] (robots_cv_sim) JobQueued: {'identifier': 'robots_cv_sim', 'dependencies': OrderedDict()}
[0.000594] (traffic_editor_assets) JobQueued: {'identifier': 'traffic_editor_assets', 'dependencies': OrderedDict()}
[0.000645] (rmf_tests) JobQueued: {'identifier': 'rmf_tests', 'dependencies': OrderedDict({'traffic_editor_assets': '/home/dev/rmf_ws/install/traffic_editor_assets'})}
[0.000687] (rmf_bringup) JobQueued: {'identifier': 'rmf_bringup', 'dependencies': OrderedDict({'robot_controller': '/home/dev/rmf_ws/install/robot_controller', 'robots_cv_sim': '/home/dev/rmf_ws/install/robots_cv_sim', 'traffic_editor_assets': '/home/dev/rmf_ws/install/traffic_editor_assets', 'rmf_tests': '/home/dev/rmf_ws/install/rmf_tests'})}
[0.000766] (traffic_editor_assets) JobStarted: {'identifier': 'traffic_editor_assets'}
[0.005811] (robot_controller) JobStarted: {'identifier': 'robot_controller'}
[0.008103] (robots_cv_sim) JobStarted: {'identifier': 'robots_cv_sim'}
[0.011863] (traffic_editor_assets) JobProgress: {'identifier': 'traffic_editor_assets', 'progress': 'cmake'}
[0.012266] (traffic_editor_assets) Command: {'cmd': ['/usr/bin/cmake', '/home/dev/rmf_ws/src/traffic_editor_assets', '-DAMENT_CMAKE_SYMLINK_INSTALL=1', '-DCMAKE_INSTALL_PREFIX=/home/dev/rmf_ws/install/traffic_editor_assets'], 'cwd': '/home/dev/rmf_ws/build/traffic_editor_assets', 'env': OrderedDict({'HOSTNAME': 'legion5pro', 'SHLVL': '1', 'LD_LIBRARY_PATH': '/opt/ros/jazzy/opt/rviz_ogre_vendor/lib:/opt/ros/jazzy/lib/x86_64-linux-gnu:/opt/ros/jazzy/opt/gz_math_vendor/lib:/opt/ros/jazzy/opt/gz_utils_vendor/lib:/opt/ros/jazzy/opt/gz_cmake_vendor/lib:/opt/ros/jazzy/lib', 'HOME': '/home/dev', 'OLDPWD': '/', 'ROS_PYTHON_VERSION': '3', 'ROS_DISTRO': 'jazzy', '_': '/usr/bin/colcon', 'ROS_VERSION': '2', 'QT_X11_NO_MITSHM': '1', 'PATH': '/opt/ros/jazzy/bin:/usr/local/sbin:/usr/local/bin:/usr/sbin:/usr/bin:/sbin:/bin', 'DISPLAY': ':1', 'LANG': 'C.UTF-8', 'AMENT_PREFIX_PATH': '/opt/ros/jazzy', 'SHELL': '/bin/bash', 'ROS_AUTOMATIC_DISCOVERY_RANGE': 'SUBNET', 'PWD': '/home/dev/rmf_ws/build/traffic_editor_assets', 'LC_ALL': 'C.UTF-8', 'PYTHONPATH': '/opt/ros/jazzy/lib/python3.12/site-packages', 'COLCON': '1', 'CMAKE_PREFIX_PATH': '/opt/ros/jazzy/opt/gz_math_vendor:/opt/ros/jazzy/opt/gz_utils_vendor:/opt/ros/jazzy/opt/gz_cmake_vendor:/opt/ros/jazzy'}), 'shell': False}
[0.013334] (robot_controller) JobProgress: {'identifier': 'robot_controller', 'progress': 'cmake'}
[0.013715] (robot_controller) Command: {'cmd': ['/usr/bin/cmake', '/home/dev/rmf_ws/src/robot_controller', '-DAMENT_CMAKE_SYMLINK_INSTALL=1', '-DCMAKE_INSTALL_PREFIX=/home/dev/rmf_ws/install/robot_controller'], 'cwd': '/home/dev/rmf_ws/build/robot_controller', 'env': OrderedDict({'HOSTNAME': 'legion5pro', 'SHLVL': '1', 'LD_LIBRARY_PATH': '/opt/ros/jazzy/opt/rviz_ogre_vendor/lib:/opt/ros/jazzy/lib/x86_64-linux-gnu:/opt/ros/jazzy/opt/gz_math_vendor/lib:/opt/ros/jazzy/opt/gz_utils_vendor/lib:/opt/ros/jazzy/opt/gz_cmake_vendor/lib:/opt/ros/jazzy/lib', 'HOME': '/home/dev', 'OLDPWD': '/', 'ROS_PYTHON_VERSION': '3', 'ROS_DISTRO': 'jazzy', '_': '/usr/bin/colcon', 'ROS_VERSION': '2', 'QT_X11_NO_MITSHM': '1', 'PATH': '/opt/ros/jazzy/bin:/usr/local/sbin:/usr/local/bin:/usr/sbin:/usr/bin:/sbin:/bin', 'DISPLAY': ':1', 'LANG': 'C.UTF-8', 'AMENT_PREFIX_PATH': '/opt/ros/jazzy', 'SHELL': '/bin/bash', 'ROS_AUTOMATIC_DISCOVERY_RANGE': 'SUBNET', 'PWD': '/home/dev/rmf_ws/build/robot_controller', 'LC_ALL': 'C.UTF-8', 'PYTHONPATH': '/opt/ros/jazzy/lib/python3.12/site-packages', 'COLCON': '1', 'CMAKE_PREFIX_PATH': '/opt/ros/jazzy/opt/gz_math_vendor:/opt/ros/jazzy/opt/gz_utils_vendor:/opt/ros/jazzy/opt/gz_cmake_vendor:/opt/ros/jazzy'}), 'shell': False}
[0.099801] (-) TimerEvent: {}
[0.167515] (robot_controller) StdoutLine: {'line': b'-- The C compiler identification is GNU 13.3.0\n'}
[0.167873] (robot_controller) StdoutLine: {'line': b'-- The CXX compiler identification is GNU 13.3.0\n'}
[0.168067] (robot_controller) StdoutLine: {'line': b'-- Detecting C compiler ABI info\n'}
[0.168261] (traffic_editor_assets) StdoutLine: {'line': b'-- The C compiler identification is GNU 13.3.0\n'}
[0.168448] (traffic_editor_assets) StdoutLine: {'line': b'-- The CXX compiler identification is GNU 13.3.0\n'}
[0.168591] (traffic_editor_assets) StdoutLine: {'line': b'-- Detecting C compiler ABI info\n'}
[0.199891] (-) TimerEvent: {}
[0.229222] (robot_controller) StdoutLine: {'line': b'-- Detecting C compiler ABI info - done\n'}
[0.231582] (traffic_editor_assets) StdoutLine: {'line': b'-- Detecting C compiler ABI info - done\n'}
[0.240500] (robot_controller) StdoutLine: {'line': b'-- Check for working C compiler: /usr/bin/cc - skipped\n'}
[0.240981] (robot_controller) StdoutLine: {'line': b'-- Detecting C compile features\n'}
[0.241119] (robot_controller) StdoutLine: {'line': b'-- Detecting C compile features - done\n'}
[0.241454] (traffic_editor_assets) StdoutLine: {'line': b'-- Check for working C compiler: /usr/bin/cc - skipped\n'}
[0.241731] (traffic_editor_assets) StdoutLine: {'line': b'-- Detecting C compile features\n'}
[0.241993] (traffic_editor_assets) StdoutLine: {'line': b'-- Detecting C compile features - done\n'}
[0.250796] (robot_controller) StdoutLine: {'line': b'-- Detecting CXX compiler ABI info\n'}
[0.251402] (traffic_editor_assets) StdoutLine: {'line': b'-- Detecting CXX compiler ABI info\n'}
[0.300011] (-) TimerEvent: {}
[0.355344] (robot_controller) StdoutLine: {'line': b'-- Detecting CXX compiler ABI info - done\n'}
[0.356178] (traffic_editor_assets) StdoutLine: {'line': b'-- Detecting CXX compiler ABI info - done\n'}
[0.362207] (robot_controller) StdoutLine: {'line': b'-- Check for working CXX compiler: /usr/bin/c++ - skipped\n'}
[0.362580] (robot_controller) StdoutLine: {'line': b'-- Detecting CXX compile features\n'}
[0.362922] (robot_controller) StdoutLine: {'line': b'-- Detecting CXX compile features - done\n'}
[0.363780] (traffic_editor_assets) StdoutLine: {'line': b'-- Check for working CXX compiler: /usr/bin/c++ - skipped\n'}
[0.364071] (traffic_editor_assets) StdoutLine: {'line': b'-- Detecting CXX compile features\n'}
[0.364342] (traffic_editor_assets) StdoutLine: {'line': b'-- Detecting CXX compile features - done\n'}
[0.366040] (robot_controller) StdoutLine: {'line': b'-- Found ament_cmake: 2.5.5 (/opt/ros/jazzy/share/ament_cmake/cmake)\n'}
[0.367162] (traffic_editor_assets) StdoutLine: {'line': b'-- Found ament_cmake: 2.5.5 (/opt/ros/jazzy/share/ament_cmake/cmake)\n'}
[0.400125] (-) TimerEvent: {}
[0.468649] (traffic_editor_assets) StdoutLine: {'line': b'-- Found Python3: /usr/bin/python3 (found version "3.12.3") found components: Interpreter \n'}
[0.484634] (robot_controller) StdoutLine: {'line': b'-- Found Python3: /usr/bin/python3 (found version "3.12.3") found components: Interpreter \n'}
[0.500244] (-) TimerEvent: {}
[0.531875] (traffic_editor_assets) StdoutLine: {'line': b'-- Override CMake install command with custom implementation using symlinks instead of copying resources\n'}
[0.548528] (robot_controller) StdoutLine: {'line': b'-- Override CMake install command with custom implementation using symlinks instead of copying resources\n'}
[0.573686] (robots_cv_sim) Command: {'cmd': ['/usr/bin/python3', '-W', 'ignore:setup.py install is deprecated', '-W', 'ignore:easy_install command is deprecated', 'setup.py', 'develop', '--editable', '--build-directory', '/home/dev/rmf_ws/build/robots_cv_sim/build', '--no-deps', 'symlink_data'], 'cwd': '/home/dev/rmf_ws/build/robots_cv_sim', 'env': {'HOSTNAME': 'legion5pro', 'SHLVL': '1', 'LD_LIBRARY_PATH': '/opt/ros/jazzy/opt/rviz_ogre_vendor/lib:/opt/ros/jazzy/lib/x86_64-linux-gnu:/opt/ros/jazzy/opt/gz_math_vendor/lib:/opt/ros/jazzy/opt/gz_utils_vendor/lib:/opt/ros/jazzy/opt/gz_cmake_vendor/lib:/opt/ros/jazzy/lib', 'HOME': '/home/dev', 'OLDPWD': '/', 'ROS_PYTHON_VERSION': '3', 'ROS_DISTRO': 'jazzy', '_': '/usr/bin/colcon', 'ROS_VERSION': '2', 'QT_X11_NO_MITSHM': '1', 'PATH': '/opt/ros/jazzy/bin:/usr/local/sbin:/usr/local/bin:/usr/sbin:/usr/bin:/sbin:/bin', 'DISPLAY': ':1', 'LANG': 'C.UTF-8', 'AMENT_PREFIX_PATH': '/opt/ros/jazzy', 'SHELL': '/bin/bash', 'ROS_AUTOMATIC_DISCOVERY_RANGE': 'SUBNET', 'PWD': '/home/dev/rmf_ws/build/robots_cv_sim', 'LC_ALL': 'C.UTF-8', 'PYTHONPATH': '/home/dev/rmf_ws/build/robots_cv_sim/prefix_override:/usr/lib/python3/dist-packages/colcon_core/task/python/colcon_distutils_commands:/home/dev/rmf_ws/install/robots_cv_sim/lib/python3.12/site-packages:/opt/ros/jazzy/lib/python3.12/site-packages', 'COLCON': '1', 'CMAKE_PREFIX_PATH': '/opt/ros/jazzy/opt/gz_math_vendor:/opt/ros/jazzy/opt/gz_utils_vendor:/opt/ros/jazzy/opt/gz_cmake_vendor'}, 'shell': False}
[0.580287] (robot_controller) StdoutLine: {'line': b'-- Found rclcpp: 28.1.16 (/opt/ros/jazzy/share/rclcpp/cmake)\n'}
[0.600361] (-) TimerEvent: {}
[0.617685] (robot_controller) StdoutLine: {'line': b'-- Found rosidl_generator_c: 4.6.7 (/opt/ros/jazzy/share/rosidl_generator_c/cmake)\n'}
[0.629778] (robot_controller) StdoutLine: {'line': b'-- Found rosidl_generator_cpp: 4.6.7 (/opt/ros/jazzy/share/rosidl_generator_cpp/cmake)\n'}
[0.640571] (traffic_editor_assets) StdoutLine: {'line': b'-- Configuring done (0.6s)\n'}
[0.644111] (traffic_editor_assets) StdoutLine: {'line': b'-- Generating done (0.0s)\n'}
[0.645267] (traffic_editor_assets) StdoutLine: {'line': b'-- Build files have been written to: /home/dev/rmf_ws/build/traffic_editor_assets\n'}
[0.647177] (robot_controller) StdoutLine: {'line': b'-- Using all available rosidl_typesupport_c: rosidl_typesupport_fastrtps_c;rosidl_typesupport_introspection_c\n'}
[0.649397] (traffic_editor_assets) CommandEnded: {'returncode': 0}
[0.649920] (traffic_editor_assets) JobProgress: {'identifier': 'traffic_editor_assets', 'progress': 'build'}
[0.650469] (traffic_editor_assets) Command: {'cmd': ['/usr/bin/cmake', '--build', '/home/dev/rmf_ws/build/traffic_editor_assets', '--', '-j16', '-l16'], 'cwd': '/home/dev/rmf_ws/build/traffic_editor_assets', 'env': OrderedDict({'HOSTNAME': 'legion5pro', 'SHLVL': '1', 'LD_LIBRARY_PATH': '/opt/ros/jazzy/opt/rviz_ogre_vendor/lib:/opt/ros/jazzy/lib/x86_64-linux-gnu:/opt/ros/jazzy/opt/gz_math_vendor/lib:/opt/ros/jazzy/opt/gz_utils_vendor/lib:/opt/ros/jazzy/opt/gz_cmake_vendor/lib:/opt/ros/jazzy/lib', 'HOME': '/home/dev', 'OLDPWD': '/', 'ROS_PYTHON_VERSION': '3', 'ROS_DISTRO': 'jazzy', '_': '/usr/bin/colcon', 'ROS_VERSION': '2', 'QT_X11_NO_MITSHM': '1', 'PATH': '/opt/ros/jazzy/bin:/usr/local/sbin:/usr/local/bin:/usr/sbin:/usr/bin:/sbin:/bin', 'DISPLAY': ':1', 'LANG': 'C.UTF-8', 'AMENT_PREFIX_PATH': '/opt/ros/jazzy', 'SHELL': '/bin/bash', 'ROS_AUTOMATIC_DISCOVERY_RANGE': 'SUBNET', 'PWD': '/home/dev/rmf_ws/build/traffic_editor_assets', 'LC_ALL': 'C.UTF-8', 'PYTHONPATH': '/opt/ros/jazzy/lib/python3.12/site-packages', 'COLCON': '1', 'CMAKE_PREFIX_PATH': '/opt/ros/jazzy/opt/gz_math_vendor:/opt/ros/jazzy/opt/gz_utils_vendor:/opt/ros/jazzy/opt/gz_cmake_vendor:/opt/ros/jazzy'}), 'shell': False}
[0.662928] (robot_controller) StdoutLine: {'line': b'-- Using all available rosidl_typesupport_cpp: rosidl_typesupport_fastrtps_cpp;rosidl_typesupport_introspection_cpp\n'}
[0.696351] (traffic_editor_assets) CommandEnded: {'returncode': 0}
[0.697219] (traffic_editor_assets) JobProgress: {'identifier': 'traffic_editor_assets', 'progress': 'install'}
[0.700473] (-) TimerEvent: {}
[0.709418] (traffic_editor_assets) Command: {'cmd': ['/usr/bin/cmake', '--install', '/home/dev/rmf_ws/build/traffic_editor_assets'], 'cwd': '/home/dev/rmf_ws/build/traffic_editor_assets', 'env': OrderedDict({'HOSTNAME': 'legion5pro', 'SHLVL': '1', 'LD_LIBRARY_PATH': '/opt/ros/jazzy/opt/rviz_ogre_vendor/lib:/opt/ros/jazzy/lib/x86_64-linux-gnu:/opt/ros/jazzy/opt/gz_math_vendor/lib:/opt/ros/jazzy/opt/gz_utils_vendor/lib:/opt/ros/jazzy/opt/gz_cmake_vendor/lib:/opt/ros/jazzy/lib', 'HOME': '/home/dev', 'OLDPWD': '/', 'ROS_PYTHON_VERSION': '3', 'ROS_DISTRO': 'jazzy', '_': '/usr/bin/colcon', 'ROS_VERSION': '2', 'QT_X11_NO_MITSHM': '1', 'PATH': '/opt/ros/jazzy/bin:/usr/local/sbin:/usr/local/bin:/usr/sbin:/usr/bin:/sbin:/bin', 'DISPLAY': ':1', 'LANG': 'C.UTF-8', 'AMENT_PREFIX_PATH': '/opt/ros/jazzy', 'SHELL': '/bin/bash', 'ROS_AUTOMATIC_DISCOVERY_RANGE': 'SUBNET', 'PWD': '/home/dev/rmf_ws/build/traffic_editor_assets', 'LC_ALL': 'C.UTF-8', 'PYTHONPATH': '/opt/ros/jazzy/lib/python3.12/site-packages', 'COLCON': '1', 'CMAKE_PREFIX_PATH': '/opt/ros/jazzy/opt/gz_math_vendor:/opt/ros/jazzy/opt/gz_utils_vendor:/opt/ros/jazzy/opt/gz_cmake_vendor:/opt/ros/jazzy'}), 'shell': False}
[0.721438] (traffic_editor_assets) StdoutLine: {'line': b'-- Install configuration: ""\n'}
[0.721771] (traffic_editor_assets) StdoutLine: {'line': b'-- Execute custom install script\n'}
[0.722004] (traffic_editor_assets) StdoutLine: {'line': b'-- Symlinking: /home/dev/rmf_ws/install/traffic_editor_assets/share/traffic_editor_assets/map.building.yaml\n'}
[0.730182] (robot_controller) StdoutLine: {'line': b'-- Found rmw_implementation_cmake: 7.3.3 (/opt/ros/jazzy/share/rmw_implementation_cmake/cmake)\n'}
[0.732864] (robot_controller) StdoutLine: {'line': b'-- Found rmw_fastrtps_cpp: 8.4.3 (/opt/ros/jazzy/share/rmw_fastrtps_cpp/cmake)\n'}
[0.734693] (traffic_editor_assets) StdoutLine: {'line': b'-- Symlinking: /home/dev/rmf_ws/install/traffic_editor_assets/share/traffic_editor_assets/map.png\n'}
[0.745031] (traffic_editor_assets) StdoutLine: {'line': b'-- Symlinking: /home/dev/rmf_ws/install/traffic_editor_assets/share/traffic_editor_assets/maps.json\n'}
[0.757846] (traffic_editor_assets) StdoutLine: {'line': b'-- Symlinking: /home/dev/rmf_ws/install/traffic_editor_assets/share/ament_index/resource_index/packages/traffic_editor_assets\n'}
[0.770753] (traffic_editor_assets) StdoutLine: {'line': b'-- Symlinking: /home/dev/rmf_ws/install/traffic_editor_assets/share/ament_index/resource_index/traffic_editor_assets/assets\n'}
[0.784081] (traffic_editor_assets) StdoutLine: {'line': b'-- Symlinking: /home/dev/rmf_ws/install/traffic_editor_assets/share/ament_index/resource_index/package_run_dependencies/traffic_editor_assets\n'}
[0.787035] (robots_cv_sim) StdoutLine: {'line': b'running develop\n'}
[0.795995] (traffic_editor_assets) StdoutLine: {'line': b'-- Symlinking: /home/dev/rmf_ws/install/traffic_editor_assets/share/ament_index/resource_index/parent_prefix_path/traffic_editor_assets\n'}
[0.800550] (-) TimerEvent: {}
[0.803152] (traffic_editor_assets) StdoutLine: {'line': b'-- Symlinking: /home/dev/rmf_ws/install/traffic_editor_assets/share/traffic_editor_assets/environment/ament_prefix_path.sh\n'}
[0.810133] (traffic_editor_assets) StdoutLine: {'line': b'-- Symlinking: /home/dev/rmf_ws/install/traffic_editor_assets/share/traffic_editor_assets/environment/ament_prefix_path.dsv\n'}
[0.814405] (robot_controller) StdoutLine: {'line': b'-- Found OpenSSL: /usr/lib/x86_64-linux-gnu/libcrypto.so (found version "3.0.13")  \n'}
[0.817881] (traffic_editor_assets) StdoutLine: {'line': b'-- Symlinking: /home/dev/rmf_ws/install/traffic_editor_assets/share/traffic_editor_assets/environment/path.sh\n'}
[0.825281] (traffic_editor_assets) StdoutLine: {'line': b'-- Symlinking: /home/dev/rmf_ws/install/traffic_editor_assets/share/traffic_editor_assets/environment/path.dsv\n'}
[0.829421] (robot_controller) StdoutLine: {'line': b'-- Found FastRTPS: /opt/ros/jazzy/include (Required is at least version "2.13") \n'}
[0.833523] (traffic_editor_assets) StdoutLine: {'line': b'-- Symlinking: /home/dev/rmf_ws/install/traffic_editor_assets/share/traffic_editor_assets/local_setup.bash\n'}
[0.841491] (traffic_editor_assets) StdoutLine: {'line': b'-- Symlinking: /home/dev/rmf_ws/install/traffic_editor_assets/share/traffic_editor_assets/local_setup.sh\n'}
[0.849269] (traffic_editor_assets) StdoutLine: {'line': b'-- Symlinking: /home/dev/rmf_ws/install/traffic_editor_assets/share/traffic_editor_assets/local_setup.zsh\n'}
[0.849547] (robot_controller) StdoutLine: {'line': b"-- Using RMW implementation 'rmw_fastrtps_cpp' as default\n"}
[0.861983] (traffic_editor_assets) StdoutLine: {'line': b'-- Symlinking: /home/dev/rmf_ws/install/traffic_editor_assets/share/traffic_editor_assets/local_setup.dsv\n'}
[0.872682] (traffic_editor_assets) StdoutLine: {'line': b'-- Symlinking: /home/dev/rmf_ws/install/traffic_editor_assets/share/traffic_editor_assets/package.dsv\n'}
[0.886154] (traffic_editor_assets) StdoutLine: {'line': b'-- Symlinking: /home/dev/rmf_ws/install/traffic_editor_assets/share/ament_index/resource_index/packages/traffic_editor_assets\n'}
[0.897036] (traffic_editor_assets) StdoutLine: {'line': b'-- Symlinking: /home/dev/rmf_ws/install/traffic_editor_assets/share/traffic_editor_assets/cmake/traffic_editor_assetsConfig.cmake\n'}
[0.900654] (-) TimerEvent: {}
[0.903964] (robots_cv_sim) StdoutLine: {'line': b'running egg_info\n'}
[0.904196] (robots_cv_sim) StdoutLine: {'line': b'creating robots_cv_sim.egg-info\n'}
[0.904312] (traffic_editor_assets) StdoutLine: {'line': b'-- Symlinking: /home/dev/rmf_ws/install/traffic_editor_assets/share/traffic_editor_assets/cmake/traffic_editor_assetsConfig-version.cmake\n'}
[0.911274] (robot_controller) StdoutLine: {'line': b'-- Found geometry_msgs: 5.3.6 (/opt/ros/jazzy/share/geometry_msgs/cmake)\n'}
[0.913703] (traffic_editor_assets) StdoutLine: {'line': b'-- Symlinking: /home/dev/rmf_ws/install/traffic_editor_assets/share/traffic_editor_assets/package.xml\n'}
[0.914902] (robots_cv_sim) StdoutLine: {'line': b'writing robots_cv_sim.egg-info/PKG-INFO\n'}
[0.915210] (robots_cv_sim) StdoutLine: {'line': b'writing dependency_links to robots_cv_sim.egg-info/dependency_links.txt\n'}
[0.915599] (robots_cv_sim) StdoutLine: {'line': b'writing entry points to robots_cv_sim.egg-info/entry_points.txt\n'}
[0.915717] (robots_cv_sim) StdoutLine: {'line': b'writing requirements to robots_cv_sim.egg-info/requires.txt\n'}
[0.915822] (robots_cv_sim) StdoutLine: {'line': b'writing top-level names to robots_cv_sim.egg-info/top_level.txt\n'}
[0.915920] (robots_cv_sim) StdoutLine: {'line': b"writing manifest file 'robots_cv_sim.egg-info/SOURCES.txt'\n"}
[0.926997] (traffic_editor_assets) CommandEnded: {'returncode': 0}
[0.944147] (traffic_editor_assets) JobEnded: {'identifier': 'traffic_editor_assets', 'rc': 0}
[0.945282] (rmf_tests) JobStarted: {'identifier': 'rmf_tests'}
[0.948736] (robots_cv_sim) StdoutLine: {'line': b"reading manifest file 'robots_cv_sim.egg-info/SOURCES.txt'\n"}
[0.949021] (robots_cv_sim) StdoutLine: {'line': b"writing manifest file 'robots_cv_sim.egg-info/SOURCES.txt'\n"}
[0.949138] (robot_controller) StdoutLine: {'line': b'-- Found sensor_msgs: 5.3.6 (/opt/ros/jazzy/share/sensor_msgs/cmake)\n'}
[0.949482] (robots_cv_sim) StdoutLine: {'line': b'running build_ext\n'}
[0.949667] (robots_cv_sim) StdoutLine: {'line': b'Creating /home/dev/rmf_ws/install/robots_cv_sim/lib/python3.12/site-packages/robots-cv-sim.egg-link (link to .)\n'}
[0.950031] (robots_cv_sim) StdoutLine: {'line': b'Installing sim_node script to /home/dev/rmf_ws/install/robots_cv_sim/lib/robots_cv_sim\n'}
[0.950304] (robots_cv_sim) StdoutLine: {'line': b'\n'}
[0.950434] (robots_cv_sim) StdoutLine: {'line': b'Installed /home/dev/rmf_ws/build/robots_cv_sim\n'}
[0.950625] (robots_cv_sim) StdoutLine: {'line': b'running symlink_data\n'}
[0.950894] (robots_cv_sim) StdoutLine: {'line': b'creating /home/dev/rmf_ws/install/robots_cv_sim/share/ament_index\n'}
[0.951126] (robots_cv_sim) StdoutLine: {'line': b'creating /home/dev/rmf_ws/install/robots_cv_sim/share/ament_index/resource_index\n'}
[0.951272] (robots_cv_sim) StdoutLine: {'line': b'creating /home/dev/rmf_ws/install/robots_cv_sim/share/ament_index/resource_index/packages\n'}
[0.951381] (robots_cv_sim) StdoutLine: {'line': b'symbolically linking /home/dev/rmf_ws/build/robots_cv_sim/resource/robots_cv_sim -> /home/dev/rmf_ws/install/robots_cv_sim/share/ament_index/resource_index/packages\n'}
[0.951478] (robots_cv_sim) StdoutLine: {'line': b'symbolically linking /home/dev/rmf_ws/build/robots_cv_sim/package.xml -> /home/dev/rmf_ws/install/robots_cv_sim/share/robots_cv_sim\n'}
[0.951591] (robots_cv_sim) StdoutLine: {'line': b'creating /home/dev/rmf_ws/install/robots_cv_sim/share/robots_cv_sim/launch\n'}
[0.951716] (robots_cv_sim) StdoutLine: {'line': b'symbolically linking /home/dev/rmf_ws/build/robots_cv_sim/launch/sim.launch.py -> /home/dev/rmf_ws/install/robots_cv_sim/share/robots_cv_sim/launch\n'}
[0.951839] (robots_cv_sim) StdoutLine: {'line': b'creating /home/dev/rmf_ws/install/robots_cv_sim/share/robots_cv_sim/config\n'}
[0.951998] (robots_cv_sim) StdoutLine: {'line': b'symbolically linking /home/dev/rmf_ws/build/robots_cv_sim/config/robots.yaml -> /home/dev/rmf_ws/install/robots_cv_sim/share/robots_cv_sim/config\n'}
[0.952409] (robots_cv_sim) StdoutLine: {'line': b'symbolically linking /home/dev/rmf_ws/build/robots_cv_sim/config/start_config.yaml -> /home/dev/rmf_ws/install/robots_cv_sim/share/robots_cv_sim/config\n'}
[0.952631] (robots_cv_sim) StdoutLine: {'line': b'symbolically linking /home/dev/rmf_ws/build/robots_cv_sim/config/robots_vertices.yaml -> /home/dev/rmf_ws/install/robots_cv_sim/share/robots_cv_sim/config\n'}
[1.000799] (-) TimerEvent: {}
[1.100954] (-) TimerEvent: {}
[1.106403] (robot_controller) StdoutLine: {'line': b'-- Found rmf_fleet_msgs: 3.3.1 (/opt/ros/jazzy/share/rmf_fleet_msgs/cmake)\n'}
[1.107158] (robot_controller) StdoutLine: {'line': b'-- Configuring done (1.0s)\n'}
[1.107399] (robot_controller) StdoutLine: {'line': b'-- Generating done (0.0s)\n'}
[1.107779] (robot_controller) StdoutLine: {'line': b'-- Build files have been written to: /home/dev/rmf_ws/build/robot_controller\n'}
[1.107851] (robots_cv_sim) CommandEnded: {'returncode': 0}
[1.113085] (robots_cv_sim) JobEnded: {'identifier': 'robots_cv_sim', 'rc': 0}
[1.113926] (robot_controller) CommandEnded: {'returncode': 0}
[1.114285] (robot_controller) JobProgress: {'identifier': 'robot_controller', 'progress': 'build'}
[1.114315] (robot_controller) Command: {'cmd': ['/usr/bin/cmake', '--build', '/home/dev/rmf_ws/build/robot_controller', '--', '-j16', '-l16'], 'cwd': '/home/dev/rmf_ws/build/robot_controller', 'env': OrderedDict({'HOSTNAME': 'legion5pro', 'SHLVL': '1', 'LD_LIBRARY_PATH': '/opt/ros/jazzy/opt/rviz_ogre_vendor/lib:/opt/ros/jazzy/lib/x86_64-linux-gnu:/opt/ros/jazzy/opt/gz_math_vendor/lib:/opt/ros/jazzy/opt/gz_utils_vendor/lib:/opt/ros/jazzy/opt/gz_cmake_vendor/lib:/opt/ros/jazzy/lib', 'HOME': '/home/dev', 'OLDPWD': '/', 'ROS_PYTHON_VERSION': '3', 'ROS_DISTRO': 'jazzy', '_': '/usr/bin/colcon', 'ROS_VERSION': '2', 'QT_X11_NO_MITSHM': '1', 'PATH': '/opt/ros/jazzy/bin:/usr/local/sbin:/usr/local/bin:/usr/sbin:/usr/bin:/sbin:/bin', 'DISPLAY': ':1', 'LANG': 'C.UTF-8', 'AMENT_PREFIX_PATH': '/opt/ros/jazzy', 'SHELL': '/bin/bash', 'ROS_AUTOMATIC_DISCOVERY_RANGE': 'SUBNET', 'PWD': '/home/dev/rmf_ws/build/robot_controller', 'LC_ALL': 'C.UTF-8', 'PYTHONPATH': '/opt/ros/jazzy/lib/python3.12/site-packages', 'COLCON': '1', 'CMAKE_PREFIX_PATH': '/opt/ros/jazzy/opt/gz_math_vendor:/opt/ros/jazzy/opt/gz_utils_vendor:/opt/ros/jazzy/opt/gz_cmake_vendor:/opt/ros/jazzy'}), 'shell': False}
[1.184347] (robot_controller) StdoutLine: {'line': b'[ 50%] Building CXX object CMakeFiles/controller.dir/src/controller_node.cpp.o\n'}
[1.201071] (-) TimerEvent: {}
[1.301249] (-) TimerEvent: {}
[1.401434] (-) TimerEvent: {}
[1.500186] (rmf_tests) Command: {'cmd': ['/usr/bin/python3', '-W', 'ignore:setup.py install is deprecated', '-W', 'ignore:easy_install command is deprecated', 'setup.py', 'develop', '--editable', '--build-directory', '/home/dev/rmf_ws/build/rmf_tests/build', '--no-deps', 'symlink_data'], 'cwd': '/home/dev/rmf_ws/build/rmf_tests', 'env': {'HOSTNAME': 'legion5pro', 'SHLVL': '1', 'LD_LIBRARY_PATH': '/opt/ros/jazzy/opt/rviz_ogre_vendor/lib:/opt/ros/jazzy/lib/x86_64-linux-gnu:/opt/ros/jazzy/opt/gz_math_vendor/lib:/opt/ros/jazzy/opt/gz_utils_vendor/lib:/opt/ros/jazzy/opt/gz_cmake_vendor/lib:/opt/ros/jazzy/lib', 'HOME': '/home/dev', 'OLDPWD': '/', 'ROS_PYTHON_VERSION': '3', 'ROS_DISTRO': 'jazzy', '_': '/usr/bin/colcon', 'ROS_VERSION': '2', 'QT_X11_NO_MITSHM': '1', 'PATH': '/opt/ros/jazzy/bin:/usr/local/sbin:/usr/local/bin:/usr/sbin:/usr/bin:/sbin:/bin', 'DISPLAY': ':1', 'LANG': 'C.UTF-8', 'AMENT_PREFIX_PATH': '/home/dev/rmf_ws/install/traffic_editor_assets:/opt/ros/jazzy', 'SHELL': '/bin/bash', 'ROS_AUTOMATIC_DISCOVERY_RANGE': 'SUBNET', 'PWD': '/home/dev/rmf_ws/build/rmf_tests', 'LC_ALL': 'C.UTF-8', 'PYTHONPATH': '/home/dev/rmf_ws/build/rmf_tests/prefix_override:/usr/lib/python3/dist-packages/colcon_core/task/python/colcon_distutils_commands:/home/dev/rmf_ws/install/rmf_tests/lib/python3.12/site-packages:/opt/ros/jazzy/lib/python3.12/site-packages', 'COLCON': '1', 'CMAKE_PREFIX_PATH': '/home/dev/rmf_ws/install/traffic_editor_assets:/opt/ros/jazzy/opt/gz_math_vendor:/opt/ros/jazzy/opt/gz_utils_vendor:/opt/ros/jazzy/opt/gz_cmake_vendor'}, 'shell': False}
[1.501505] (-) TimerEvent: {}
[1.601664] (-) TimerEvent: {}
[1.701838] (-) TimerEvent: {}
[1.712272] (rmf_tests) StdoutLine: {'line': b'running develop\n'}
[1.801958] (-) TimerEvent: {}
[1.826355] (rmf_tests) StdoutLine: {'line': b'running egg_info\n'}
[1.826566] (rmf_tests) StdoutLine: {'line': b'creating rmf_tests.egg-info\n'}
[1.837375] (rmf_tests) StdoutLine: {'line': b'writing rmf_tests.egg-info/PKG-INFO\n'}
[1.837718] (rmf_tests) StdoutLine: {'line': b'writing dependency_links to rmf_tests.egg-info/dependency_links.txt\n'}
[1.838118] (rmf_tests) StdoutLine: {'line': b'writing entry points to rmf_tests.egg-info/entry_points.txt\n'}
[1.838282] (rmf_tests) StdoutLine: {'line': b'writing requirements to rmf_tests.egg-info/requires.txt\n'}
[1.838394] (rmf_tests) StdoutLine: {'line': b'writing top-level names to rmf_tests.egg-info/top_level.txt\n'}
[1.838501] (rmf_tests) StdoutLine: {'line': b"writing manifest file 'rmf_tests.egg-info/SOURCES.txt'\n"}
[1.860087] (rmf_tests) StdoutLine: {'line': b"reading manifest file 'rmf_tests.egg-info/SOURCES.txt'\n"}
[1.860460] (rmf_tests) StdoutLine: {'line': b"writing manifest file 'rmf_tests.egg-info/SOURCES.txt'\n"}
[1.873149] (rmf_tests) StdoutLine: {'line': b'running build_ext\n'}
[1.873765] (rmf_tests) StdoutLine: {'line': b'Creating /home/dev/rmf_ws/install/rmf_tests/lib/python3.12/site-packages/rmf-tests.egg-link (link to .)\n'}
[1.873997] (rmf_tests) StdoutLine: {'line': b'Installing test_navigation script to /home/dev/rmf_ws/install/rmf_tests/lib/rmf_tests\n'}
[1.874106] (rmf_tests) StdoutLine: {'line': b'\n'}
[1.874210] (rmf_tests) StdoutLine: {'line': b'Installed /home/dev/rmf_ws/build/rmf_tests\n'}
[1.874307] (rmf_tests) StdoutLine: {'line': b'running symlink_data\n'}
[1.874403] (rmf_tests) StdoutLine: {'line': b'creating /home/dev/rmf_ws/install/rmf_tests/share/ament_index\n'}
[1.874498] (rmf_tests) StdoutLine: {'line': b'creating /home/dev/rmf_ws/install/rmf_tests/share/ament_index/resource_index\n'}
[1.874590] (rmf_tests) StdoutLine: {'line': b'creating /home/dev/rmf_ws/install/rmf_tests/share/ament_index/resource_index/packages\n'}
[1.874680] (rmf_tests) StdoutLine: {'line': b'symbolically linking /home/dev/rmf_ws/build/rmf_tests/resource/rmf_tests -> /home/dev/rmf_ws/install/rmf_tests/share/ament_index/resource_index/packages\n'}
[1.874770] (rmf_tests) StdoutLine: {'line': b'symbolically linking /home/dev/rmf_ws/build/rmf_tests/package.xml -> /home/dev/rmf_ws/install/rmf_tests/share/rmf_tests\n'}
[1.901648] (rmf_tests) CommandEnded: {'returncode': 0}
[1.902022] (-) TimerEvent: {}
[1.908080] (rmf_tests) JobEnded: {'identifier': 'rmf_tests', 'rc': 0}
[2.002156] (-) TimerEvent: {}
[2.102357] (-) TimerEvent: {}
[2.202565] (-) TimerEvent: {}
[2.302783] (-) TimerEvent: {}
[2.403084] (-) TimerEvent: {}
[2.503288] (-) TimerEvent: {}
[2.603488] (-) TimerEvent: {}
[2.703924] (-) TimerEvent: {}
[2.804139] (-) TimerEvent: {}
[2.904345] (-) TimerEvent: {}
[3.004551] (-) TimerEvent: {}
[3.104738] (-) TimerEvent: {}
[3.204941] (-) TimerEvent: {}
[3.305162] (-) TimerEvent: {}
[3.405369] (-) TimerEvent: {}
[3.505582] (-) TimerEvent: {}
[3.605794] (-) TimerEvent: {}
[3.705993] (-) TimerEvent: {}
[3.806193] (-) TimerEvent: {}
[3.906406] (-) TimerEvent: {}
[4.006614] (-) TimerEvent: {}
[4.106815] (-) TimerEvent: {}
[4.207025] (-) TimerEvent: {}
[4.307231] (-) TimerEvent: {}
[4.407437] (-) TimerEvent: {}
[4.507643] (-) TimerEvent: {}
[4.607842] (-) TimerEvent: {}
[4.708052] (-) TimerEvent: {}
[4.808263] (-) TimerEvent: {}
[4.908482] (-) TimerEvent: {}
[5.008692] (-) TimerEvent: {}
[5.108907] (-) TimerEvent: {}
[5.209108] (-) TimerEvent: {}
[5.309335] (-) TimerEvent: {}
[5.409540] (-) TimerEvent: {}
[5.509747] (-) TimerEvent: {}
[5.609958] (-) TimerEvent: {}
[5.710159] (-) TimerEvent: {}
[5.810394] (-) TimerEvent: {}
[5.910604] (-) TimerEvent: {}
[6.011199] (-) TimerEvent: {}
[6.111404] (-) TimerEvent: {}
[6.211615] (-) TimerEvent: {}
[6.311823] (-) TimerEvent: {}
[6.412028] (-) TimerEvent: {}
[6.512241] (-) TimerEvent: {}
[6.612468] (-) TimerEvent: {}
[6.712734] (-) TimerEvent: {}
[6.812996] (-) TimerEvent: {}
[6.913205] (-) TimerEvent: {}
[7.013417] (-) TimerEvent: {}
[7.113623] (-) TimerEvent: {}
[7.213839] (-) TimerEvent: {}
[7.314041] (-) TimerEvent: {}
[7.414241] (-) TimerEvent: {}
[7.514438] (-) TimerEvent: {}
[7.614647] (-) TimerEvent: {}
[7.714842] (-) TimerEvent: {}
[7.815036] (-) TimerEvent: {}
[7.915234] (-) TimerEvent: {}
[8.015447] (-) TimerEvent: {}
[8.115615] (-) TimerEvent: {}
[8.215805] (-) TimerEvent: {}
[8.316000] (-) TimerEvent: {}
[8.416194] (-) TimerEvent: {}
[8.516400] (-) TimerEvent: {}
[8.617032] (-) TimerEvent: {}
[8.717235] (-) TimerEvent: {}
[8.817428] (-) TimerEvent: {}
[8.917621] (-) TimerEvent: {}
[9.017815] (-) TimerEvent: {}
[9.118008] (-) TimerEvent: {}
[9.218201] (-) TimerEvent: {}
[9.318395] (-) TimerEvent: {}
[9.418589] (-) TimerEvent: {}
[9.518781] (-) TimerEvent: {}
[9.618948] (-) TimerEvent: {}
[9.719156] (-) TimerEvent: {}
[9.820002] (-) TimerEvent: {}
[9.920199] (-) TimerEvent: {}
[10.021109] (-) TimerEvent: {}
[10.121315] (-) TimerEvent: {}
[10.221512] (-) TimerEvent: {}
[10.321679] (-) TimerEvent: {}
[10.421857] (-) TimerEvent: {}
[10.522061] (-) TimerEvent: {}
[10.622245] (-) TimerEvent: {}
[10.722451] (-) TimerEvent: {}
[10.822652] (-) TimerEvent: {}
[10.922853] (-) TimerEvent: {}
[11.023062] (-) TimerEvent: {}
[11.123284] (-) TimerEvent: {}
[11.223484] (-) TimerEvent: {}
[11.323694] (-) TimerEvent: {}
[11.375252] (robot_controller) StdoutLine: {'line': b'[100%] Linking CXX executable controller\n'}
[11.423823] (-) TimerEvent: {}
[11.524024] (-) TimerEvent: {}
[11.624224] (-) TimerEvent: {}
[11.724425] (-) TimerEvent: {}
[11.773403] (robot_controller) StdoutLine: {'line': b'[100%] Built target controller\n'}
[11.787131] (robot_controller) CommandEnded: {'returncode': 0}
[11.787707] (robot_controller) JobProgress: {'identifier': 'robot_controller', 'progress': 'install'}
[11.788021] (robot_controller) Command: {'cmd': ['/usr/bin/cmake', '--install', '/home/dev/rmf_ws/build/robot_controller'], 'cwd': '/home/dev/rmf_ws/build/robot_controller', 'env': OrderedDict({'HOSTNAME': 'legion5pro', 'SHLVL': '1', 'LD_LIBRARY_PATH': '/opt/ros/jazzy/opt/rviz_ogre_vendor/lib:/opt/ros/jazzy/lib/x86_64-linux-gnu:/opt/ros/jazzy/opt/gz_math_vendor/lib:/opt/ros/jazzy/opt/gz_utils_vendor/lib:/opt/ros/jazzy/opt/gz_cmake_vendor/lib:/opt/ros/jazzy/lib', 'HOME': '/home/dev', 'OLDPWD': '/', 'ROS_PYTHON_VERSION': '3', 'ROS_DISTRO': 'jazzy', '_': '/usr/bin/colcon', 'ROS_VERSION': '2', 'QT_X11_NO_MITSHM': '1', 'PATH': '/opt/ros/jazzy/bin:/usr/local/sbin:/usr/local/bin:/usr/sbin:/usr/bin:/sbin:/bin', 'DISPLAY': ':1', 'LANG': 'C.UTF-8', 'AMENT_PREFIX_PATH': '/opt/ros/jazzy', 'SHELL': '/bin/bash', 'ROS_AUTOMATIC_DISCOVERY_RANGE': 'SUBNET', 'PWD': '/home/dev/rmf_ws/build/robot_controller', 'LC_ALL': 'C.UTF-8', 'PYTHONPATH': '/opt/ros/jazzy/lib/python3.12/site-packages', 'COLCON': '1', 'CMAKE_PREFIX_PATH': '/opt/ros/jazzy/opt/gz_math_vendor:/opt/ros/jazzy/opt/gz_utils_vendor:/opt/ros/jazzy/opt/gz_cmake_vendor:/opt/ros/jazzy'}), 'shell': False}
[11.799385] (robot_controller) StdoutLine: {'line': b'-- Install configuration: ""\n'}
[11.799689] (robot_controller) StdoutLine: {'line': b'-- Execute custom install script\n'}
[11.799806] (robot_controller) StdoutLine: {'line': b'-- Symlinking: /home/dev/rmf_ws/install/robot_controller/lib/robot_controller/controller\n'}
[11.810622] (robot_controller) StdoutLine: {'line': b'-- Symlinking: /home/dev/rmf_ws/install/robot_controller/share/robot_controller/launch/controllers.launch.py\n'}
[11.824150] (robot_controller) StdoutLine: {'line': b'-- Symlinking: /home/dev/rmf_ws/install/robot_controller/share/ament_index/resource_index/package_run_dependencies/robot_controller\n'}
[11.824507] (-) TimerEvent: {}
[11.834915] (robot_controller) StdoutLine: {'line': b'-- Symlinking: /home/dev/rmf_ws/install/robot_controller/share/ament_index/resource_index/parent_prefix_path/robot_controller\n'}
[11.842376] (robot_controller) StdoutLine: {'line': b'-- Symlinking: /home/dev/rmf_ws/install/robot_controller/share/robot_controller/environment/ament_prefix_path.sh\n'}
[11.856235] (robot_controller) StdoutLine: {'line': b'-- Symlinking: /home/dev/rmf_ws/install/robot_controller/share/robot_controller/environment/ament_prefix_path.dsv\n'}
[11.869126] (robot_controller) StdoutLine: {'line': b'-- Symlinking: /home/dev/rmf_ws/install/robot_controller/share/robot_controller/environment/path.sh\n'}
[11.881248] (robot_controller) StdoutLine: {'line': b'-- Symlinking: /home/dev/rmf_ws/install/robot_controller/share/robot_controller/environment/path.dsv\n'}
[11.888146] (robot_controller) StdoutLine: {'line': b'-- Symlinking: /home/dev/rmf_ws/install/robot_controller/share/robot_controller/local_setup.bash\n'}
[11.903801] (robot_controller) StdoutLine: {'line': b'-- Symlinking: /home/dev/rmf_ws/install/robot_controller/share/robot_controller/local_setup.sh\n'}
[11.916615] (robot_controller) StdoutLine: {'line': b'-- Symlinking: /home/dev/rmf_ws/install/robot_controller/share/robot_controller/local_setup.zsh\n'}
[11.924628] (-) TimerEvent: {}
[11.929009] (robot_controller) StdoutLine: {'line': b'-- Symlinking: /home/dev/rmf_ws/install/robot_controller/share/robot_controller/local_setup.dsv\n'}
[11.939628] (robot_controller) StdoutLine: {'line': b'-- Symlinking: /home/dev/rmf_ws/install/robot_controller/share/robot_controller/package.dsv\n'}
[11.952454] (robot_controller) StdoutLine: {'line': b'-- Symlinking: /home/dev/rmf_ws/install/robot_controller/share/ament_index/resource_index/packages/robot_controller\n'}
[11.965531] (robot_controller) StdoutLine: {'line': b'-- Symlinking: /home/dev/rmf_ws/install/robot_controller/share/robot_controller/cmake/robot_controllerConfig.cmake\n'}
[11.972122] (robot_controller) StdoutLine: {'line': b'-- Symlinking: /home/dev/rmf_ws/install/robot_controller/share/robot_controller/cmake/robot_controllerConfig-version.cmake\n'}
[11.978874] (robot_controller) StdoutLine: {'line': b'-- Symlinking: /home/dev/rmf_ws/install/robot_controller/share/robot_controller/package.xml\n'}
[11.993216] (robot_controller) CommandEnded: {'returncode': 0}
[12.006300] (robot_controller) JobEnded: {'identifier': 'robot_controller', 'rc': 0}
[12.007190] (rmf_bringup) JobStarted: {'identifier': 'rmf_bringup'}
[12.024838] (-) TimerEvent: {}
[12.125020] (-) TimerEvent: {}
[12.225234] (-) TimerEvent: {}
[12.325427] (-) TimerEvent: {}
[12.425616] (-) TimerEvent: {}
[12.525802] (-) TimerEvent: {}
[12.553761] (rmf_bringup) Command: {'cmd': ['/usr/bin/python3', '-W', 'ignore:setup.py install is deprecated', '-W', 'ignore:easy_install command is deprecated', 'setup.py', 'develop', '--editable', '--build-directory', '/home/dev/rmf_ws/build/rmf_bringup/build', '--no-deps', 'symlink_data'], 'cwd': '/home/dev/rmf_ws/build/rmf_bringup', 'env': {'HOSTNAME': 'legion5pro', 'SHLVL': '1', 'LD_LIBRARY_PATH': '/opt/ros/jazzy/opt/rviz_ogre_vendor/lib:/opt/ros/jazzy/lib/x86_64-linux-gnu:/opt/ros/jazzy/opt/gz_math_vendor/lib:/opt/ros/jazzy/opt/gz_utils_vendor/lib:/opt/ros/jazzy/opt/gz_cmake_vendor/lib:/opt/ros/jazzy/lib', 'HOME': '/home/dev', 'OLDPWD': '/', 'ROS_PYTHON_VERSION': '3', 'ROS_DISTRO': 'jazzy', '_': '/usr/bin/colcon', 'ROS_VERSION': '2', 'QT_X11_NO_MITSHM': '1', 'PATH': '/opt/ros/jazzy/bin:/usr/local/sbin:/usr/local/bin:/usr/sbin:/usr/bin:/sbin:/bin', 'DISPLAY': ':1', 'LANG': 'C.UTF-8', 'AMENT_PREFIX_PATH': '/home/dev/rmf_ws/install/rmf_tests:/home/dev/rmf_ws/install/traffic_editor_assets:/home/dev/rmf_ws/install/robots_cv_sim:/home/dev/rmf_ws/install/robot_controller:/opt/ros/jazzy', 'SHELL': '/bin/bash', 'ROS_AUTOMATIC_DISCOVERY_RANGE': 'SUBNET', 'PWD': '/home/dev/rmf_ws/build/rmf_bringup', 'LC_ALL': 'C.UTF-8', 'PYTHONPATH': '/home/dev/rmf_ws/build/rmf_bringup/prefix_override:/usr/lib/python3/dist-packages/colcon_core/task/python/colcon_distutils_commands:/home/dev/rmf_ws/install/rmf_bringup/lib/python3.12/site-packages:/home/dev/rmf_ws/build/rmf_tests:/home/dev/rmf_ws/install/rmf_tests/lib/python3.12/site-packages:/home/dev/rmf_ws/build/robots_cv_sim:/home/dev/rmf_ws/install/robots_cv_sim/lib/python3.12/site-packages:/opt/ros/jazzy/lib/python3.12/site-packages', 'COLCON': '1', 'CMAKE_PREFIX_PATH': '/home/dev/rmf_ws/install/traffic_editor_assets:/home/dev/rmf_ws/install/robot_controller:/opt/ros/jazzy/opt/gz_math_vendor:/opt/ros/jazzy/opt/gz_utils_vendor:/opt/ros/jazzy/opt/gz_cmake_vendor'}, 'shell': False}
[12.625933] (-) TimerEvent: {}
[12.726128] (-) TimerEvent: {}
[12.770628] (rmf_bringup) StdoutLine: {'line': b'running develop\n'}
[12.826250] (-) TimerEvent: {}
[12.885275] (rmf_bringup) StdoutLine: {'line': b'running egg_info\n'}
[12.885519] (rmf_bringup) StdoutLine: {'line': b'creating rmf_bringup.egg-info\n'}
[12.895654] (rmf_bringup) StdoutLine: {'line': b'writing rmf_bringup.egg-info/PKG-INFO\n'}
[12.896017] (rmf_bringup) StdoutLine: {'line': b'writing dependency_links to rmf_bringup.egg-info/dependency_links.txt\n'}
[12.896135] (rmf_bringup) StdoutLine: {'line': b'writing requirements to rmf_bringup.egg-info/requires.txt\n'}
[12.896241] (rmf_bringup) StdoutLine: {'line': b'writing top-level names to rmf_bringup.egg-info/top_level.txt\n'}
[12.896338] (rmf_bringup) StdoutLine: {'line': b"writing manifest file 'rmf_bringup.egg-info/SOURCES.txt'\n"}
[12.917521] (rmf_bringup) StdoutLine: {'line': b"reading manifest file 'rmf_bringup.egg-info/SOURCES.txt'\n"}
[12.917935] (rmf_bringup) StdoutLine: {'line': b"writing manifest file 'rmf_bringup.egg-info/SOURCES.txt'\n"}
[12.926356] (-) TimerEvent: {}
[12.929380] (rmf_bringup) StdoutLine: {'line': b'running build_ext\n'}
[12.929557] (rmf_bringup) StdoutLine: {'line': b'Creating /home/dev/rmf_ws/install/rmf_bringup/lib/python3.12/site-packages/rmf-bringup.egg-link (link to .)\n'}
[12.929921] (rmf_bringup) StdoutLine: {'line': b'\n'}
[12.930402] (rmf_bringup) StdoutLine: {'line': b'Installed /home/dev/rmf_ws/build/rmf_bringup\n'}
[12.930642] (rmf_bringup) StdoutLine: {'line': b'running symlink_data\n'}
[12.930746] (rmf_bringup) StdoutLine: {'line': b'creating /home/dev/rmf_ws/install/rmf_bringup/share/ament_index\n'}
[12.930843] (rmf_bringup) StdoutLine: {'line': b'creating /home/dev/rmf_ws/install/rmf_bringup/share/ament_index/resource_index\n'}
[12.930944] (rmf_bringup) StdoutLine: {'line': b'creating /home/dev/rmf_ws/install/rmf_bringup/share/ament_index/resource_index/packages\n'}
[12.931096] (rmf_bringup) StdoutLine: {'line': b'symbolically linking /home/dev/rmf_ws/build/rmf_bringup/resource/rmf_bringup -> /home/dev/rmf_ws/install/rmf_bringup/share/ament_index/resource_index/packages\n'}
[12.931209] (rmf_bringup) StdoutLine: {'line': b'symbolically linking /home/dev/rmf_ws/build/rmf_bringup/package.xml -> /home/dev/rmf_ws/install/rmf_bringup/share/rmf_bringup\n'}
[12.931308] (rmf_bringup) StdoutLine: {'line': b'creating /home/dev/rmf_ws/install/rmf_bringup/share/rmf_bringup/launch\n'}
[12.931399] (rmf_bringup) StdoutLine: {'line': b'symbolically linking /home/dev/rmf_ws/build/rmf_bringup/launch/bringup.launch.py -> /home/dev/rmf_ws/install/rmf_bringup/share/rmf_bringup/launch\n'}
[12.931492] (rmf_bringup) StdoutLine: {'line': b'creating /home/dev/rmf_ws/install/rmf_bringup/share/rmf_bringup/scripts\n'}
[12.931583] (rmf_bringup) StdoutLine: {'line': b'symbolically linking /home/dev/rmf_ws/build/rmf_bringup/scripts/generate_fleet_config.py -> /home/dev/rmf_ws/install/rmf_bringup/share/rmf_bringup/scripts\n'}
[12.931675] (rmf_bringup) StdoutLine: {'line': b'symbolically linking /home/dev/rmf_ws/build/rmf_bringup/scripts/generate_nav_graph.py -> /home/dev/rmf_ws/install/rmf_bringup/share/rmf_bringup/scripts\n'}
[12.951380] (rmf_bringup) CommandEnded: {'returncode': 0}
[12.959657] (rmf_bringup) JobEnded: {'identifier': 'rmf_bringup', 'rc': 0}
[12.960230] (-) EventReactorShutdown: {}
