[0.082s] DEBUG:colcon:Command line arguments: ['/usr/bin/colcon', 'build', '--symlink-install']
[0.082s] DEBUG:colcon:Parsed command line arguments: Namespace(log_base=None, log_level=None, verb_name='build', build_base='build', install_base='install', merge_install=False, symlink_install=True, test_result_base=None, continue_on_error=False, executor='parallel', parallel_workers=16, event_handlers=None, ignore_user_meta=False, metas=['./colcon.meta'], base_paths=['.'], packages_ignore=None, packages_ignore_regex=None, paths=None, packages_up_to=None, packages_up_to_regex=None, packages_above=None, packages_above_and_dependencies=None, packages_above_depth=None, packages_select_by_dep=None, packages_skip_by_dep=None, packages_skip_up_to=None, packages_select_build_failed=False, packages_skip_build_finished=False, packages_select_test_failures=False, packages_skip_test_passed=False, packages_select=None, packages_skip=None, packages_select_regex=None, packages_skip_regex=None, packages_start=None, packages_end=None, cmake_args=None, cmake_target=None, cmake_target_skip_unavailable=False, cmake_clean_cache=False, cmake_clean_first=False, cmake_force_configure=False, ament_cmake_args=None, catkin_cmake_args=None, catkin_skip_building_tests=False, mixin_files=None, mixin=None, verb_parser=<colcon_mixin.mixin.mixin_argument.MixinArgumentDecorator object at 0x7f3ec16fbe00>, verb_extension=<colcon_core.verb.build.BuildVerb object at 0x7f3ec16fb080>, main=<bound method BuildVerb.main of <colcon_core.verb.build.BuildVerb object at 0x7f3ec16fb080>>, mixin_verb=('build',))
[0.114s] Level 1:colcon.colcon_core.package_discovery:discover_packages(colcon_meta) check parameters
[0.115s] Level 1:colcon.colcon_core.package_discovery:discover_packages(recursive) check parameters
[0.115s] Level 1:colcon.colcon_core.package_discovery:discover_packages(ignore) check parameters
[0.115s] Level 1:colcon.colcon_core.package_discovery:discover_packages(path) check parameters
[0.115s] Level 1:colcon.colcon_core.package_discovery:discover_packages(colcon_meta) discover
[0.115s] Level 1:colcon.colcon_core.package_discovery:discover_packages(recursive) discover
[0.115s] INFO:colcon.colcon_core.package_discovery:Crawling recursively for packages in '/home/dev/rmf_ws'
[0.115s] Level 1:colcon.colcon_core.package_identification:_identify(.) by extensions ['ignore', 'ignore_ament_install']
[0.115s] Level 1:colcon.colcon_core.package_identification:_identify(.) by extension 'ignore'
[0.115s] Level 1:colcon.colcon_core.package_identification:_identify(.) by extension 'ignore_ament_install'
[0.115s] Level 1:colcon.colcon_core.package_identification:_identify(.) by extensions ['colcon_pkg']
[0.115s] Level 1:colcon.colcon_core.package_identification:_identify(.) by extension 'colcon_pkg'
[0.115s] Level 1:colcon.colcon_core.package_identification:_identify(.) by extensions ['colcon_meta']
[0.115s] Level 1:colcon.colcon_core.package_identification:_identify(.) by extension 'colcon_meta'
[0.115s] Level 1:colcon.colcon_core.package_identification:_identify(.) by extensions ['ros']
[0.115s] Level 1:colcon.colcon_core.package_identification:_identify(.) by extension 'ros'
[0.134s] Level 1:colcon.colcon_core.package_identification:_identify(.) by extensions ['cmake', 'python']
[0.134s] Level 1:colcon.colcon_core.package_identification:_identify(.) by extension 'cmake'
[0.134s] Level 1:colcon.colcon_core.package_identification:_identify(.) by extension 'python'
[0.134s] Level 1:colcon.colcon_core.package_identification:_identify(.) by extensions ['python_setup_py']
[0.134s] Level 1:colcon.colcon_core.package_identification:_identify(.) by extension 'python_setup_py'
[0.134s] Level 1:colcon.colcon_core.package_identification:_identify(build) by extensions ['ignore', 'ignore_ament_install']
[0.134s] Level 1:colcon.colcon_core.package_identification:_identify(build) by extension 'ignore'
[0.134s] Level 1:colcon.colcon_core.package_identification:_identify(build) ignored
[0.134s] Level 1:colcon.colcon_core.package_identification:_identify(install) by extensions ['ignore', 'ignore_ament_install']
[0.134s] Level 1:colcon.colcon_core.package_identification:_identify(install) by extension 'ignore'
[0.134s] Level 1:colcon.colcon_core.package_identification:_identify(install) ignored
[0.134s] Level 1:colcon.colcon_core.package_identification:_identify(log) by extensions ['ignore', 'ignore_ament_install']
[0.134s] Level 1:colcon.colcon_core.package_identification:_identify(log) by extension 'ignore'
[0.134s] Level 1:colcon.colcon_core.package_identification:_identify(log) ignored
[0.135s] Level 1:colcon.colcon_core.package_identification:_identify(src) by extensions ['ignore', 'ignore_ament_install']
[0.135s] Level 1:colcon.colcon_core.package_identification:_identify(src) by extension 'ignore'
[0.135s] Level 1:colcon.colcon_core.package_identification:_identify(src) by extension 'ignore_ament_install'
[0.135s] Level 1:colcon.colcon_core.package_identification:_identify(src) by extensions ['colcon_pkg']
[0.135s] Level 1:colcon.colcon_core.package_identification:_identify(src) by extension 'colcon_pkg'
[0.135s] Level 1:colcon.colcon_core.package_identification:_identify(src) by extensions ['colcon_meta']
[0.135s] Level 1:colcon.colcon_core.package_identification:_identify(src) by extension 'colcon_meta'
[0.135s] Level 1:colcon.colcon_core.package_identification:_identify(src) by extensions ['ros']
[0.135s] Level 1:colcon.colcon_core.package_identification:_identify(src) by extension 'ros'
[0.135s] Level 1:colcon.colcon_core.package_identification:_identify(src) by extensions ['cmake', 'python']
[0.135s] Level 1:colcon.colcon_core.package_identification:_identify(src) by extension 'cmake'
[0.135s] Level 1:colcon.colcon_core.package_identification:_identify(src) by extension 'python'
[0.135s] Level 1:colcon.colcon_core.package_identification:_identify(src) by extensions ['python_setup_py']
[0.135s] Level 1:colcon.colcon_core.package_identification:_identify(src) by extension 'python_setup_py'
[0.135s] Level 1:colcon.colcon_core.package_identification:_identify(src/rmf_bringup) by extensions ['ignore', 'ignore_ament_install']
[0.135s] Level 1:colcon.colcon_core.package_identification:_identify(src/rmf_bringup) by extension 'ignore'
[0.135s] Level 1:colcon.colcon_core.package_identification:_identify(src/rmf_bringup) by extension 'ignore_ament_install'
[0.135s] Level 1:colcon.colcon_core.package_identification:_identify(src/rmf_bringup) by extensions ['colcon_pkg']
[0.135s] Level 1:colcon.colcon_core.package_identification:_identify(src/rmf_bringup) by extension 'colcon_pkg'
[0.135s] Level 1:colcon.colcon_core.package_identification:_identify(src/rmf_bringup) by extensions ['colcon_meta']
[0.135s] Level 1:colcon.colcon_core.package_identification:_identify(src/rmf_bringup) by extension 'colcon_meta'
[0.135s] Level 1:colcon.colcon_core.package_identification:_identify(src/rmf_bringup) by extensions ['ros']
[0.135s] Level 1:colcon.colcon_core.package_identification:_identify(src/rmf_bringup) by extension 'ros'
[0.137s] DEBUG:colcon.colcon_core.package_identification:Package 'src/rmf_bringup' with type 'ros.ament_python' and name 'rmf_bringup'
[0.137s] Level 1:colcon.colcon_core.package_identification:_identify(src/rmf_tests) by extensions ['ignore', 'ignore_ament_install']
[0.137s] Level 1:colcon.colcon_core.package_identification:_identify(src/rmf_tests) by extension 'ignore'
[0.137s] Level 1:colcon.colcon_core.package_identification:_identify(src/rmf_tests) by extension 'ignore_ament_install'
[0.137s] Level 1:colcon.colcon_core.package_identification:_identify(src/rmf_tests) by extensions ['colcon_pkg']
[0.137s] Level 1:colcon.colcon_core.package_identification:_identify(src/rmf_tests) by extension 'colcon_pkg'
[0.137s] Level 1:colcon.colcon_core.package_identification:_identify(src/rmf_tests) by extensions ['colcon_meta']
[0.138s] Level 1:colcon.colcon_core.package_identification:_identify(src/rmf_tests) by extension 'colcon_meta'
[0.138s] Level 1:colcon.colcon_core.package_identification:_identify(src/rmf_tests) by extensions ['ros']
[0.138s] Level 1:colcon.colcon_core.package_identification:_identify(src/rmf_tests) by extension 'ros'
[0.138s] DEBUG:colcon.colcon_core.package_identification:Package 'src/rmf_tests' with type 'ros.ament_python' and name 'rmf_tests'
[0.138s] Level 1:colcon.colcon_core.package_identification:_identify(src/robot_controller) by extensions ['ignore', 'ignore_ament_install']
[0.138s] Level 1:colcon.colcon_core.package_identification:_identify(src/robot_controller) by extension 'ignore'
[0.138s] Level 1:colcon.colcon_core.package_identification:_identify(src/robot_controller) by extension 'ignore_ament_install'
[0.138s] Level 1:colcon.colcon_core.package_identification:_identify(src/robot_controller) by extensions ['colcon_pkg']
[0.138s] Level 1:colcon.colcon_core.package_identification:_identify(src/robot_controller) by extension 'colcon_pkg'
[0.138s] Level 1:colcon.colcon_core.package_identification:_identify(src/robot_controller) by extensions ['colcon_meta']
[0.138s] Level 1:colcon.colcon_core.package_identification:_identify(src/robot_controller) by extension 'colcon_meta'
[0.138s] Level 1:colcon.colcon_core.package_identification:_identify(src/robot_controller) by extensions ['ros']
[0.138s] Level 1:colcon.colcon_core.package_identification:_identify(src/robot_controller) by extension 'ros'
[0.139s] DEBUG:colcon.colcon_core.package_identification:Package 'src/robot_controller' with type 'ros.ament_cmake' and name 'robot_controller'
[0.139s] Level 1:colcon.colcon_core.package_identification:_identify(src/robots_cv_sim) by extensions ['ignore', 'ignore_ament_install']
[0.139s] Level 1:colcon.colcon_core.package_identification:_identify(src/robots_cv_sim) by extension 'ignore'
[0.139s] Level 1:colcon.colcon_core.package_identification:_identify(src/robots_cv_sim) by extension 'ignore_ament_install'
[0.139s] Level 1:colcon.colcon_core.package_identification:_identify(src/robots_cv_sim) by extensions ['colcon_pkg']
[0.139s] Level 1:colcon.colcon_core.package_identification:_identify(src/robots_cv_sim) by extension 'colcon_pkg'
[0.139s] Level 1:colcon.colcon_core.package_identification:_identify(src/robots_cv_sim) by extensions ['colcon_meta']
[0.139s] Level 1:colcon.colcon_core.package_identification:_identify(src/robots_cv_sim) by extension 'colcon_meta'
[0.139s] Level 1:colcon.colcon_core.package_identification:_identify(src/robots_cv_sim) by extensions ['ros']
[0.139s] Level 1:colcon.colcon_core.package_identification:_identify(src/robots_cv_sim) by extension 'ros'
[0.140s] DEBUG:colcon.colcon_core.package_identification:Package 'src/robots_cv_sim' with type 'ros.ament_python' and name 'robots_cv_sim'
[0.140s] Level 1:colcon.colcon_core.package_identification:_identify(src/traffic_editor_assets) by extensions ['ignore', 'ignore_ament_install']
[0.140s] Level 1:colcon.colcon_core.package_identification:_identify(src/traffic_editor_assets) by extension 'ignore'
[0.140s] Level 1:colcon.colcon_core.package_identification:_identify(src/traffic_editor_assets) by extension 'ignore_ament_install'
[0.140s] Level 1:colcon.colcon_core.package_identification:_identify(src/traffic_editor_assets) by extensions ['colcon_pkg']
[0.140s] Level 1:colcon.colcon_core.package_identification:_identify(src/traffic_editor_assets) by extension 'colcon_pkg'
[0.140s] Level 1:colcon.colcon_core.package_identification:_identify(src/traffic_editor_assets) by extensions ['colcon_meta']
[0.140s] Level 1:colcon.colcon_core.package_identification:_identify(src/traffic_editor_assets) by extension 'colcon_meta'
[0.140s] Level 1:colcon.colcon_core.package_identification:_identify(src/traffic_editor_assets) by extensions ['ros']
[0.140s] Level 1:colcon.colcon_core.package_identification:_identify(src/traffic_editor_assets) by extension 'ros'
[0.140s] DEBUG:colcon.colcon_core.package_identification:Package 'src/traffic_editor_assets' with type 'ros.ament_cmake' and name 'traffic_editor_assets'
[0.140s] Level 1:colcon.colcon_core.package_discovery:discover_packages(recursive) using defaults
[0.140s] Level 1:colcon.colcon_core.package_discovery:discover_packages(ignore) discover
[0.140s] Level 1:colcon.colcon_core.package_discovery:discover_packages(ignore) using defaults
[0.140s] Level 1:colcon.colcon_core.package_discovery:discover_packages(path) discover
[0.140s] Level 1:colcon.colcon_core.package_discovery:discover_packages(path) using defaults
[0.154s] Level 5:colcon.colcon_core.verb:set package 'robot_controller' build argument 'cmake_args' from command line to 'None'
[0.154s] Level 5:colcon.colcon_core.verb:set package 'robot_controller' build argument 'cmake_target' from command line to 'None'
[0.154s] Level 5:colcon.colcon_core.verb:set package 'robot_controller' build argument 'cmake_target_skip_unavailable' from command line to 'False'
[0.154s] Level 5:colcon.colcon_core.verb:set package 'robot_controller' build argument 'cmake_clean_cache' from command line to 'False'
[0.154s] Level 5:colcon.colcon_core.verb:set package 'robot_controller' build argument 'cmake_clean_first' from command line to 'False'
[0.154s] Level 5:colcon.colcon_core.verb:set package 'robot_controller' build argument 'cmake_force_configure' from command line to 'False'
[0.154s] Level 5:colcon.colcon_core.verb:set package 'robot_controller' build argument 'ament_cmake_args' from command line to 'None'
[0.154s] Level 5:colcon.colcon_core.verb:set package 'robot_controller' build argument 'catkin_cmake_args' from command line to 'None'
[0.154s] Level 5:colcon.colcon_core.verb:set package 'robot_controller' build argument 'catkin_skip_building_tests' from command line to 'False'
[0.154s] DEBUG:colcon.colcon_core.verb:Building package 'robot_controller' with the following arguments: {'ament_cmake_args': None, 'build_base': '/home/dev/rmf_ws/build/robot_controller', 'catkin_cmake_args': None, 'catkin_skip_building_tests': False, 'cmake_args': None, 'cmake_clean_cache': False, 'cmake_clean_first': False, 'cmake_force_configure': False, 'cmake_target': None, 'cmake_target_skip_unavailable': False, 'install_base': '/home/dev/rmf_ws/install/robot_controller', 'merge_install': False, 'path': '/home/dev/rmf_ws/src/robot_controller', 'symlink_install': True, 'test_result_base': None}
[0.154s] Level 5:colcon.colcon_core.verb:set package 'robots_cv_sim' build argument 'cmake_args' from command line to 'None'
[0.154s] Level 5:colcon.colcon_core.verb:set package 'robots_cv_sim' build argument 'cmake_target' from command line to 'None'
[0.154s] Level 5:colcon.colcon_core.verb:set package 'robots_cv_sim' build argument 'cmake_target_skip_unavailable' from command line to 'False'
[0.154s] Level 5:colcon.colcon_core.verb:set package 'robots_cv_sim' build argument 'cmake_clean_cache' from command line to 'False'
[0.154s] Level 5:colcon.colcon_core.verb:set package 'robots_cv_sim' build argument 'cmake_clean_first' from command line to 'False'
[0.154s] Level 5:colcon.colcon_core.verb:set package 'robots_cv_sim' build argument 'cmake_force_configure' from command line to 'False'
[0.154s] Level 5:colcon.colcon_core.verb:set package 'robots_cv_sim' build argument 'ament_cmake_args' from command line to 'None'
[0.154s] Level 5:colcon.colcon_core.verb:set package 'robots_cv_sim' build argument 'catkin_cmake_args' from command line to 'None'
[0.154s] Level 5:colcon.colcon_core.verb:set package 'robots_cv_sim' build argument 'catkin_skip_building_tests' from command line to 'False'
[0.154s] DEBUG:colcon.colcon_core.verb:Building package 'robots_cv_sim' with the following arguments: {'ament_cmake_args': None, 'build_base': '/home/dev/rmf_ws/build/robots_cv_sim', 'catkin_cmake_args': None, 'catkin_skip_building_tests': False, 'cmake_args': None, 'cmake_clean_cache': False, 'cmake_clean_first': False, 'cmake_force_configure': False, 'cmake_target': None, 'cmake_target_skip_unavailable': False, 'install_base': '/home/dev/rmf_ws/install/robots_cv_sim', 'merge_install': False, 'path': '/home/dev/rmf_ws/src/robots_cv_sim', 'symlink_install': True, 'test_result_base': None}
[0.155s] Level 5:colcon.colcon_core.verb:set package 'traffic_editor_assets' build argument 'cmake_args' from command line to 'None'
[0.155s] Level 5:colcon.colcon_core.verb:set package 'traffic_editor_assets' build argument 'cmake_target' from command line to 'None'
[0.155s] Level 5:colcon.colcon_core.verb:set package 'traffic_editor_assets' build argument 'cmake_target_skip_unavailable' from command line to 'False'
[0.155s] Level 5:colcon.colcon_core.verb:set package 'traffic_editor_assets' build argument 'cmake_clean_cache' from command line to 'False'
[0.155s] Level 5:colcon.colcon_core.verb:set package 'traffic_editor_assets' build argument 'cmake_clean_first' from command line to 'False'
[0.155s] Level 5:colcon.colcon_core.verb:set package 'traffic_editor_assets' build argument 'cmake_force_configure' from command line to 'False'
[0.155s] Level 5:colcon.colcon_core.verb:set package 'traffic_editor_assets' build argument 'ament_cmake_args' from command line to 'None'
[0.155s] Level 5:colcon.colcon_core.verb:set package 'traffic_editor_assets' build argument 'catkin_cmake_args' from command line to 'None'
[0.155s] Level 5:colcon.colcon_core.verb:set package 'traffic_editor_assets' build argument 'catkin_skip_building_tests' from command line to 'False'
[0.155s] DEBUG:colcon.colcon_core.verb:Building package 'traffic_editor_assets' with the following arguments: {'ament_cmake_args': None, 'build_base': '/home/dev/rmf_ws/build/traffic_editor_assets', 'catkin_cmake_args': None, 'catkin_skip_building_tests': False, 'cmake_args': None, 'cmake_clean_cache': False, 'cmake_clean_first': False, 'cmake_force_configure': False, 'cmake_target': None, 'cmake_target_skip_unavailable': False, 'install_base': '/home/dev/rmf_ws/install/traffic_editor_assets', 'merge_install': False, 'path': '/home/dev/rmf_ws/src/traffic_editor_assets', 'symlink_install': True, 'test_result_base': None}
[0.155s] Level 5:colcon.colcon_core.verb:set package 'rmf_tests' build argument 'cmake_args' from command line to 'None'
[0.155s] Level 5:colcon.colcon_core.verb:set package 'rmf_tests' build argument 'cmake_target' from command line to 'None'
[0.155s] Level 5:colcon.colcon_core.verb:set package 'rmf_tests' build argument 'cmake_target_skip_unavailable' from command line to 'False'
[0.155s] Level 5:colcon.colcon_core.verb:set package 'rmf_tests' build argument 'cmake_clean_cache' from command line to 'False'
[0.155s] Level 5:colcon.colcon_core.verb:set package 'rmf_tests' build argument 'cmake_clean_first' from command line to 'False'
[0.155s] Level 5:colcon.colcon_core.verb:set package 'rmf_tests' build argument 'cmake_force_configure' from command line to 'False'
[0.155s] Level 5:colcon.colcon_core.verb:set package 'rmf_tests' build argument 'ament_cmake_args' from command line to 'None'
[0.155s] Level 5:colcon.colcon_core.verb:set package 'rmf_tests' build argument 'catkin_cmake_args' from command line to 'None'
[0.155s] Level 5:colcon.colcon_core.verb:set package 'rmf_tests' build argument 'catkin_skip_building_tests' from command line to 'False'
[0.155s] DEBUG:colcon.colcon_core.verb:Building package 'rmf_tests' with the following arguments: {'ament_cmake_args': None, 'build_base': '/home/dev/rmf_ws/build/rmf_tests', 'catkin_cmake_args': None, 'catkin_skip_building_tests': False, 'cmake_args': None, 'cmake_clean_cache': False, 'cmake_clean_first': False, 'cmake_force_configure': False, 'cmake_target': None, 'cmake_target_skip_unavailable': False, 'install_base': '/home/dev/rmf_ws/install/rmf_tests', 'merge_install': False, 'path': '/home/dev/rmf_ws/src/rmf_tests', 'symlink_install': True, 'test_result_base': None}
[0.155s] Level 5:colcon.colcon_core.verb:set package 'rmf_bringup' build argument 'cmake_args' from command line to 'None'
[0.155s] Level 5:colcon.colcon_core.verb:set package 'rmf_bringup' build argument 'cmake_target' from command line to 'None'
[0.155s] Level 5:colcon.colcon_core.verb:set package 'rmf_bringup' build argument 'cmake_target_skip_unavailable' from command line to 'False'
[0.155s] Level 5:colcon.colcon_core.verb:set package 'rmf_bringup' build argument 'cmake_clean_cache' from command line to 'False'
[0.155s] Level 5:colcon.colcon_core.verb:set package 'rmf_bringup' build argument 'cmake_clean_first' from command line to 'False'
[0.155s] Level 5:colcon.colcon_core.verb:set package 'rmf_bringup' build argument 'cmake_force_configure' from command line to 'False'
[0.155s] Level 5:colcon.colcon_core.verb:set package 'rmf_bringup' build argument 'ament_cmake_args' from command line to 'None'
[0.155s] Level 5:colcon.colcon_core.verb:set package 'rmf_bringup' build argument 'catkin_cmake_args' from command line to 'None'
[0.155s] Level 5:colcon.colcon_core.verb:set package 'rmf_bringup' build argument 'catkin_skip_building_tests' from command line to 'False'
[0.155s] DEBUG:colcon.colcon_core.verb:Building package 'rmf_bringup' with the following arguments: {'ament_cmake_args': None, 'build_base': '/home/dev/rmf_ws/build/rmf_bringup', 'catkin_cmake_args': None, 'catkin_skip_building_tests': False, 'cmake_args': None, 'cmake_clean_cache': False, 'cmake_clean_first': False, 'cmake_force_configure': False, 'cmake_target': None, 'cmake_target_skip_unavailable': False, 'install_base': '/home/dev/rmf_ws/install/rmf_bringup', 'merge_install': False, 'path': '/home/dev/rmf_ws/src/rmf_bringup', 'symlink_install': True, 'test_result_base': None}
[0.155s] INFO:colcon.colcon_core.executor:Executing jobs using 'parallel' executor
[0.156s] DEBUG:colcon.colcon_parallel_executor.executor.parallel:run_until_complete
[0.156s] INFO:colcon.colcon_ros.task.ament_cmake.build:Building ROS package in '/home/dev/rmf_ws/src/traffic_editor_assets' with build type 'ament_cmake'
[0.156s] INFO:colcon.colcon_cmake.task.cmake.build:Building CMake package in '/home/dev/rmf_ws/src/traffic_editor_assets'
[0.158s] INFO:colcon.colcon_core.plugin_system:Skipping extension 'colcon_core.shell.bat': Not used on non-Windows systems
[0.158s] INFO:colcon.colcon_core.shell:Skip shell extension 'powershell' for command environment: Not usable outside of PowerShell
[0.158s] DEBUG:colcon.colcon_core.shell:Skip shell extension 'dsv' for command environment
[0.161s] INFO:colcon.colcon_ros.task.ament_cmake.build:Building ROS package in '/home/dev/rmf_ws/src/robot_controller' with build type 'ament_cmake'
[0.162s] INFO:colcon.colcon_cmake.task.cmake.build:Building CMake package in '/home/dev/rmf_ws/src/robot_controller'
[0.162s] INFO:colcon.colcon_core.shell:Skip shell extension 'powershell' for command environment: Not usable outside of PowerShell
[0.162s] DEBUG:colcon.colcon_core.shell:Skip shell extension 'dsv' for command environment
[0.164s] INFO:colcon.colcon_ros.task.ament_python.build:Building ROS package in '/home/dev/rmf_ws/src/robots_cv_sim' with build type 'ament_python'
[0.164s] Level 1:colcon.colcon_core.shell:create_environment_hook('robots_cv_sim', 'ament_prefix_path')
[0.164s] INFO:colcon.colcon_core.shell:Creating environment hook '/home/dev/rmf_ws/install/robots_cv_sim/share/robots_cv_sim/hook/ament_prefix_path.ps1'
[0.165s] INFO:colcon.colcon_core.shell:Creating environment descriptor '/home/dev/rmf_ws/install/robots_cv_sim/share/robots_cv_sim/hook/ament_prefix_path.dsv'
[0.165s] INFO:colcon.colcon_core.shell:Creating environment hook '/home/dev/rmf_ws/install/robots_cv_sim/share/robots_cv_sim/hook/ament_prefix_path.sh'
[0.165s] INFO:colcon.colcon_core.shell:Skip shell extension 'powershell' for command environment: Not usable outside of PowerShell
[0.165s] DEBUG:colcon.colcon_core.shell:Skip shell extension 'dsv' for command environment
[0.169s] DEBUG:colcon.colcon_core.event_handler.log_command:Invoking command in '/home/dev/rmf_ws/build/traffic_editor_assets': CMAKE_PREFIX_PATH=${CMAKE_PREFIX_PATH}:/opt/ros/jazzy /usr/bin/cmake /home/dev/rmf_ws/src/traffic_editor_assets -DAMENT_CMAKE_SYMLINK_INSTALL=1 -DCMAKE_INSTALL_PREFIX=/home/dev/rmf_ws/install/traffic_editor_assets
[0.170s] DEBUG:colcon.colcon_core.event_handler.log_command:Invoking command in '/home/dev/rmf_ws/build/robot_controller': CMAKE_PREFIX_PATH=${CMAKE_PREFIX_PATH}:/opt/ros/jazzy /usr/bin/cmake /home/dev/rmf_ws/src/robot_controller -DAMENT_CMAKE_SYMLINK_INSTALL=1 -DCMAKE_INSTALL_PREFIX=/home/dev/rmf_ws/install/robot_controller
[0.318s] INFO:colcon.colcon_core.task.python.build:Building Python package in '/home/dev/rmf_ws/src/robots_cv_sim'
[0.319s] INFO:colcon.colcon_core.shell:Skip shell extension 'powershell' for command environment: Not usable outside of PowerShell
[0.319s] DEBUG:colcon.colcon_core.shell:Skip shell extension 'dsv' for command environment
[0.731s] DEBUG:colcon.colcon_core.event_handler.log_command:Invoking command in '/home/dev/rmf_ws/build/robots_cv_sim': PYTHONPATH=/home/dev/rmf_ws/build/robots_cv_sim/prefix_override:/usr/lib/python3/dist-packages/colcon_core/task/python/colcon_distutils_commands:/home/dev/rmf_ws/install/robots_cv_sim/lib/python3.12/site-packages:${PYTHONPATH} /usr/bin/python3 -W ignore:setup.py install is deprecated -W ignore:easy_install command is deprecated setup.py develop --editable --build-directory /home/dev/rmf_ws/build/robots_cv_sim/build --no-deps symlink_data
[0.806s] DEBUG:colcon.colcon_core.event_handler.log_command:Invoked command in '/home/dev/rmf_ws/build/traffic_editor_assets' returned '0': CMAKE_PREFIX_PATH=${CMAKE_PREFIX_PATH}:/opt/ros/jazzy /usr/bin/cmake /home/dev/rmf_ws/src/traffic_editor_assets -DAMENT_CMAKE_SYMLINK_INSTALL=1 -DCMAKE_INSTALL_PREFIX=/home/dev/rmf_ws/install/traffic_editor_assets
[0.807s] DEBUG:colcon.colcon_core.event_handler.log_command:Invoking command in '/home/dev/rmf_ws/build/traffic_editor_assets': CMAKE_PREFIX_PATH=${CMAKE_PREFIX_PATH}:/opt/ros/jazzy /usr/bin/cmake --build /home/dev/rmf_ws/build/traffic_editor_assets -- -j16 -l16
[0.853s] DEBUG:colcon.colcon_core.event_handler.log_command:Invoked command in '/home/dev/rmf_ws/build/traffic_editor_assets' returned '0': CMAKE_PREFIX_PATH=${CMAKE_PREFIX_PATH}:/opt/ros/jazzy /usr/bin/cmake --build /home/dev/rmf_ws/build/traffic_editor_assets -- -j16 -l16
[0.866s] DEBUG:colcon.colcon_core.event_handler.log_command:Invoking command in '/home/dev/rmf_ws/build/traffic_editor_assets': CMAKE_PREFIX_PATH=${CMAKE_PREFIX_PATH}:/opt/ros/jazzy /usr/bin/cmake --install /home/dev/rmf_ws/build/traffic_editor_assets
[1.083s] Level 1:colcon.colcon_core.environment:create_environment_scripts_only(traffic_editor_assets)
[1.083s] DEBUG:colcon.colcon_core.event_handler.log_command:Invoked command in '/home/dev/rmf_ws/build/traffic_editor_assets' returned '0': CMAKE_PREFIX_PATH=${CMAKE_PREFIX_PATH}:/opt/ros/jazzy /usr/bin/cmake --install /home/dev/rmf_ws/build/traffic_editor_assets
[1.087s] Level 1:colcon.colcon_core.environment:checking '/home/dev/rmf_ws/install/traffic_editor_assets' for CMake module files
[1.088s] Level 1:colcon.colcon_core.environment:checking '/home/dev/rmf_ws/install/traffic_editor_assets' for CMake config files
[1.088s] Level 1:colcon.colcon_core.shell:create_environment_hook('traffic_editor_assets', 'cmake_prefix_path')
[1.088s] INFO:colcon.colcon_core.shell:Creating environment hook '/home/dev/rmf_ws/install/traffic_editor_assets/share/traffic_editor_assets/hook/cmake_prefix_path.ps1'
[1.089s] INFO:colcon.colcon_core.shell:Creating environment descriptor '/home/dev/rmf_ws/install/traffic_editor_assets/share/traffic_editor_assets/hook/cmake_prefix_path.dsv'
[1.089s] INFO:colcon.colcon_core.shell:Creating environment hook '/home/dev/rmf_ws/install/traffic_editor_assets/share/traffic_editor_assets/hook/cmake_prefix_path.sh'
[1.090s] Level 1:colcon.colcon_core.environment:checking '/home/dev/rmf_ws/install/traffic_editor_assets/bin'
[1.090s] Level 1:colcon.colcon_core.environment:checking '/home/dev/rmf_ws/install/traffic_editor_assets/lib/pkgconfig/traffic_editor_assets.pc'
[1.091s] Level 1:colcon.colcon_core.environment:checking '/home/dev/rmf_ws/install/traffic_editor_assets/lib/python3.12/site-packages'
[1.091s] Level 1:colcon.colcon_core.environment:checking '/home/dev/rmf_ws/install/traffic_editor_assets/bin'
[1.091s] INFO:colcon.colcon_core.shell:Creating package script '/home/dev/rmf_ws/install/traffic_editor_assets/share/traffic_editor_assets/package.ps1'
[1.092s] INFO:colcon.colcon_core.shell:Creating package descriptor '/home/dev/rmf_ws/install/traffic_editor_assets/share/traffic_editor_assets/package.dsv'
[1.093s] INFO:colcon.colcon_core.shell:Creating package script '/home/dev/rmf_ws/install/traffic_editor_assets/share/traffic_editor_assets/package.sh'
[1.094s] INFO:colcon.colcon_core.shell:Creating package script '/home/dev/rmf_ws/install/traffic_editor_assets/share/traffic_editor_assets/package.bash'
[1.095s] INFO:colcon.colcon_core.shell:Creating package script '/home/dev/rmf_ws/install/traffic_editor_assets/share/traffic_editor_assets/package.zsh'
[1.095s] Level 1:colcon.colcon_core.environment:create_file_with_runtime_dependencies(/home/dev/rmf_ws/install/traffic_editor_assets/share/colcon-core/packages/traffic_editor_assets)
[1.096s] Level 1:colcon.colcon_core.environment:create_environment_scripts_only(traffic_editor_assets)
[1.096s] Level 1:colcon.colcon_core.environment:checking '/home/dev/rmf_ws/install/traffic_editor_assets' for CMake module files
[1.097s] Level 1:colcon.colcon_core.environment:checking '/home/dev/rmf_ws/install/traffic_editor_assets' for CMake config files
[1.097s] Level 1:colcon.colcon_core.shell:create_environment_hook('traffic_editor_assets', 'cmake_prefix_path')
[1.097s] INFO:colcon.colcon_core.shell:Creating environment hook '/home/dev/rmf_ws/install/traffic_editor_assets/share/traffic_editor_assets/hook/cmake_prefix_path.ps1'
[1.098s] INFO:colcon.colcon_core.shell:Creating environment descriptor '/home/dev/rmf_ws/install/traffic_editor_assets/share/traffic_editor_assets/hook/cmake_prefix_path.dsv'
[1.098s] INFO:colcon.colcon_core.shell:Creating environment hook '/home/dev/rmf_ws/install/traffic_editor_assets/share/traffic_editor_assets/hook/cmake_prefix_path.sh'
[1.098s] Level 1:colcon.colcon_core.environment:checking '/home/dev/rmf_ws/install/traffic_editor_assets/bin'
[1.098s] Level 1:colcon.colcon_core.environment:checking '/home/dev/rmf_ws/install/traffic_editor_assets/lib/pkgconfig/traffic_editor_assets.pc'
[1.098s] Level 1:colcon.colcon_core.environment:checking '/home/dev/rmf_ws/install/traffic_editor_assets/lib/python3.12/site-packages'
[1.099s] Level 1:colcon.colcon_core.environment:checking '/home/dev/rmf_ws/install/traffic_editor_assets/bin'
[1.099s] INFO:colcon.colcon_core.shell:Creating package script '/home/dev/rmf_ws/install/traffic_editor_assets/share/traffic_editor_assets/package.ps1'
[1.099s] INFO:colcon.colcon_core.shell:Creating package descriptor '/home/dev/rmf_ws/install/traffic_editor_assets/share/traffic_editor_assets/package.dsv'
[1.099s] INFO:colcon.colcon_core.shell:Creating package script '/home/dev/rmf_ws/install/traffic_editor_assets/share/traffic_editor_assets/package.sh'
[1.100s] INFO:colcon.colcon_core.shell:Creating package script '/home/dev/rmf_ws/install/traffic_editor_assets/share/traffic_editor_assets/package.bash'
[1.100s] INFO:colcon.colcon_core.shell:Creating package script '/home/dev/rmf_ws/install/traffic_editor_assets/share/traffic_editor_assets/package.zsh'
[1.100s] Level 1:colcon.colcon_core.environment:create_file_with_runtime_dependencies(/home/dev/rmf_ws/install/traffic_editor_assets/share/colcon-core/packages/traffic_editor_assets)
[1.100s] INFO:colcon.colcon_ros.task.ament_python.build:Building ROS package in '/home/dev/rmf_ws/src/rmf_tests' with build type 'ament_python'
[1.101s] Level 1:colcon.colcon_core.shell:create_environment_hook('rmf_tests', 'ament_prefix_path')
[1.101s] INFO:colcon.colcon_core.shell:Creating environment hook '/home/dev/rmf_ws/install/rmf_tests/share/rmf_tests/hook/ament_prefix_path.ps1'
[1.101s] INFO:colcon.colcon_core.shell:Creating environment descriptor '/home/dev/rmf_ws/install/rmf_tests/share/rmf_tests/hook/ament_prefix_path.dsv'
[1.102s] INFO:colcon.colcon_core.shell:Creating environment hook '/home/dev/rmf_ws/install/rmf_tests/share/rmf_tests/hook/ament_prefix_path.sh'
[1.102s] INFO:colcon.colcon_core.shell:Skip shell extension 'powershell' for command environment: Not usable outside of PowerShell
[1.102s] DEBUG:colcon.colcon_core.shell:Skip shell extension 'dsv' for command environment
[1.257s] INFO:colcon.colcon_core.task.python.build:Building Python package in '/home/dev/rmf_ws/src/rmf_tests'
[1.257s] INFO:colcon.colcon_core.shell:Skip shell extension 'powershell' for command environment: Not usable outside of PowerShell
[1.257s] DEBUG:colcon.colcon_core.shell:Skip shell extension 'dsv' for command environment
[1.263s] Level 1:colcon.colcon_core.shell:create_environment_hook('robots_cv_sim', 'pythonpath_develop')
[1.263s] INFO:colcon.colcon_core.shell:Creating environment hook '/home/dev/rmf_ws/build/robots_cv_sim/share/robots_cv_sim/hook/pythonpath_develop.ps1'
[1.264s] DEBUG:colcon.colcon_core.event_handler.log_command:Invoked command in '/home/dev/rmf_ws/build/robots_cv_sim' returned '0': PYTHONPATH=/home/dev/rmf_ws/build/robots_cv_sim/prefix_override:/usr/lib/python3/dist-packages/colcon_core/task/python/colcon_distutils_commands:/home/dev/rmf_ws/install/robots_cv_sim/lib/python3.12/site-packages:${PYTHONPATH} /usr/bin/python3 -W ignore:setup.py install is deprecated -W ignore:easy_install command is deprecated setup.py develop --editable --build-directory /home/dev/rmf_ws/build/robots_cv_sim/build --no-deps symlink_data
[1.264s] INFO:colcon.colcon_core.shell:Creating environment descriptor '/home/dev/rmf_ws/build/robots_cv_sim/share/robots_cv_sim/hook/pythonpath_develop.dsv'
[1.265s] INFO:colcon.colcon_core.shell:Creating environment hook '/home/dev/rmf_ws/build/robots_cv_sim/share/robots_cv_sim/hook/pythonpath_develop.sh'
[1.265s] Level 1:colcon.colcon_core.environment:checking '/home/dev/rmf_ws/install/robots_cv_sim' for CMake module files
[1.266s] Level 1:colcon.colcon_core.environment:checking '/home/dev/rmf_ws/install/robots_cv_sim' for CMake config files
[1.266s] Level 1:colcon.colcon_core.environment:checking '/home/dev/rmf_ws/install/robots_cv_sim/lib'
[1.266s] Level 1:colcon.colcon_core.environment:checking '/home/dev/rmf_ws/install/robots_cv_sim/bin'
[1.266s] Level 1:colcon.colcon_core.environment:checking '/home/dev/rmf_ws/install/robots_cv_sim/lib/pkgconfig/robots_cv_sim.pc'
[1.266s] Level 1:colcon.colcon_core.environment:checking '/home/dev/rmf_ws/install/robots_cv_sim/lib/python3.12/site-packages'
[1.266s] Level 1:colcon.colcon_core.shell:create_environment_hook('robots_cv_sim', 'pythonpath')
[1.267s] INFO:colcon.colcon_core.shell:Creating environment hook '/home/dev/rmf_ws/install/robots_cv_sim/share/robots_cv_sim/hook/pythonpath.ps1'
[1.267s] INFO:colcon.colcon_core.shell:Creating environment descriptor '/home/dev/rmf_ws/install/robots_cv_sim/share/robots_cv_sim/hook/pythonpath.dsv'
[1.267s] INFO:colcon.colcon_core.shell:Creating environment hook '/home/dev/rmf_ws/install/robots_cv_sim/share/robots_cv_sim/hook/pythonpath.sh'
[1.267s] Level 1:colcon.colcon_core.environment:checking '/home/dev/rmf_ws/install/robots_cv_sim/bin'
[1.267s] Level 1:colcon.colcon_core.environment:create_environment_scripts_only(robots_cv_sim)
[1.268s] INFO:colcon.colcon_core.shell:Creating package script '/home/dev/rmf_ws/install/robots_cv_sim/share/robots_cv_sim/package.ps1'
[1.268s] INFO:colcon.colcon_core.shell:Creating package descriptor '/home/dev/rmf_ws/install/robots_cv_sim/share/robots_cv_sim/package.dsv'
[1.268s] INFO:colcon.colcon_core.shell:Creating package script '/home/dev/rmf_ws/install/robots_cv_sim/share/robots_cv_sim/package.sh'
[1.268s] INFO:colcon.colcon_core.shell:Creating package script '/home/dev/rmf_ws/install/robots_cv_sim/share/robots_cv_sim/package.bash'
[1.269s] INFO:colcon.colcon_core.shell:Creating package script '/home/dev/rmf_ws/install/robots_cv_sim/share/robots_cv_sim/package.zsh'
[1.269s] Level 1:colcon.colcon_core.environment:create_file_with_runtime_dependencies(/home/dev/rmf_ws/install/robots_cv_sim/share/colcon-core/packages/robots_cv_sim)
[1.270s] DEBUG:colcon.colcon_core.event_handler.log_command:Invoked command in '/home/dev/rmf_ws/build/robot_controller' returned '0': CMAKE_PREFIX_PATH=${CMAKE_PREFIX_PATH}:/opt/ros/jazzy /usr/bin/cmake /home/dev/rmf_ws/src/robot_controller -DAMENT_CMAKE_SYMLINK_INSTALL=1 -DCMAKE_INSTALL_PREFIX=/home/dev/rmf_ws/install/robot_controller
[1.271s] DEBUG:colcon.colcon_core.event_handler.log_command:Invoking command in '/home/dev/rmf_ws/build/robot_controller': CMAKE_PREFIX_PATH=${CMAKE_PREFIX_PATH}:/opt/ros/jazzy /usr/bin/cmake --build /home/dev/rmf_ws/build/robot_controller -- -j16 -l16
[1.657s] DEBUG:colcon.colcon_core.event_handler.log_command:Invoking command in '/home/dev/rmf_ws/build/rmf_tests': AMENT_PREFIX_PATH=/home/dev/rmf_ws/install/traffic_editor_assets:${AMENT_PREFIX_PATH} CMAKE_PREFIX_PATH=/home/dev/rmf_ws/install/traffic_editor_assets:${CMAKE_PREFIX_PATH} PYTHONPATH=/home/dev/rmf_ws/build/rmf_tests/prefix_override:/usr/lib/python3/dist-packages/colcon_core/task/python/colcon_distutils_commands:/home/dev/rmf_ws/install/rmf_tests/lib/python3.12/site-packages:${PYTHONPATH} /usr/bin/python3 -W ignore:setup.py install is deprecated -W ignore:easy_install command is deprecated setup.py develop --editable --build-directory /home/dev/rmf_ws/build/rmf_tests/build --no-deps symlink_data
[2.057s] Level 1:colcon.colcon_core.shell:create_environment_hook('rmf_tests', 'pythonpath_develop')
[2.058s] INFO:colcon.colcon_core.shell:Creating environment hook '/home/dev/rmf_ws/build/rmf_tests/share/rmf_tests/hook/pythonpath_develop.ps1'
[2.058s] DEBUG:colcon.colcon_core.event_handler.log_command:Invoked command in '/home/dev/rmf_ws/build/rmf_tests' returned '0': AMENT_PREFIX_PATH=/home/dev/rmf_ws/install/traffic_editor_assets:${AMENT_PREFIX_PATH} CMAKE_PREFIX_PATH=/home/dev/rmf_ws/install/traffic_editor_assets:${CMAKE_PREFIX_PATH} PYTHONPATH=/home/dev/rmf_ws/build/rmf_tests/prefix_override:/usr/lib/python3/dist-packages/colcon_core/task/python/colcon_distutils_commands:/home/dev/rmf_ws/install/rmf_tests/lib/python3.12/site-packages:${PYTHONPATH} /usr/bin/python3 -W ignore:setup.py install is deprecated -W ignore:easy_install command is deprecated setup.py develop --editable --build-directory /home/dev/rmf_ws/build/rmf_tests/build --no-deps symlink_data
[2.059s] INFO:colcon.colcon_core.shell:Creating environment descriptor '/home/dev/rmf_ws/build/rmf_tests/share/rmf_tests/hook/pythonpath_develop.dsv'
[2.059s] INFO:colcon.colcon_core.shell:Creating environment hook '/home/dev/rmf_ws/build/rmf_tests/share/rmf_tests/hook/pythonpath_develop.sh'
[2.060s] Level 1:colcon.colcon_core.environment:checking '/home/dev/rmf_ws/install/rmf_tests' for CMake module files
[2.060s] Level 1:colcon.colcon_core.environment:checking '/home/dev/rmf_ws/install/rmf_tests' for CMake config files
[2.061s] Level 1:colcon.colcon_core.environment:checking '/home/dev/rmf_ws/install/rmf_tests/lib'
[2.061s] Level 1:colcon.colcon_core.environment:checking '/home/dev/rmf_ws/install/rmf_tests/bin'
[2.061s] Level 1:colcon.colcon_core.environment:checking '/home/dev/rmf_ws/install/rmf_tests/lib/pkgconfig/rmf_tests.pc'
[2.062s] Level 1:colcon.colcon_core.environment:checking '/home/dev/rmf_ws/install/rmf_tests/lib/python3.12/site-packages'
[2.062s] Level 1:colcon.colcon_core.shell:create_environment_hook('rmf_tests', 'pythonpath')
[2.062s] INFO:colcon.colcon_core.shell:Creating environment hook '/home/dev/rmf_ws/install/rmf_tests/share/rmf_tests/hook/pythonpath.ps1'
[2.062s] INFO:colcon.colcon_core.shell:Creating environment descriptor '/home/dev/rmf_ws/install/rmf_tests/share/rmf_tests/hook/pythonpath.dsv'
[2.062s] INFO:colcon.colcon_core.shell:Creating environment hook '/home/dev/rmf_ws/install/rmf_tests/share/rmf_tests/hook/pythonpath.sh'
[2.062s] Level 1:colcon.colcon_core.environment:checking '/home/dev/rmf_ws/install/rmf_tests/bin'
[2.063s] Level 1:colcon.colcon_core.environment:create_environment_scripts_only(rmf_tests)
[2.063s] INFO:colcon.colcon_core.shell:Creating package script '/home/dev/rmf_ws/install/rmf_tests/share/rmf_tests/package.ps1'
[2.063s] INFO:colcon.colcon_core.shell:Creating package descriptor '/home/dev/rmf_ws/install/rmf_tests/share/rmf_tests/package.dsv'
[2.063s] INFO:colcon.colcon_core.shell:Creating package script '/home/dev/rmf_ws/install/rmf_tests/share/rmf_tests/package.sh'
[2.064s] INFO:colcon.colcon_core.shell:Creating package script '/home/dev/rmf_ws/install/rmf_tests/share/rmf_tests/package.bash'
[2.064s] INFO:colcon.colcon_core.shell:Creating package script '/home/dev/rmf_ws/install/rmf_tests/share/rmf_tests/package.zsh'
[2.064s] Level 1:colcon.colcon_core.environment:create_file_with_runtime_dependencies(/home/dev/rmf_ws/install/rmf_tests/share/colcon-core/packages/rmf_tests)
[11.943s] DEBUG:colcon.colcon_core.event_handler.log_command:Invoked command in '/home/dev/rmf_ws/build/robot_controller' returned '0': CMAKE_PREFIX_PATH=${CMAKE_PREFIX_PATH}:/opt/ros/jazzy /usr/bin/cmake --build /home/dev/rmf_ws/build/robot_controller -- -j16 -l16
[11.944s] DEBUG:colcon.colcon_core.event_handler.log_command:Invoking command in '/home/dev/rmf_ws/build/robot_controller': CMAKE_PREFIX_PATH=${CMAKE_PREFIX_PATH}:/opt/ros/jazzy /usr/bin/cmake --install /home/dev/rmf_ws/build/robot_controller
[12.149s] Level 1:colcon.colcon_core.environment:create_environment_scripts_only(robot_controller)
[12.149s] Level 1:colcon.colcon_core.environment:checking '/home/dev/rmf_ws/install/robot_controller' for CMake module files
[12.150s] DEBUG:colcon.colcon_core.event_handler.log_command:Invoked command in '/home/dev/rmf_ws/build/robot_controller' returned '0': CMAKE_PREFIX_PATH=${CMAKE_PREFIX_PATH}:/opt/ros/jazzy /usr/bin/cmake --install /home/dev/rmf_ws/build/robot_controller
[12.151s] Level 1:colcon.colcon_core.environment:checking '/home/dev/rmf_ws/install/robot_controller' for CMake config files
[12.151s] Level 1:colcon.colcon_core.shell:create_environment_hook('robot_controller', 'cmake_prefix_path')
[12.152s] INFO:colcon.colcon_core.shell:Creating environment hook '/home/dev/rmf_ws/install/robot_controller/share/robot_controller/hook/cmake_prefix_path.ps1'
[12.153s] INFO:colcon.colcon_core.shell:Creating environment descriptor '/home/dev/rmf_ws/install/robot_controller/share/robot_controller/hook/cmake_prefix_path.dsv'
[12.153s] INFO:colcon.colcon_core.shell:Creating environment hook '/home/dev/rmf_ws/install/robot_controller/share/robot_controller/hook/cmake_prefix_path.sh'
[12.154s] Level 1:colcon.colcon_core.environment:checking '/home/dev/rmf_ws/install/robot_controller/lib'
[12.154s] Level 1:colcon.colcon_core.environment:checking '/home/dev/rmf_ws/install/robot_controller/bin'
[12.155s] Level 1:colcon.colcon_core.environment:checking '/home/dev/rmf_ws/install/robot_controller/lib/pkgconfig/robot_controller.pc'
[12.155s] Level 1:colcon.colcon_core.environment:checking '/home/dev/rmf_ws/install/robot_controller/lib/python3.12/site-packages'
[12.156s] Level 1:colcon.colcon_core.environment:checking '/home/dev/rmf_ws/install/robot_controller/bin'
[12.156s] INFO:colcon.colcon_core.shell:Creating package script '/home/dev/rmf_ws/install/robot_controller/share/robot_controller/package.ps1'
[12.157s] INFO:colcon.colcon_core.shell:Creating package descriptor '/home/dev/rmf_ws/install/robot_controller/share/robot_controller/package.dsv'
[12.157s] INFO:colcon.colcon_core.shell:Creating package script '/home/dev/rmf_ws/install/robot_controller/share/robot_controller/package.sh'
[12.158s] INFO:colcon.colcon_core.shell:Creating package script '/home/dev/rmf_ws/install/robot_controller/share/robot_controller/package.bash'
[12.158s] INFO:colcon.colcon_core.shell:Creating package script '/home/dev/rmf_ws/install/robot_controller/share/robot_controller/package.zsh'
[12.158s] Level 1:colcon.colcon_core.environment:create_file_with_runtime_dependencies(/home/dev/rmf_ws/install/robot_controller/share/colcon-core/packages/robot_controller)
[12.159s] Level 1:colcon.colcon_core.environment:create_environment_scripts_only(robot_controller)
[12.159s] Level 1:colcon.colcon_core.environment:checking '/home/dev/rmf_ws/install/robot_controller' for CMake module files
[12.159s] Level 1:colcon.colcon_core.environment:checking '/home/dev/rmf_ws/install/robot_controller' for CMake config files
[12.159s] Level 1:colcon.colcon_core.shell:create_environment_hook('robot_controller', 'cmake_prefix_path')
[12.159s] INFO:colcon.colcon_core.shell:Creating environment hook '/home/dev/rmf_ws/install/robot_controller/share/robot_controller/hook/cmake_prefix_path.ps1'
[12.160s] INFO:colcon.colcon_core.shell:Creating environment descriptor '/home/dev/rmf_ws/install/robot_controller/share/robot_controller/hook/cmake_prefix_path.dsv'
[12.160s] INFO:colcon.colcon_core.shell:Creating environment hook '/home/dev/rmf_ws/install/robot_controller/share/robot_controller/hook/cmake_prefix_path.sh'
[12.160s] Level 1:colcon.colcon_core.environment:checking '/home/dev/rmf_ws/install/robot_controller/lib'
[12.160s] Level 1:colcon.colcon_core.environment:checking '/home/dev/rmf_ws/install/robot_controller/bin'
[12.160s] Level 1:colcon.colcon_core.environment:checking '/home/dev/rmf_ws/install/robot_controller/lib/pkgconfig/robot_controller.pc'
[12.160s] Level 1:colcon.colcon_core.environment:checking '/home/dev/rmf_ws/install/robot_controller/lib/python3.12/site-packages'
[12.161s] Level 1:colcon.colcon_core.environment:checking '/home/dev/rmf_ws/install/robot_controller/bin'
[12.161s] INFO:colcon.colcon_core.shell:Creating package script '/home/dev/rmf_ws/install/robot_controller/share/robot_controller/package.ps1'
[12.161s] INFO:colcon.colcon_core.shell:Creating package descriptor '/home/dev/rmf_ws/install/robot_controller/share/robot_controller/package.dsv'
[12.161s] INFO:colcon.colcon_core.shell:Creating package script '/home/dev/rmf_ws/install/robot_controller/share/robot_controller/package.sh'
[12.162s] INFO:colcon.colcon_core.shell:Creating package script '/home/dev/rmf_ws/install/robot_controller/share/robot_controller/package.bash'
[12.162s] INFO:colcon.colcon_core.shell:Creating package script '/home/dev/rmf_ws/install/robot_controller/share/robot_controller/package.zsh'
[12.162s] Level 1:colcon.colcon_core.environment:create_file_with_runtime_dependencies(/home/dev/rmf_ws/install/robot_controller/share/colcon-core/packages/robot_controller)
[12.162s] INFO:colcon.colcon_ros.task.ament_python.build:Building ROS package in '/home/dev/rmf_ws/src/rmf_bringup' with build type 'ament_python'
[12.163s] Level 1:colcon.colcon_core.shell:create_environment_hook('rmf_bringup', 'ament_prefix_path')
[12.163s] INFO:colcon.colcon_core.shell:Creating environment hook '/home/dev/rmf_ws/install/rmf_bringup/share/rmf_bringup/hook/ament_prefix_path.ps1'
[12.163s] INFO:colcon.colcon_core.shell:Creating environment descriptor '/home/dev/rmf_ws/install/rmf_bringup/share/rmf_bringup/hook/ament_prefix_path.dsv'
[12.164s] INFO:colcon.colcon_core.shell:Creating environment hook '/home/dev/rmf_ws/install/rmf_bringup/share/rmf_bringup/hook/ament_prefix_path.sh'
[12.164s] INFO:colcon.colcon_core.shell:Skip shell extension 'powershell' for command environment: Not usable outside of PowerShell
[12.164s] DEBUG:colcon.colcon_core.shell:Skip shell extension 'dsv' for command environment
[12.326s] INFO:colcon.colcon_core.task.python.build:Building Python package in '/home/dev/rmf_ws/src/rmf_bringup'
[12.326s] INFO:colcon.colcon_core.shell:Skip shell extension 'powershell' for command environment: Not usable outside of PowerShell
[12.326s] DEBUG:colcon.colcon_core.shell:Skip shell extension 'dsv' for command environment
[12.711s] DEBUG:colcon.colcon_core.event_handler.log_command:Invoking command in '/home/dev/rmf_ws/build/rmf_bringup': AMENT_PREFIX_PATH=/home/dev/rmf_ws/install/rmf_tests:/home/dev/rmf_ws/install/traffic_editor_assets:/home/dev/rmf_ws/install/robots_cv_sim:/home/dev/rmf_ws/install/robot_controller:${AMENT_PREFIX_PATH} CMAKE_PREFIX_PATH=/home/dev/rmf_ws/install/traffic_editor_assets:/home/dev/rmf_ws/install/robot_controller:${CMAKE_PREFIX_PATH} PYTHONPATH=/home/dev/rmf_ws/build/rmf_bringup/prefix_override:/usr/lib/python3/dist-packages/colcon_core/task/python/colcon_distutils_commands:/home/dev/rmf_ws/install/rmf_bringup/lib/python3.12/site-packages:/home/dev/rmf_ws/build/rmf_tests:/home/dev/rmf_ws/install/rmf_tests/lib/python3.12/site-packages:/home/dev/rmf_ws/build/robots_cv_sim:/home/dev/rmf_ws/install/robots_cv_sim/lib/python3.12/site-packages:${PYTHONPATH} /usr/bin/python3 -W ignore:setup.py install is deprecated -W ignore:easy_install command is deprecated setup.py develop --editable --build-directory /home/dev/rmf_ws/build/rmf_bringup/build --no-deps symlink_data
[13.107s] Level 1:colcon.colcon_core.shell:create_environment_hook('rmf_bringup', 'pythonpath_develop')
[13.107s] INFO:colcon.colcon_core.shell:Creating environment hook '/home/dev/rmf_ws/build/rmf_bringup/share/rmf_bringup/hook/pythonpath_develop.ps1'
[13.108s] DEBUG:colcon.colcon_core.event_handler.log_command:Invoked command in '/home/dev/rmf_ws/build/rmf_bringup' returned '0': AMENT_PREFIX_PATH=/home/dev/rmf_ws/install/rmf_tests:/home/dev/rmf_ws/install/traffic_editor_assets:/home/dev/rmf_ws/install/robots_cv_sim:/home/dev/rmf_ws/install/robot_controller:${AMENT_PREFIX_PATH} CMAKE_PREFIX_PATH=/home/dev/rmf_ws/install/traffic_editor_assets:/home/dev/rmf_ws/install/robot_controller:${CMAKE_PREFIX_PATH} PYTHONPATH=/home/dev/rmf_ws/build/rmf_bringup/prefix_override:/usr/lib/python3/dist-packages/colcon_core/task/python/colcon_distutils_commands:/home/dev/rmf_ws/install/rmf_bringup/lib/python3.12/site-packages:/home/dev/rmf_ws/build/rmf_tests:/home/dev/rmf_ws/install/rmf_tests/lib/python3.12/site-packages:/home/dev/rmf_ws/build/robots_cv_sim:/home/dev/rmf_ws/install/robots_cv_sim/lib/python3.12/site-packages:${PYTHONPATH} /usr/bin/python3 -W ignore:setup.py install is deprecated -W ignore:easy_install command is deprecated setup.py develop --editable --build-directory /home/dev/rmf_ws/build/rmf_bringup/build --no-deps symlink_data
[13.108s] INFO:colcon.colcon_core.shell:Creating environment descriptor '/home/dev/rmf_ws/build/rmf_bringup/share/rmf_bringup/hook/pythonpath_develop.dsv'
[13.109s] INFO:colcon.colcon_core.shell:Creating environment hook '/home/dev/rmf_ws/build/rmf_bringup/share/rmf_bringup/hook/pythonpath_develop.sh'
[13.110s] Level 1:colcon.colcon_core.environment:checking '/home/dev/rmf_ws/install/rmf_bringup' for CMake module files
[13.111s] Level 1:colcon.colcon_core.environment:checking '/home/dev/rmf_ws/install/rmf_bringup' for CMake config files
[13.111s] Level 1:colcon.colcon_core.environment:checking '/home/dev/rmf_ws/install/rmf_bringup/lib'
[13.112s] Level 1:colcon.colcon_core.environment:checking '/home/dev/rmf_ws/install/rmf_bringup/bin'
[13.112s] Level 1:colcon.colcon_core.environment:checking '/home/dev/rmf_ws/install/rmf_bringup/lib/pkgconfig/rmf_bringup.pc'
[13.112s] Level 1:colcon.colcon_core.environment:checking '/home/dev/rmf_ws/install/rmf_bringup/lib/python3.12/site-packages'
[13.112s] Level 1:colcon.colcon_core.shell:create_environment_hook('rmf_bringup', 'pythonpath')
[13.113s] INFO:colcon.colcon_core.shell:Creating environment hook '/home/dev/rmf_ws/install/rmf_bringup/share/rmf_bringup/hook/pythonpath.ps1'
[13.113s] INFO:colcon.colcon_core.shell:Creating environment descriptor '/home/dev/rmf_ws/install/rmf_bringup/share/rmf_bringup/hook/pythonpath.dsv'
[13.114s] INFO:colcon.colcon_core.shell:Creating environment hook '/home/dev/rmf_ws/install/rmf_bringup/share/rmf_bringup/hook/pythonpath.sh'
[13.114s] Level 1:colcon.colcon_core.environment:checking '/home/dev/rmf_ws/install/rmf_bringup/bin'
[13.114s] Level 1:colcon.colcon_core.environment:create_environment_scripts_only(rmf_bringup)
[13.114s] INFO:colcon.colcon_core.shell:Creating package script '/home/dev/rmf_ws/install/rmf_bringup/share/rmf_bringup/package.ps1'
[13.115s] INFO:colcon.colcon_core.shell:Creating package descriptor '/home/dev/rmf_ws/install/rmf_bringup/share/rmf_bringup/package.dsv'
[13.115s] INFO:colcon.colcon_core.shell:Creating package script '/home/dev/rmf_ws/install/rmf_bringup/share/rmf_bringup/package.sh'
[13.115s] INFO:colcon.colcon_core.shell:Creating package script '/home/dev/rmf_ws/install/rmf_bringup/share/rmf_bringup/package.bash'
[13.115s] INFO:colcon.colcon_core.shell:Creating package script '/home/dev/rmf_ws/install/rmf_bringup/share/rmf_bringup/package.zsh'
[13.115s] Level 1:colcon.colcon_core.environment:create_file_with_runtime_dependencies(/home/dev/rmf_ws/install/rmf_bringup/share/colcon-core/packages/rmf_bringup)
[13.116s] DEBUG:colcon.colcon_parallel_executor.executor.parallel:closing loop
[13.116s] DEBUG:colcon.colcon_parallel_executor.executor.parallel:loop closed
[13.116s] DEBUG:colcon.colcon_parallel_executor.executor.parallel:run_until_complete finished with '0'
[13.116s] DEBUG:colcon.colcon_core.event_reactor:joining thread
[13.127s] INFO:colcon.colcon_core.plugin_system:Skipping extension 'colcon_notification.desktop_notification.notify_send': Could not find 'notify-send'
[13.127s] INFO:colcon.colcon_core.plugin_system:Skipping extension 'colcon_notification.desktop_notification.terminal_notifier': Not used on non-Darwin systems
[13.127s] INFO:colcon.colcon_core.plugin_system:Skipping extension 'colcon_notification.desktop_notification.win32': Not used on non-Windows systems
[13.127s] INFO:colcon.colcon_notification.desktop_notification:Sending desktop notification using 'notify2'
[13.130s] DEBUG:colcon.colcon_notification.desktop_notification.notify2:Failed to initialize notify2: org.freedesktop.DBus.Error.Spawn.ExecFailed: /usr/bin/dbus-launch terminated abnormally without any error message
[13.130s] DEBUG:colcon.colcon_core.event_reactor:joined thread
[13.131s] INFO:colcon.colcon_core.shell:Creating prefix script '/home/dev/rmf_ws/install/local_setup.ps1'
[13.133s] INFO:colcon.colcon_core.shell:Creating prefix util module '/home/dev/rmf_ws/install/_local_setup_util_ps1.py'
[13.135s] INFO:colcon.colcon_core.shell:Creating prefix chain script '/home/dev/rmf_ws/install/setup.ps1'
[13.136s] INFO:colcon.colcon_core.shell:Creating prefix script '/home/dev/rmf_ws/install/local_setup.sh'
[13.137s] INFO:colcon.colcon_core.shell:Creating prefix util module '/home/dev/rmf_ws/install/_local_setup_util_sh.py'
[13.138s] INFO:colcon.colcon_core.shell:Creating prefix chain script '/home/dev/rmf_ws/install/setup.sh'
[13.139s] INFO:colcon.colcon_core.shell:Creating prefix script '/home/dev/rmf_ws/install/local_setup.bash'
[13.139s] INFO:colcon.colcon_core.shell:Creating prefix chain script '/home/dev/rmf_ws/install/setup.bash'
[13.140s] INFO:colcon.colcon_core.shell:Creating prefix script '/home/dev/rmf_ws/install/local_setup.zsh'
[13.140s] INFO:colcon.colcon_core.shell:Creating prefix chain script '/home/dev/rmf_ws/install/setup.zsh'
