-- The C compiler identification is GNU 13.3.0
-- The CXX compiler identification is GNU 13.3.0
-- Detecting C compiler ABI info
-- Detecting C compiler ABI info - done
-- Check for working C compiler: /usr/bin/cc - skipped
-- Detecting C compile features
-- Detecting C compile features - done
-- Detecting CXX compiler ABI info
-- Detecting CXX compiler ABI info - done
-- Check for working CXX compiler: /usr/bin/c++ - skipped
-- Detecting CXX compile features
-- Detecting CXX compile features - done
-- Found ament_cmake: 2.5.5 (/opt/ros/jazzy/share/ament_cmake/cmake)
-- Found Python3: /usr/bin/python3 (found version "3.12.3") found components: Interpreter 
-- Override CMake install command with custom implementation using symlinks instead of copying resources
-- Found rclcpp: 28.1.16 (/opt/ros/jazzy/share/rclcpp/cmake)
-- Found rosidl_generator_c: 4.6.7 (/opt/ros/jazzy/share/rosidl_generator_c/cmake)
-- Found rosidl_generator_cpp: 4.6.7 (/opt/ros/jazzy/share/rosidl_generator_cpp/cmake)
-- Using all available rosidl_typesupport_c: rosidl_typesupport_fastrtps_c;rosidl_typesupport_introspection_c
-- Using all available rosidl_typesupport_cpp: rosidl_typesupport_fastrtps_cpp;rosidl_typesupport_introspection_cpp
-- Found rmw_implementation_cmake: 7.3.3 (/opt/ros/jazzy/share/rmw_implementation_cmake/cmake)
-- Found rmw_fastrtps_cpp: 8.4.3 (/opt/ros/jazzy/share/rmw_fastrtps_cpp/cmake)
-- Found OpenSSL: /usr/lib/x86_64-linux-gnu/libcrypto.so (found version "3.0.13")  
-- Found FastRTPS: /opt/ros/jazzy/include (Required is at least version "2.13") 
-- Using RMW implementation 'rmw_fastrtps_cpp' as default
-- Found std_msgs: 5.3.6 (/opt/ros/jazzy/share/std_msgs/cmake)
-- Found rmf_fleet_msgs: 3.3.1 (/opt/ros/jazzy/share/rmf_fleet_msgs/cmake)
-- Found rmf_task_msgs: 3.3.1 (/opt/ros/jazzy/share/rmf_task_msgs/cmake)
-- Configuring done (1.1s)
-- Generating done (0.0s)
-- Build files have been written to: /home/dev/rmf_ws/build/fleet_adapter
[ 50%] Building CXX object CMakeFiles/fleet_adapter_node.dir/src/fleet_adapter_node.cpp.o
[100%] Linking CXX executable fleet_adapter_node
[100%] Built target fleet_adapter_node
-- Install configuration: ""
-- Execute custom install script
-- Symlinking: /home/dev/rmf_ws/install/fleet_adapter/lib/fleet_adapter/fleet_adapter_node
-- Symlinking: /home/dev/rmf_ws/install/fleet_adapter/share/ament_index/resource_index/package_run_dependencies/fleet_adapter
-- Symlinking: /home/dev/rmf_ws/install/fleet_adapter/share/ament_index/resource_index/parent_prefix_path/fleet_adapter
-- Symlinking: /home/dev/rmf_ws/install/fleet_adapter/share/fleet_adapter/environment/ament_prefix_path.sh
-- Symlinking: /home/dev/rmf_ws/install/fleet_adapter/share/fleet_adapter/environment/ament_prefix_path.dsv
-- Symlinking: /home/dev/rmf_ws/install/fleet_adapter/share/fleet_adapter/environment/path.sh
-- Symlinking: /home/dev/rmf_ws/install/fleet_adapter/share/fleet_adapter/environment/path.dsv
-- Symlinking: /home/dev/rmf_ws/install/fleet_adapter/share/fleet_adapter/local_setup.bash
-- Symlinking: /home/dev/rmf_ws/install/fleet_adapter/share/fleet_adapter/local_setup.sh
-- Symlinking: /home/dev/rmf_ws/install/fleet_adapter/share/fleet_adapter/local_setup.zsh
-- Symlinking: /home/dev/rmf_ws/install/fleet_adapter/share/fleet_adapter/local_setup.dsv
-- Symlinking: /home/dev/rmf_ws/install/fleet_adapter/share/fleet_adapter/package.dsv
-- Symlinking: /home/dev/rmf_ws/install/fleet_adapter/share/ament_index/resource_index/packages/fleet_adapter
-- Symlinking: /home/dev/rmf_ws/install/fleet_adapter/share/fleet_adapter/cmake/fleet_adapterConfig.cmake
-- Symlinking: /home/dev/rmf_ws/install/fleet_adapter/share/fleet_adapter/cmake/fleet_adapterConfig-version.cmake
-- Symlinking: /home/dev/rmf_ws/install/fleet_adapter/share/fleet_adapter/package.xml
