[0.011s] Invoking command in '/home/dev/rmf_ws/build/fleet_adapter': CMAKE_PREFIX_PATH=${CMAKE_PREFIX_PATH}:/opt/ros/jazzy /usr/bin/cmake /home/dev/rmf_ws/src/fleet_adapter -DAMENT_CMAKE_SYMLINK_INSTALL=1 -DCMAKE_INSTALL_PREFIX=/home/dev/rmf_ws/install/fleet_adapter
[0.161s] -- The C compiler identification is GNU 13.3.0
[0.162s] -- The CXX compiler identification is GNU 13.3.0
[0.162s] -- Detecting C compiler ABI info
[0.392s] -- Detecting C compiler ABI info - done
[0.392s] -- Check for working C compiler: /usr/bin/cc - skipped
[0.392s] -- Detecting C compile features
[0.392s] -- Detecting C compile features - done
[0.392s] -- Detecting CXX compiler ABI info
[0.392s] -- Detecting CXX compiler ABI info - done
[0.392s] -- Check for working CXX compiler: /usr/bin/c++ - skipped
[0.392s] -- Detecting CXX compile features
[0.393s] -- Detecting CXX compile features - done
[0.393s] -- Found ament_cmake: 2.5.5 (/opt/ros/jazzy/share/ament_cmake/cmake)
[0.509s] -- Found Python3: /usr/bin/python3 (found version "3.12.3") found components: Interpreter 
[0.570s] -- Override CMake install command with custom implementation using symlinks instead of copying resources
[0.605s] -- Found rclcpp: 28.1.16 (/opt/ros/jazzy/share/rclcpp/cmake)
[0.642s] -- Found rosidl_generator_c: 4.6.7 (/opt/ros/jazzy/share/rosidl_generator_c/cmake)
[0.657s] -- Found rosidl_generator_cpp: 4.6.7 (/opt/ros/jazzy/share/rosidl_generator_cpp/cmake)
[0.672s] -- Using all available rosidl_typesupport_c: rosidl_typesupport_fastrtps_c;rosidl_typesupport_introspection_c
[0.688s] -- Using all available rosidl_typesupport_cpp: rosidl_typesupport_fastrtps_cpp;rosidl_typesupport_introspection_cpp
[0.759s] -- Found rmw_implementation_cmake: 7.3.3 (/opt/ros/jazzy/share/rmw_implementation_cmake/cmake)
[0.762s] -- Found rmw_fastrtps_cpp: 8.4.3 (/opt/ros/jazzy/share/rmw_fastrtps_cpp/cmake)
[0.846s] -- Found OpenSSL: /usr/lib/x86_64-linux-gnu/libcrypto.so (found version "3.0.13")  
[0.868s] -- Found FastRTPS: /opt/ros/jazzy/include (Required is at least version "2.13") 
[0.898s] -- Using RMW implementation 'rmw_fastrtps_cpp' as default
[0.967s] -- Found std_msgs: 5.3.6 (/opt/ros/jazzy/share/std_msgs/cmake)
[0.980s] -- Found rmf_fleet_msgs: 3.3.1 (/opt/ros/jazzy/share/rmf_fleet_msgs/cmake)
[0.996s] -- Found rmf_task_msgs: 3.3.1 (/opt/ros/jazzy/share/rmf_task_msgs/cmake)
[1.140s] -- Configuring done (1.1s)
[1.152s] -- Generating done (0.0s)
[1.155s] -- Build files have been written to: /home/dev/rmf_ws/build/fleet_adapter
[1.164s] Invoked command in '/home/dev/rmf_ws/build/fleet_adapter' returned '0': CMAKE_PREFIX_PATH=${CMAKE_PREFIX_PATH}:/opt/ros/jazzy /usr/bin/cmake /home/dev/rmf_ws/src/fleet_adapter -DAMENT_CMAKE_SYMLINK_INSTALL=1 -DCMAKE_INSTALL_PREFIX=/home/dev/rmf_ws/install/fleet_adapter
[1.165s] Invoking command in '/home/dev/rmf_ws/build/fleet_adapter': CMAKE_PREFIX_PATH=${CMAKE_PREFIX_PATH}:/opt/ros/jazzy /usr/bin/cmake --build /home/dev/rmf_ws/build/fleet_adapter -- -j16 -l16
[1.222s] [ 50%] Building CXX object CMakeFiles/fleet_adapter_node.dir/src/fleet_adapter_node.cpp.o
[10.952s] [100%] Linking CXX executable fleet_adapter_node
[11.367s] [100%] Built target fleet_adapter_node
[11.380s] Invoked command in '/home/dev/rmf_ws/build/fleet_adapter' returned '0': CMAKE_PREFIX_PATH=${CMAKE_PREFIX_PATH}:/opt/ros/jazzy /usr/bin/cmake --build /home/dev/rmf_ws/build/fleet_adapter -- -j16 -l16
[11.381s] Invoking command in '/home/dev/rmf_ws/build/fleet_adapter': CMAKE_PREFIX_PATH=${CMAKE_PREFIX_PATH}:/opt/ros/jazzy /usr/bin/cmake --install /home/dev/rmf_ws/build/fleet_adapter
[11.388s] -- Install configuration: ""
[11.388s] -- Execute custom install script
[11.388s] -- Symlinking: /home/dev/rmf_ws/install/fleet_adapter/lib/fleet_adapter/fleet_adapter_node
[11.400s] -- Symlinking: /home/dev/rmf_ws/install/fleet_adapter/share/ament_index/resource_index/package_run_dependencies/fleet_adapter
[11.408s] -- Symlinking: /home/dev/rmf_ws/install/fleet_adapter/share/ament_index/resource_index/parent_prefix_path/fleet_adapter
[11.416s] -- Symlinking: /home/dev/rmf_ws/install/fleet_adapter/share/fleet_adapter/environment/ament_prefix_path.sh
[11.440s] -- Symlinking: /home/dev/rmf_ws/install/fleet_adapter/share/fleet_adapter/environment/ament_prefix_path.dsv
[11.442s] -- Symlinking: /home/dev/rmf_ws/install/fleet_adapter/share/fleet_adapter/environment/path.sh
[11.452s] -- Symlinking: /home/dev/rmf_ws/install/fleet_adapter/share/fleet_adapter/environment/path.dsv
[11.465s] -- Symlinking: /home/dev/rmf_ws/install/fleet_adapter/share/fleet_adapter/local_setup.bash
[11.475s] -- Symlinking: /home/dev/rmf_ws/install/fleet_adapter/share/fleet_adapter/local_setup.sh
[11.488s] -- Symlinking: /home/dev/rmf_ws/install/fleet_adapter/share/fleet_adapter/local_setup.zsh
[11.497s] -- Symlinking: /home/dev/rmf_ws/install/fleet_adapter/share/fleet_adapter/local_setup.dsv
[11.509s] -- Symlinking: /home/dev/rmf_ws/install/fleet_adapter/share/fleet_adapter/package.dsv
[11.520s] -- Symlinking: /home/dev/rmf_ws/install/fleet_adapter/share/ament_index/resource_index/packages/fleet_adapter
[11.531s] -- Symlinking: /home/dev/rmf_ws/install/fleet_adapter/share/fleet_adapter/cmake/fleet_adapterConfig.cmake
[11.538s] -- Symlinking: /home/dev/rmf_ws/install/fleet_adapter/share/fleet_adapter/cmake/fleet_adapterConfig-version.cmake
[11.546s] -- Symlinking: /home/dev/rmf_ws/install/fleet_adapter/share/fleet_adapter/package.xml
[11.560s] Invoked command in '/home/dev/rmf_ws/build/fleet_adapter' returned '0': CMAKE_PREFIX_PATH=${CMAKE_PREFIX_PATH}:/opt/ros/jazzy /usr/bin/cmake --install /home/dev/rmf_ws/build/fleet_adapter
