[0.000000] (-) TimerEvent: {}
[0.000184] (-) JobUnselected: {'identifier': 'rmf_bringup'}
[0.000229] (-) JobUnselected: {'identifier': 'rmf_tests'}
[0.000382] (-) JobUnselected: {'identifier': 'robot_controller'}
[0.000620] (-) JobUnselected: {'identifier': 'robots_cv_sim'}
[0.000663] (-) JobUnselected: {'identifier': 'traffic_editor_assets'}
[0.000698] (fleet_adapter) JobQueued: {'identifier': 'fleet_adapter', 'dependencies': OrderedDict()}
[0.000728] (fleet_adapter) JobStarted: {'identifier': 'fleet_adapter'}
[0.008242] (fleet_adapter) JobProgress: {'identifier': 'fleet_adapter', 'progress': 'cmake'}
[0.009185] (fleet_adapter) JobProgress: {'identifier': 'fleet_adapter', 'progress': 'build'}
[0.010239] (fleet_adapter) Command: {'cmd': ['/usr/bin/cmake', '--build', '/home/dev/rmf_ws/build/fleet_adapter', '--', '-j16', '-l16'], 'cwd': '/home/dev/rmf_ws/build/fleet_adapter', 'env': OrderedDict({'HOSTNAME': 'legion5pro', 'SHLVL': '1', 'LD_LIBRARY_PATH': '/opt/ros/jazzy/opt/rviz_ogre_vendor/lib:/opt/ros/jazzy/lib/x86_64-linux-gnu:/opt/ros/jazzy/opt/gz_math_vendor/lib:/opt/ros/jazzy/opt/gz_utils_vendor/lib:/opt/ros/jazzy/opt/gz_cmake_vendor/lib:/opt/ros/jazzy/lib', 'HOME': '/home/dev', 'OLDPWD': '/', 'ROS_PYTHON_VERSION': '3', 'ROS_DISTRO': 'jazzy', '_': '/usr/bin/colcon', 'ROS_VERSION': '2', 'QT_X11_NO_MITSHM': '1', 'PATH': '/opt/ros/jazzy/bin:/usr/local/sbin:/usr/local/bin:/usr/sbin:/usr/bin:/sbin:/bin', 'DISPLAY': ':1', 'LANG': 'C.UTF-8', 'AMENT_PREFIX_PATH': '/opt/ros/jazzy', 'SHELL': '/bin/bash', 'ROS_AUTOMATIC_DISCOVERY_RANGE': 'SUBNET', 'PWD': '/home/dev/rmf_ws/build/fleet_adapter', 'LC_ALL': 'C.UTF-8', 'PYTHONPATH': '/opt/ros/jazzy/lib/python3.12/site-packages', 'COLCON': '1', 'CMAKE_PREFIX_PATH': '/opt/ros/jazzy/opt/gz_math_vendor:/opt/ros/jazzy/opt/gz_utils_vendor:/opt/ros/jazzy/opt/gz_cmake_vendor:/opt/ros/jazzy'}), 'shell': False}
[0.099523] (fleet_adapter) StdoutLine: {'line': b'[ 50%] Building CXX object CMakeFiles/fleet_adapter_node.dir/src/fleet_adapter_node.cpp.o\n'}
[0.099723] (-) TimerEvent: {}
[0.199850] (-) TimerEvent: {}
[0.300021] (-) TimerEvent: {}
[0.400209] (-) TimerEvent: {}
[0.500438] (-) TimerEvent: {}
[0.600670] (-) TimerEvent: {}
[0.700853] (-) TimerEvent: {}
[0.801049] (-) TimerEvent: {}
[0.901232] (-) TimerEvent: {}
[1.001443] (-) TimerEvent: {}
[1.101625] (-) TimerEvent: {}
[1.201833] (-) TimerEvent: {}
[1.302017] (-) TimerEvent: {}
[1.402216] (-) TimerEvent: {}
[1.502402] (-) TimerEvent: {}
[1.602613] (-) TimerEvent: {}
[1.702803] (-) TimerEvent: {}
[1.802994] (-) TimerEvent: {}
[1.903209] (-) TimerEvent: {}
[2.003392] (-) TimerEvent: {}
[2.103601] (-) TimerEvent: {}
[2.203799] (-) TimerEvent: {}
[2.304002] (-) TimerEvent: {}
[2.404194] (-) TimerEvent: {}
[2.504375] (-) TimerEvent: {}
[2.604562] (-) TimerEvent: {}
[2.704755] (-) TimerEvent: {}
[2.804960] (-) TimerEvent: {}
[2.905145] (-) TimerEvent: {}
[3.005341] (-) TimerEvent: {}
[3.105524] (-) TimerEvent: {}
[3.205746] (-) TimerEvent: {}
[3.305958] (-) TimerEvent: {}
[3.406171] (-) TimerEvent: {}
[3.506383] (-) TimerEvent: {}
[3.606602] (-) TimerEvent: {}
[3.706793] (-) TimerEvent: {}
[3.807007] (-) TimerEvent: {}
[3.907203] (-) TimerEvent: {}
[4.007408] (-) TimerEvent: {}
[4.107630] (-) TimerEvent: {}
[4.207815] (-) TimerEvent: {}
[4.308005] (-) TimerEvent: {}
[4.408226] (-) TimerEvent: {}
[4.508413] (-) TimerEvent: {}
[4.608604] (-) TimerEvent: {}
[4.708803] (-) TimerEvent: {}
[4.809015] (-) TimerEvent: {}
[4.909241] (-) TimerEvent: {}
[5.009450] (-) TimerEvent: {}
[5.109676] (-) TimerEvent: {}
[5.209870] (-) TimerEvent: {}
[5.310065] (-) TimerEvent: {}
[5.410282] (-) TimerEvent: {}
[5.510474] (-) TimerEvent: {}
[5.610685] (-) TimerEvent: {}
[5.710875] (-) TimerEvent: {}
[5.811098] (-) TimerEvent: {}
[5.911334] (-) TimerEvent: {}
[6.011548] (-) TimerEvent: {}
[6.111764] (-) TimerEvent: {}
[6.211959] (-) TimerEvent: {}
[6.312176] (-) TimerEvent: {}
[6.412388] (-) TimerEvent: {}
[6.512597] (-) TimerEvent: {}
[6.612807] (-) TimerEvent: {}
[6.713014] (-) TimerEvent: {}
[6.813257] (-) TimerEvent: {}
[6.913455] (-) TimerEvent: {}
[7.013644] (-) TimerEvent: {}
[7.113851] (-) TimerEvent: {}
[7.214062] (-) TimerEvent: {}
[7.314249] (-) TimerEvent: {}
[7.414458] (-) TimerEvent: {}
[7.514667] (-) TimerEvent: {}
[7.614850] (-) TimerEvent: {}
[7.715052] (-) TimerEvent: {}
[7.815257] (-) TimerEvent: {}
[7.915420] (-) TimerEvent: {}
[8.015600] (-) TimerEvent: {}
[8.115779] (-) TimerEvent: {}
[8.215959] (-) TimerEvent: {}
[8.316164] (-) TimerEvent: {}
[8.416344] (-) TimerEvent: {}
[8.516527] (-) TimerEvent: {}
[8.616706] (-) TimerEvent: {}
[8.716887] (-) TimerEvent: {}
[8.817092] (-) TimerEvent: {}
[8.917275] (-) TimerEvent: {}
[9.017456] (-) TimerEvent: {}
[9.117662] (-) TimerEvent: {}
[9.217871] (-) TimerEvent: {}
[9.318069] (-) TimerEvent: {}
[9.418270] (-) TimerEvent: {}
[9.518509] (-) TimerEvent: {}
[9.618690] (-) TimerEvent: {}
[9.718879] (-) TimerEvent: {}
[9.819094] (-) TimerEvent: {}
[9.919334] (-) TimerEvent: {}
[10.019517] (-) TimerEvent: {}
[10.119732] (-) TimerEvent: {}
[10.219923] (-) TimerEvent: {}
[10.320142] (-) TimerEvent: {}
[10.420351] (-) TimerEvent: {}
[10.520565] (-) TimerEvent: {}
[10.620778] (-) TimerEvent: {}
[10.720997] (-) TimerEvent: {}
[10.821183] (-) TimerEvent: {}
[10.921363] (-) TimerEvent: {}
[11.021574] (-) TimerEvent: {}
[11.121776] (-) TimerEvent: {}
[11.221981] (-) TimerEvent: {}
[11.322189] (-) TimerEvent: {}
[11.422396] (-) TimerEvent: {}
[11.522605] (-) TimerEvent: {}
[11.622812] (-) TimerEvent: {}
[11.723019] (-) TimerEvent: {}
[11.823233] (-) TimerEvent: {}
[11.923419] (-) TimerEvent: {}
[12.023610] (-) TimerEvent: {}
[12.027937] (fleet_adapter) StdoutLine: {'line': b'[100%] Linking CXX executable fleet_adapter_node\n'}
[12.123711] (-) TimerEvent: {}
[12.223900] (-) TimerEvent: {}
[12.324110] (-) TimerEvent: {}
[12.424320] (-) TimerEvent: {}
[12.524509] (-) TimerEvent: {}
[12.624718] (-) TimerEvent: {}
[12.724925] (-) TimerEvent: {}
[12.825173] (-) TimerEvent: {}
[12.831429] (fleet_adapter) StdoutLine: {'line': b'[100%] Built target fleet_adapter_node\n'}
[12.845101] (fleet_adapter) CommandEnded: {'returncode': 0}
[12.846287] (fleet_adapter) JobProgress: {'identifier': 'fleet_adapter', 'progress': 'install'}
[12.856992] (fleet_adapter) Command: {'cmd': ['/usr/bin/cmake', '--install', '/home/dev/rmf_ws/build/fleet_adapter'], 'cwd': '/home/dev/rmf_ws/build/fleet_adapter', 'env': OrderedDict({'HOSTNAME': 'legion5pro', 'SHLVL': '1', 'LD_LIBRARY_PATH': '/opt/ros/jazzy/opt/rviz_ogre_vendor/lib:/opt/ros/jazzy/lib/x86_64-linux-gnu:/opt/ros/jazzy/opt/gz_math_vendor/lib:/opt/ros/jazzy/opt/gz_utils_vendor/lib:/opt/ros/jazzy/opt/gz_cmake_vendor/lib:/opt/ros/jazzy/lib', 'HOME': '/home/dev', 'OLDPWD': '/', 'ROS_PYTHON_VERSION': '3', 'ROS_DISTRO': 'jazzy', '_': '/usr/bin/colcon', 'ROS_VERSION': '2', 'QT_X11_NO_MITSHM': '1', 'PATH': '/opt/ros/jazzy/bin:/usr/local/sbin:/usr/local/bin:/usr/sbin:/usr/bin:/sbin:/bin', 'DISPLAY': ':1', 'LANG': 'C.UTF-8', 'AMENT_PREFIX_PATH': '/opt/ros/jazzy', 'SHELL': '/bin/bash', 'ROS_AUTOMATIC_DISCOVERY_RANGE': 'SUBNET', 'PWD': '/home/dev/rmf_ws/build/fleet_adapter', 'LC_ALL': 'C.UTF-8', 'PYTHONPATH': '/opt/ros/jazzy/lib/python3.12/site-packages', 'COLCON': '1', 'CMAKE_PREFIX_PATH': '/opt/ros/jazzy/opt/gz_math_vendor:/opt/ros/jazzy/opt/gz_utils_vendor:/opt/ros/jazzy/opt/gz_cmake_vendor:/opt/ros/jazzy'}), 'shell': False}
[12.865429] (fleet_adapter) StdoutLine: {'line': b'-- Install configuration: ""\n'}
[12.865718] (fleet_adapter) StdoutLine: {'line': b'-- Execute custom install script\n'}
[12.865918] (fleet_adapter) StdoutLine: {'line': b'-- Up-to-date symlink: /home/dev/rmf_ws/install/fleet_adapter/lib/fleet_adapter/fleet_adapter_node\n'}
[12.866088] (fleet_adapter) StdoutLine: {'line': b'-- Up-to-date symlink: /home/dev/rmf_ws/install/fleet_adapter/share/ament_index/resource_index/package_run_dependencies/fleet_adapter\n'}
[12.866265] (fleet_adapter) StdoutLine: {'line': b'-- Up-to-date symlink: /home/dev/rmf_ws/install/fleet_adapter/share/ament_index/resource_index/parent_prefix_path/fleet_adapter\n'}
[12.866433] (fleet_adapter) StdoutLine: {'line': b'-- Up-to-date symlink: /home/dev/rmf_ws/install/fleet_adapter/share/fleet_adapter/environment/ament_prefix_path.sh\n'}
[12.866639] (fleet_adapter) StdoutLine: {'line': b'-- Up-to-date symlink: /home/dev/rmf_ws/install/fleet_adapter/share/fleet_adapter/environment/ament_prefix_path.dsv\n'}
[12.866864] (fleet_adapter) StdoutLine: {'line': b'-- Up-to-date symlink: /home/dev/rmf_ws/install/fleet_adapter/share/fleet_adapter/environment/path.sh\n'}
[12.867029] (fleet_adapter) StdoutLine: {'line': b'-- Up-to-date symlink: /home/dev/rmf_ws/install/fleet_adapter/share/fleet_adapter/environment/path.dsv\n'}
[12.867242] (fleet_adapter) StdoutLine: {'line': b'-- Up-to-date symlink: /home/dev/rmf_ws/install/fleet_adapter/share/fleet_adapter/local_setup.bash\n'}
[12.867412] (fleet_adapter) StdoutLine: {'line': b'-- Up-to-date symlink: /home/dev/rmf_ws/install/fleet_adapter/share/fleet_adapter/local_setup.sh\n'}
[12.867521] (fleet_adapter) StdoutLine: {'line': b'-- Up-to-date symlink: /home/dev/rmf_ws/install/fleet_adapter/share/fleet_adapter/local_setup.zsh\n'}
[12.867622] (fleet_adapter) StdoutLine: {'line': b'-- Up-to-date symlink: /home/dev/rmf_ws/install/fleet_adapter/share/fleet_adapter/local_setup.dsv\n'}
[12.867723] (fleet_adapter) StdoutLine: {'line': b'-- Symlinking: /home/dev/rmf_ws/install/fleet_adapter/share/fleet_adapter/package.dsv\n'}
[12.876283] (fleet_adapter) StdoutLine: {'line': b'-- Up-to-date symlink: /home/dev/rmf_ws/install/fleet_adapter/share/ament_index/resource_index/packages/fleet_adapter\n'}
[12.876570] (fleet_adapter) StdoutLine: {'line': b'-- Up-to-date symlink: /home/dev/rmf_ws/install/fleet_adapter/share/fleet_adapter/cmake/fleet_adapterConfig.cmake\n'}
[12.876752] (fleet_adapter) StdoutLine: {'line': b'-- Up-to-date symlink: /home/dev/rmf_ws/install/fleet_adapter/share/fleet_adapter/cmake/fleet_adapterConfig-version.cmake\n'}
[12.876970] (fleet_adapter) StdoutLine: {'line': b'-- Up-to-date symlink: /home/dev/rmf_ws/install/fleet_adapter/share/fleet_adapter/package.xml\n'}
[12.879563] (fleet_adapter) CommandEnded: {'returncode': 0}
[12.896195] (fleet_adapter) JobEnded: {'identifier': 'fleet_adapter', 'rc': 0}
[12.896892] (-) EventReactorShutdown: {}
