running develop
running egg_info
creating rmf_bringup.egg-info
writing rmf_bringup.egg-info/PKG-INFO
writing dependency_links to rmf_bringup.egg-info/dependency_links.txt
writing requirements to rmf_bringup.egg-info/requires.txt
writing top-level names to rmf_bringup.egg-info/top_level.txt
writing manifest file 'rmf_bringup.egg-info/SOURCES.txt'
reading manifest file 'rmf_bringup.egg-info/SOURCES.txt'
writing manifest file 'rmf_bringup.egg-info/SOURCES.txt'
running build_ext
Creating /home/dev/rmf_ws/install/rmf_bringup/lib/python3.12/site-packages/rmf-bringup.egg-link (link to .)

Installed /home/dev/rmf_ws/build/rmf_bringup
running symlink_data
creating /home/dev/rmf_ws/install/rmf_bringup/share/ament_index
creating /home/dev/rmf_ws/install/rmf_bringup/share/ament_index/resource_index
creating /home/dev/rmf_ws/install/rmf_bringup/share/ament_index/resource_index/packages
symbolically linking /home/dev/rmf_ws/build/rmf_bringup/resource/rmf_bringup -> /home/dev/rmf_ws/install/rmf_bringup/share/ament_index/resource_index/packages
symbolically linking /home/dev/rmf_ws/build/rmf_bringup/package.xml -> /home/dev/rmf_ws/install/rmf_bringup/share/rmf_bringup
creating /home/dev/rmf_ws/install/rmf_bringup/share/rmf_bringup/launch
symbolically linking /home/dev/rmf_ws/build/rmf_bringup/launch/bringup.launch.py -> /home/dev/rmf_ws/install/rmf_bringup/share/rmf_bringup/launch
creating /home/dev/rmf_ws/install/rmf_bringup/share/rmf_bringup/scripts
symbolically linking /home/dev/rmf_ws/build/rmf_bringup/scripts/generate_fleet_config.py -> /home/dev/rmf_ws/install/rmf_bringup/share/rmf_bringup/scripts
symbolically linking /home/dev/rmf_ws/build/rmf_bringup/scripts/generate_nav_graph.py -> /home/dev/rmf_ws/install/rmf_bringup/share/rmf_bringup/scripts
