[0.547s] Invoking command in '/home/dev/rmf_ws/build/rmf_bringup': AMENT_PREFIX_PATH=/home/dev/rmf_ws/install/rmf_tests:/home/dev/rmf_ws/install/traffic_editor_assets:/home/dev/rmf_ws/install/robots_cv_sim:/home/dev/rmf_ws/install/robot_controller:${AMENT_PREFIX_PATH} CMAKE_PREFIX_PATH=/home/dev/rmf_ws/install/traffic_editor_assets:/home/dev/rmf_ws/install/robot_controller:${CMAKE_PREFIX_PATH} PYTHONPATH=/home/dev/rmf_ws/build/rmf_bringup/prefix_override:/usr/lib/python3/dist-packages/colcon_core/task/python/colcon_distutils_commands:/home/dev/rmf_ws/install/rmf_bringup/lib/python3.12/site-packages:/home/dev/rmf_ws/build/rmf_tests:/home/dev/rmf_ws/install/rmf_tests/lib/python3.12/site-packages:/home/dev/rmf_ws/build/robots_cv_sim:/home/dev/rmf_ws/install/robots_cv_sim/lib/python3.12/site-packages:${PYTHONPATH} /usr/bin/python3 -W ignore:setup.py install is deprecated -W ignore:easy_install command is deprecated setup.py develop --editable --build-directory /home/dev/rmf_ws/build/rmf_bringup/build --no-deps symlink_data
[0.764s] running develop
[0.878s] running egg_info
[0.878s] creating rmf_bringup.egg-info
[0.889s] writing rmf_bringup.egg-info/PKG-INFO
[0.889s] writing dependency_links to rmf_bringup.egg-info/dependency_links.txt
[0.889s] writing requirements to rmf_bringup.egg-info/requires.txt
[0.889s] writing top-level names to rmf_bringup.egg-info/top_level.txt
[0.889s] writing manifest file 'rmf_bringup.egg-info/SOURCES.txt'
[0.910s] reading manifest file 'rmf_bringup.egg-info/SOURCES.txt'
[0.911s] writing manifest file 'rmf_bringup.egg-info/SOURCES.txt'
[0.922s] running build_ext
[0.922s] Creating /home/dev/rmf_ws/install/rmf_bringup/lib/python3.12/site-packages/rmf-bringup.egg-link (link to .)
[0.923s] 
[0.923s] Installed /home/dev/rmf_ws/build/rmf_bringup
[0.924s] running symlink_data
[0.924s] creating /home/dev/rmf_ws/install/rmf_bringup/share/ament_index
[0.924s] creating /home/dev/rmf_ws/install/rmf_bringup/share/ament_index/resource_index
[0.924s] creating /home/dev/rmf_ws/install/rmf_bringup/share/ament_index/resource_index/packages
[0.924s] symbolically linking /home/dev/rmf_ws/build/rmf_bringup/resource/rmf_bringup -> /home/dev/rmf_ws/install/rmf_bringup/share/ament_index/resource_index/packages
[0.924s] symbolically linking /home/dev/rmf_ws/build/rmf_bringup/package.xml -> /home/dev/rmf_ws/install/rmf_bringup/share/rmf_bringup
[0.924s] creating /home/dev/rmf_ws/install/rmf_bringup/share/rmf_bringup/launch
[0.924s] symbolically linking /home/dev/rmf_ws/build/rmf_bringup/launch/bringup.launch.py -> /home/dev/rmf_ws/install/rmf_bringup/share/rmf_bringup/launch
[0.924s] creating /home/dev/rmf_ws/install/rmf_bringup/share/rmf_bringup/scripts
[0.924s] symbolically linking /home/dev/rmf_ws/build/rmf_bringup/scripts/generate_fleet_config.py -> /home/dev/rmf_ws/install/rmf_bringup/share/rmf_bringup/scripts
[0.925s] symbolically linking /home/dev/rmf_ws/build/rmf_bringup/scripts/generate_nav_graph.py -> /home/dev/rmf_ws/install/rmf_bringup/share/rmf_bringup/scripts
[0.944s] Invoked command in '/home/dev/rmf_ws/build/rmf_bringup' returned '0': AMENT_PREFIX_PATH=/home/dev/rmf_ws/install/rmf_tests:/home/dev/rmf_ws/install/traffic_editor_assets:/home/dev/rmf_ws/install/robots_cv_sim:/home/dev/rmf_ws/install/robot_controller:${AMENT_PREFIX_PATH} CMAKE_PREFIX_PATH=/home/dev/rmf_ws/install/traffic_editor_assets:/home/dev/rmf_ws/install/robot_controller:${CMAKE_PREFIX_PATH} PYTHONPATH=/home/dev/rmf_ws/build/rmf_bringup/prefix_override:/usr/lib/python3/dist-packages/colcon_core/task/python/colcon_distutils_commands:/home/dev/rmf_ws/install/rmf_bringup/lib/python3.12/site-packages:/home/dev/rmf_ws/build/rmf_tests:/home/dev/rmf_ws/install/rmf_tests/lib/python3.12/site-packages:/home/dev/rmf_ws/build/robots_cv_sim:/home/dev/rmf_ws/install/robots_cv_sim/lib/python3.12/site-packages:${PYTHONPATH} /usr/bin/python3 -W ignore:setup.py install is deprecated -W ignore:easy_install command is deprecated setup.py develop --editable --build-directory /home/dev/rmf_ws/build/rmf_bringup/build --no-deps symlink_data
