[0.075s] DEBUG:colcon:Command line arguments: ['/usr/bin/colcon', 'build', '--symlink-install', '--packages-select', 'fleet_adapter', 'rmf_bringup']
[0.075s] DEBUG:colcon:Parsed command line arguments: Namespace(log_base=None, log_level=None, verb_name='build', build_base='build', install_base='install', merge_install=False, symlink_install=True, test_result_base=None, continue_on_error=False, executor='parallel', parallel_workers=16, event_handlers=None, ignore_user_meta=False, metas=['./colcon.meta'], base_paths=['.'], packages_ignore=None, packages_ignore_regex=None, paths=None, packages_up_to=None, packages_up_to_regex=None, packages_above=None, packages_above_and_dependencies=None, packages_above_depth=None, packages_select_by_dep=None, packages_skip_by_dep=None, packages_skip_up_to=None, packages_select_build_failed=False, packages_skip_build_finished=False, packages_select_test_failures=False, packages_skip_test_passed=False, packages_select=['fleet_adapter', 'rmf_bringup'], packages_skip=None, packages_select_regex=None, packages_skip_regex=None, packages_start=None, packages_end=None, cmake_args=None, cmake_target=None, cmake_target_skip_unavailable=False, cmake_clean_cache=False, cmake_clean_first=False, cmake_force_configure=False, ament_cmake_args=None, catkin_cmake_args=None, catkin_skip_building_tests=False, mixin_files=None, mixin=None, verb_parser=<colcon_mixin.mixin.mixin_argument.MixinArgumentDecorator object at 0x7f26f659bc50>, verb_extension=<colcon_core.verb.build.BuildVerb object at 0x7f26f7091b80>, main=<bound method BuildVerb.main of <colcon_core.verb.build.BuildVerb object at 0x7f26f7091b80>>, mixin_verb=('build',))
[0.107s] Level 1:colcon.colcon_core.package_discovery:discover_packages(colcon_meta) check parameters
[0.107s] Level 1:colcon.colcon_core.package_discovery:discover_packages(recursive) check parameters
[0.107s] Level 1:colcon.colcon_core.package_discovery:discover_packages(ignore) check parameters
[0.107s] Level 1:colcon.colcon_core.package_discovery:discover_packages(path) check parameters
[0.107s] Level 1:colcon.colcon_core.package_discovery:discover_packages(colcon_meta) discover
[0.107s] Level 1:colcon.colcon_core.package_discovery:discover_packages(recursive) discover
[0.108s] INFO:colcon.colcon_core.package_discovery:Crawling recursively for packages in '/home/dev/rmf_ws'
[0.108s] Level 1:colcon.colcon_core.package_identification:_identify(.) by extensions ['ignore', 'ignore_ament_install']
[0.108s] Level 1:colcon.colcon_core.package_identification:_identify(.) by extension 'ignore'
[0.108s] Level 1:colcon.colcon_core.package_identification:_identify(.) by extension 'ignore_ament_install'
[0.108s] Level 1:colcon.colcon_core.package_identification:_identify(.) by extensions ['colcon_pkg']
[0.108s] Level 1:colcon.colcon_core.package_identification:_identify(.) by extension 'colcon_pkg'
[0.108s] Level 1:colcon.colcon_core.package_identification:_identify(.) by extensions ['colcon_meta']
[0.108s] Level 1:colcon.colcon_core.package_identification:_identify(.) by extension 'colcon_meta'
[0.108s] Level 1:colcon.colcon_core.package_identification:_identify(.) by extensions ['ros']
[0.108s] Level 1:colcon.colcon_core.package_identification:_identify(.) by extension 'ros'
[0.129s] Level 1:colcon.colcon_core.package_identification:_identify(.) by extensions ['cmake', 'python']
[0.129s] Level 1:colcon.colcon_core.package_identification:_identify(.) by extension 'cmake'
[0.129s] Level 1:colcon.colcon_core.package_identification:_identify(.) by extension 'python'
[0.129s] Level 1:colcon.colcon_core.package_identification:_identify(.) by extensions ['python_setup_py']
[0.129s] Level 1:colcon.colcon_core.package_identification:_identify(.) by extension 'python_setup_py'
[0.129s] Level 1:colcon.colcon_core.package_identification:_identify(build) by extensions ['ignore', 'ignore_ament_install']
[0.129s] Level 1:colcon.colcon_core.package_identification:_identify(build) by extension 'ignore'
[0.129s] Level 1:colcon.colcon_core.package_identification:_identify(build) ignored
[0.130s] Level 1:colcon.colcon_core.package_identification:_identify(install) by extensions ['ignore', 'ignore_ament_install']
[0.130s] Level 1:colcon.colcon_core.package_identification:_identify(install) by extension 'ignore'
[0.130s] Level 1:colcon.colcon_core.package_identification:_identify(install) ignored
[0.130s] Level 1:colcon.colcon_core.package_identification:_identify(log) by extensions ['ignore', 'ignore_ament_install']
[0.130s] Level 1:colcon.colcon_core.package_identification:_identify(log) by extension 'ignore'
[0.130s] Level 1:colcon.colcon_core.package_identification:_identify(log) ignored
[0.130s] Level 1:colcon.colcon_core.package_identification:_identify(src) by extensions ['ignore', 'ignore_ament_install']
[0.130s] Level 1:colcon.colcon_core.package_identification:_identify(src) by extension 'ignore'
[0.130s] Level 1:colcon.colcon_core.package_identification:_identify(src) by extension 'ignore_ament_install'
[0.130s] Level 1:colcon.colcon_core.package_identification:_identify(src) by extensions ['colcon_pkg']
[0.130s] Level 1:colcon.colcon_core.package_identification:_identify(src) by extension 'colcon_pkg'
[0.130s] Level 1:colcon.colcon_core.package_identification:_identify(src) by extensions ['colcon_meta']
[0.130s] Level 1:colcon.colcon_core.package_identification:_identify(src) by extension 'colcon_meta'
[0.130s] Level 1:colcon.colcon_core.package_identification:_identify(src) by extensions ['ros']
[0.130s] Level 1:colcon.colcon_core.package_identification:_identify(src) by extension 'ros'
[0.130s] Level 1:colcon.colcon_core.package_identification:_identify(src) by extensions ['cmake', 'python']
[0.130s] Level 1:colcon.colcon_core.package_identification:_identify(src) by extension 'cmake'
[0.130s] Level 1:colcon.colcon_core.package_identification:_identify(src) by extension 'python'
[0.130s] Level 1:colcon.colcon_core.package_identification:_identify(src) by extensions ['python_setup_py']
[0.130s] Level 1:colcon.colcon_core.package_identification:_identify(src) by extension 'python_setup_py'
[0.130s] Level 1:colcon.colcon_core.package_identification:_identify(src/fleet_adapter) by extensions ['ignore', 'ignore_ament_install']
[0.130s] Level 1:colcon.colcon_core.package_identification:_identify(src/fleet_adapter) by extension 'ignore'
[0.131s] Level 1:colcon.colcon_core.package_identification:_identify(src/fleet_adapter) by extension 'ignore_ament_install'
[0.131s] Level 1:colcon.colcon_core.package_identification:_identify(src/fleet_adapter) by extensions ['colcon_pkg']
[0.131s] Level 1:colcon.colcon_core.package_identification:_identify(src/fleet_adapter) by extension 'colcon_pkg'
[0.131s] Level 1:colcon.colcon_core.package_identification:_identify(src/fleet_adapter) by extensions ['colcon_meta']
[0.131s] Level 1:colcon.colcon_core.package_identification:_identify(src/fleet_adapter) by extension 'colcon_meta'
[0.131s] Level 1:colcon.colcon_core.package_identification:_identify(src/fleet_adapter) by extensions ['ros']
[0.131s] Level 1:colcon.colcon_core.package_identification:_identify(src/fleet_adapter) by extension 'ros'
[0.133s] DEBUG:colcon.colcon_core.package_identification:Package 'src/fleet_adapter' with type 'ros.ament_cmake' and name 'fleet_adapter'
[0.133s] Level 1:colcon.colcon_core.package_identification:_identify(src/rmf_bringup) by extensions ['ignore', 'ignore_ament_install']
[0.133s] Level 1:colcon.colcon_core.package_identification:_identify(src/rmf_bringup) by extension 'ignore'
[0.133s] Level 1:colcon.colcon_core.package_identification:_identify(src/rmf_bringup) by extension 'ignore_ament_install'
[0.133s] Level 1:colcon.colcon_core.package_identification:_identify(src/rmf_bringup) by extensions ['colcon_pkg']
[0.133s] Level 1:colcon.colcon_core.package_identification:_identify(src/rmf_bringup) by extension 'colcon_pkg'
[0.133s] Level 1:colcon.colcon_core.package_identification:_identify(src/rmf_bringup) by extensions ['colcon_meta']
[0.133s] Level 1:colcon.colcon_core.package_identification:_identify(src/rmf_bringup) by extension 'colcon_meta'
[0.133s] Level 1:colcon.colcon_core.package_identification:_identify(src/rmf_bringup) by extensions ['ros']
[0.133s] Level 1:colcon.colcon_core.package_identification:_identify(src/rmf_bringup) by extension 'ros'
[0.134s] DEBUG:colcon.colcon_core.package_identification:Package 'src/rmf_bringup' with type 'ros.ament_python' and name 'rmf_bringup'
[0.134s] Level 1:colcon.colcon_core.package_identification:_identify(src/rmf_tests) by extensions ['ignore', 'ignore_ament_install']
[0.134s] Level 1:colcon.colcon_core.package_identification:_identify(src/rmf_tests) by extension 'ignore'
[0.134s] Level 1:colcon.colcon_core.package_identification:_identify(src/rmf_tests) by extension 'ignore_ament_install'
[0.134s] Level 1:colcon.colcon_core.package_identification:_identify(src/rmf_tests) by extensions ['colcon_pkg']
[0.134s] Level 1:colcon.colcon_core.package_identification:_identify(src/rmf_tests) by extension 'colcon_pkg'
[0.134s] Level 1:colcon.colcon_core.package_identification:_identify(src/rmf_tests) by extensions ['colcon_meta']
[0.134s] Level 1:colcon.colcon_core.package_identification:_identify(src/rmf_tests) by extension 'colcon_meta'
[0.134s] Level 1:colcon.colcon_core.package_identification:_identify(src/rmf_tests) by extensions ['ros']
[0.134s] Level 1:colcon.colcon_core.package_identification:_identify(src/rmf_tests) by extension 'ros'
[0.135s] DEBUG:colcon.colcon_core.package_identification:Package 'src/rmf_tests' with type 'ros.ament_python' and name 'rmf_tests'
[0.135s] Level 1:colcon.colcon_core.package_identification:_identify(src/robot_controller) by extensions ['ignore', 'ignore_ament_install']
[0.135s] Level 1:colcon.colcon_core.package_identification:_identify(src/robot_controller) by extension 'ignore'
[0.135s] Level 1:colcon.colcon_core.package_identification:_identify(src/robot_controller) by extension 'ignore_ament_install'
[0.135s] Level 1:colcon.colcon_core.package_identification:_identify(src/robot_controller) by extensions ['colcon_pkg']
[0.135s] Level 1:colcon.colcon_core.package_identification:_identify(src/robot_controller) by extension 'colcon_pkg'
[0.135s] Level 1:colcon.colcon_core.package_identification:_identify(src/robot_controller) by extensions ['colcon_meta']
[0.135s] Level 1:colcon.colcon_core.package_identification:_identify(src/robot_controller) by extension 'colcon_meta'
[0.135s] Level 1:colcon.colcon_core.package_identification:_identify(src/robot_controller) by extensions ['ros']
[0.135s] Level 1:colcon.colcon_core.package_identification:_identify(src/robot_controller) by extension 'ros'
[0.135s] DEBUG:colcon.colcon_core.package_identification:Package 'src/robot_controller' with type 'ros.ament_cmake' and name 'robot_controller'
[0.135s] Level 1:colcon.colcon_core.package_identification:_identify(src/robots_cv_sim) by extensions ['ignore', 'ignore_ament_install']
[0.135s] Level 1:colcon.colcon_core.package_identification:_identify(src/robots_cv_sim) by extension 'ignore'
[0.135s] Level 1:colcon.colcon_core.package_identification:_identify(src/robots_cv_sim) by extension 'ignore_ament_install'
[0.135s] Level 1:colcon.colcon_core.package_identification:_identify(src/robots_cv_sim) by extensions ['colcon_pkg']
[0.135s] Level 1:colcon.colcon_core.package_identification:_identify(src/robots_cv_sim) by extension 'colcon_pkg'
[0.136s] Level 1:colcon.colcon_core.package_identification:_identify(src/robots_cv_sim) by extensions ['colcon_meta']
[0.136s] Level 1:colcon.colcon_core.package_identification:_identify(src/robots_cv_sim) by extension 'colcon_meta'
[0.136s] Level 1:colcon.colcon_core.package_identification:_identify(src/robots_cv_sim) by extensions ['ros']
[0.136s] Level 1:colcon.colcon_core.package_identification:_identify(src/robots_cv_sim) by extension 'ros'
[0.136s] DEBUG:colcon.colcon_core.package_identification:Package 'src/robots_cv_sim' with type 'ros.ament_python' and name 'robots_cv_sim'
[0.136s] Level 1:colcon.colcon_core.package_identification:_identify(src/traffic_editor_assets) by extensions ['ignore', 'ignore_ament_install']
[0.136s] Level 1:colcon.colcon_core.package_identification:_identify(src/traffic_editor_assets) by extension 'ignore'
[0.136s] Level 1:colcon.colcon_core.package_identification:_identify(src/traffic_editor_assets) by extension 'ignore_ament_install'
[0.136s] Level 1:colcon.colcon_core.package_identification:_identify(src/traffic_editor_assets) by extensions ['colcon_pkg']
[0.136s] Level 1:colcon.colcon_core.package_identification:_identify(src/traffic_editor_assets) by extension 'colcon_pkg'
[0.136s] Level 1:colcon.colcon_core.package_identification:_identify(src/traffic_editor_assets) by extensions ['colcon_meta']
[0.136s] Level 1:colcon.colcon_core.package_identification:_identify(src/traffic_editor_assets) by extension 'colcon_meta'
[0.136s] Level 1:colcon.colcon_core.package_identification:_identify(src/traffic_editor_assets) by extensions ['ros']
[0.136s] Level 1:colcon.colcon_core.package_identification:_identify(src/traffic_editor_assets) by extension 'ros'
[0.137s] DEBUG:colcon.colcon_core.package_identification:Package 'src/traffic_editor_assets' with type 'ros.ament_cmake' and name 'traffic_editor_assets'
[0.137s] Level 1:colcon.colcon_core.package_discovery:discover_packages(recursive) using defaults
[0.137s] Level 1:colcon.colcon_core.package_discovery:discover_packages(ignore) discover
[0.137s] Level 1:colcon.colcon_core.package_discovery:discover_packages(ignore) using defaults
[0.137s] Level 1:colcon.colcon_core.package_discovery:discover_packages(path) discover
[0.137s] Level 1:colcon.colcon_core.package_discovery:discover_packages(path) using defaults
[0.153s] INFO:colcon.colcon_core.package_selection:Skipping not selected package 'robot_controller' in 'src/robot_controller'
[0.153s] INFO:colcon.colcon_core.package_selection:Skipping not selected package 'robots_cv_sim' in 'src/robots_cv_sim'
[0.153s] INFO:colcon.colcon_core.package_selection:Skipping not selected package 'traffic_editor_assets' in 'src/traffic_editor_assets'
[0.153s] INFO:colcon.colcon_core.package_selection:Skipping not selected package 'rmf_tests' in 'src/rmf_tests'
[0.153s] Level 5:colcon.colcon_core.verb:set package 'fleet_adapter' build argument 'cmake_args' from command line to 'None'
[0.153s] Level 5:colcon.colcon_core.verb:set package 'fleet_adapter' build argument 'cmake_target' from command line to 'None'
[0.153s] Level 5:colcon.colcon_core.verb:set package 'fleet_adapter' build argument 'cmake_target_skip_unavailable' from command line to 'False'
[0.153s] Level 5:colcon.colcon_core.verb:set package 'fleet_adapter' build argument 'cmake_clean_cache' from command line to 'False'
[0.153s] Level 5:colcon.colcon_core.verb:set package 'fleet_adapter' build argument 'cmake_clean_first' from command line to 'False'
[0.153s] Level 5:colcon.colcon_core.verb:set package 'fleet_adapter' build argument 'cmake_force_configure' from command line to 'False'
[0.153s] Level 5:colcon.colcon_core.verb:set package 'fleet_adapter' build argument 'ament_cmake_args' from command line to 'None'
[0.153s] Level 5:colcon.colcon_core.verb:set package 'fleet_adapter' build argument 'catkin_cmake_args' from command line to 'None'
[0.153s] Level 5:colcon.colcon_core.verb:set package 'fleet_adapter' build argument 'catkin_skip_building_tests' from command line to 'False'
[0.154s] DEBUG:colcon.colcon_core.verb:Building package 'fleet_adapter' with the following arguments: {'ament_cmake_args': None, 'build_base': '/home/dev/rmf_ws/build/fleet_adapter', 'catkin_cmake_args': None, 'catkin_skip_building_tests': False, 'cmake_args': None, 'cmake_clean_cache': False, 'cmake_clean_first': False, 'cmake_force_configure': False, 'cmake_target': None, 'cmake_target_skip_unavailable': False, 'install_base': '/home/dev/rmf_ws/install/fleet_adapter', 'merge_install': False, 'path': '/home/dev/rmf_ws/src/fleet_adapter', 'symlink_install': True, 'test_result_base': None}
[0.154s] Level 5:colcon.colcon_core.verb:set package 'rmf_bringup' build argument 'cmake_args' from command line to 'None'
[0.154s] Level 5:colcon.colcon_core.verb:set package 'rmf_bringup' build argument 'cmake_target' from command line to 'None'
[0.154s] Level 5:colcon.colcon_core.verb:set package 'rmf_bringup' build argument 'cmake_target_skip_unavailable' from command line to 'False'
[0.154s] Level 5:colcon.colcon_core.verb:set package 'rmf_bringup' build argument 'cmake_clean_cache' from command line to 'False'
[0.154s] Level 5:colcon.colcon_core.verb:set package 'rmf_bringup' build argument 'cmake_clean_first' from command line to 'False'
[0.154s] Level 5:colcon.colcon_core.verb:set package 'rmf_bringup' build argument 'cmake_force_configure' from command line to 'False'
[0.154s] Level 5:colcon.colcon_core.verb:set package 'rmf_bringup' build argument 'ament_cmake_args' from command line to 'None'
[0.154s] Level 5:colcon.colcon_core.verb:set package 'rmf_bringup' build argument 'catkin_cmake_args' from command line to 'None'
[0.154s] Level 5:colcon.colcon_core.verb:set package 'rmf_bringup' build argument 'catkin_skip_building_tests' from command line to 'False'
[0.154s] DEBUG:colcon.colcon_core.verb:Building package 'rmf_bringup' with the following arguments: {'ament_cmake_args': None, 'build_base': '/home/dev/rmf_ws/build/rmf_bringup', 'catkin_cmake_args': None, 'catkin_skip_building_tests': False, 'cmake_args': None, 'cmake_clean_cache': False, 'cmake_clean_first': False, 'cmake_force_configure': False, 'cmake_target': None, 'cmake_target_skip_unavailable': False, 'install_base': '/home/dev/rmf_ws/install/rmf_bringup', 'merge_install': False, 'path': '/home/dev/rmf_ws/src/rmf_bringup', 'symlink_install': True, 'test_result_base': None}
[0.154s] INFO:colcon.colcon_core.executor:Executing jobs using 'parallel' executor
[0.155s] DEBUG:colcon.colcon_parallel_executor.executor.parallel:run_until_complete
[0.155s] INFO:colcon.colcon_ros.task.ament_cmake.build:Building ROS package in '/home/dev/rmf_ws/src/fleet_adapter' with build type 'ament_cmake'
[0.155s] INFO:colcon.colcon_cmake.task.cmake.build:Building CMake package in '/home/dev/rmf_ws/src/fleet_adapter'
[0.157s] INFO:colcon.colcon_core.plugin_system:Skipping extension 'colcon_core.shell.bat': Not used on non-Windows systems
[0.157s] INFO:colcon.colcon_core.shell:Skip shell extension 'powershell' for command environment: Not usable outside of PowerShell
[0.157s] DEBUG:colcon.colcon_core.shell:Skip shell extension 'dsv' for command environment
[0.165s] DEBUG:colcon.colcon_core.event_handler.log_command:Invoking command in '/home/dev/rmf_ws/build/fleet_adapter': CMAKE_PREFIX_PATH=${CMAKE_PREFIX_PATH}:/opt/ros/jazzy /usr/bin/cmake --build /home/dev/rmf_ws/build/fleet_adapter -- -j16 -l16
[7.851s] DEBUG:colcon.colcon_core.event_handler.log_command:Invoked command in '/home/dev/rmf_ws/build/fleet_adapter' returned '2': CMAKE_PREFIX_PATH=${CMAKE_PREFIX_PATH}:/opt/ros/jazzy /usr/bin/cmake --build /home/dev/rmf_ws/build/fleet_adapter -- -j16 -l16
[7.852s] Level 1:colcon.colcon_core.environment:create_environment_scripts_only(fleet_adapter)
[7.856s] Level 1:colcon.colcon_core.environment:checking '/home/dev/rmf_ws/install/fleet_adapter' for CMake module files
[7.857s] Level 1:colcon.colcon_core.environment:checking '/home/dev/rmf_ws/install/fleet_adapter' for CMake config files
[7.858s] Level 1:colcon.colcon_core.shell:create_environment_hook('fleet_adapter', 'cmake_prefix_path')
[7.858s] INFO:colcon.colcon_core.shell:Creating environment hook '/home/dev/rmf_ws/install/fleet_adapter/share/fleet_adapter/hook/cmake_prefix_path.ps1'
[7.859s] INFO:colcon.colcon_core.shell:Creating environment descriptor '/home/dev/rmf_ws/install/fleet_adapter/share/fleet_adapter/hook/cmake_prefix_path.dsv'
[7.859s] INFO:colcon.colcon_core.shell:Creating environment hook '/home/dev/rmf_ws/install/fleet_adapter/share/fleet_adapter/hook/cmake_prefix_path.sh'
[7.861s] Level 1:colcon.colcon_core.environment:checking '/home/dev/rmf_ws/install/fleet_adapter/lib'
[7.861s] Level 1:colcon.colcon_core.environment:checking '/home/dev/rmf_ws/install/fleet_adapter/bin'
[7.861s] Level 1:colcon.colcon_core.environment:checking '/home/dev/rmf_ws/install/fleet_adapter/lib/pkgconfig/fleet_adapter.pc'
[7.863s] Level 1:colcon.colcon_core.environment:checking '/home/dev/rmf_ws/install/fleet_adapter/lib/python3.12/site-packages'
[7.863s] Level 1:colcon.colcon_core.environment:checking '/home/dev/rmf_ws/install/fleet_adapter/bin'
[7.864s] INFO:colcon.colcon_core.shell:Creating package script '/home/dev/rmf_ws/install/fleet_adapter/share/fleet_adapter/package.ps1'
[7.864s] INFO:colcon.colcon_core.shell:Creating package descriptor '/home/dev/rmf_ws/install/fleet_adapter/share/fleet_adapter/package.dsv'
[7.865s] INFO:colcon.colcon_core.shell:Creating package script '/home/dev/rmf_ws/install/fleet_adapter/share/fleet_adapter/package.sh'
[7.865s] INFO:colcon.colcon_core.shell:Creating package script '/home/dev/rmf_ws/install/fleet_adapter/share/fleet_adapter/package.bash'
[7.865s] INFO:colcon.colcon_core.shell:Creating package script '/home/dev/rmf_ws/install/fleet_adapter/share/fleet_adapter/package.zsh'
[7.866s] Level 1:colcon.colcon_core.environment:create_file_with_runtime_dependencies(/home/dev/rmf_ws/install/fleet_adapter/share/colcon-core/packages/fleet_adapter)
[7.866s] DEBUG:colcon.colcon_parallel_executor.executor.parallel:closing loop
[7.866s] DEBUG:colcon.colcon_parallel_executor.executor.parallel:loop closed
[7.866s] DEBUG:colcon.colcon_parallel_executor.executor.parallel:run_until_complete finished with '2'
[7.866s] DEBUG:colcon.colcon_core.event_reactor:joining thread
[7.874s] INFO:colcon.colcon_core.plugin_system:Skipping extension 'colcon_notification.desktop_notification.notify_send': Could not find 'notify-send'
[7.874s] INFO:colcon.colcon_core.plugin_system:Skipping extension 'colcon_notification.desktop_notification.terminal_notifier': Not used on non-Darwin systems
[7.875s] INFO:colcon.colcon_core.plugin_system:Skipping extension 'colcon_notification.desktop_notification.win32': Not used on non-Windows systems
[7.875s] INFO:colcon.colcon_notification.desktop_notification:Sending desktop notification using 'notify2'
[7.877s] DEBUG:colcon.colcon_notification.desktop_notification.notify2:Failed to initialize notify2: org.freedesktop.DBus.Error.Spawn.ExecFailed: /usr/bin/dbus-launch terminated abnormally without any error message
[7.878s] DEBUG:colcon.colcon_core.event_reactor:joined thread
[7.879s] INFO:colcon.colcon_core.shell:Creating prefix script '/home/dev/rmf_ws/install/local_setup.ps1'
[7.880s] INFO:colcon.colcon_core.shell:Creating prefix util module '/home/dev/rmf_ws/install/_local_setup_util_ps1.py'
[7.882s] INFO:colcon.colcon_core.shell:Creating prefix chain script '/home/dev/rmf_ws/install/setup.ps1'
[7.884s] INFO:colcon.colcon_core.shell:Creating prefix script '/home/dev/rmf_ws/install/local_setup.sh'
[7.885s] INFO:colcon.colcon_core.shell:Creating prefix util module '/home/dev/rmf_ws/install/_local_setup_util_sh.py'
[7.886s] INFO:colcon.colcon_core.shell:Creating prefix chain script '/home/dev/rmf_ws/install/setup.sh'
[7.887s] INFO:colcon.colcon_core.shell:Creating prefix script '/home/dev/rmf_ws/install/local_setup.bash'
[7.888s] INFO:colcon.colcon_core.shell:Creating prefix chain script '/home/dev/rmf_ws/install/setup.bash'
[7.888s] INFO:colcon.colcon_core.shell:Creating prefix script '/home/dev/rmf_ws/install/local_setup.zsh'
[7.889s] INFO:colcon.colcon_core.shell:Creating prefix chain script '/home/dev/rmf_ws/install/setup.zsh'
