[0.076s] DEBUG:colcon:Command line arguments: ['/usr/bin/colcon', 'build', '--symlink-install', '--packages-select', 'fleet_adapter']
[0.076s] DEBUG:colcon:Parsed command line arguments: Namespace(log_base=None, log_level=None, verb_name='build', build_base='build', install_base='install', merge_install=False, symlink_install=True, test_result_base=None, continue_on_error=False, executor='parallel', parallel_workers=16, event_handlers=None, ignore_user_meta=False, metas=['./colcon.meta'], base_paths=['.'], packages_ignore=None, packages_ignore_regex=None, paths=None, packages_up_to=None, packages_up_to_regex=None, packages_above=None, packages_above_and_dependencies=None, packages_above_depth=None, packages_select_by_dep=None, packages_skip_by_dep=None, packages_skip_up_to=None, packages_select_build_failed=False, packages_skip_build_finished=False, packages_select_test_failures=False, packages_skip_test_passed=False, packages_select=['fleet_adapter'], packages_skip=None, packages_select_regex=None, packages_skip_regex=None, packages_start=None, packages_end=None, cmake_args=None, cmake_target=None, cmake_target_skip_unavailable=False, cmake_clean_cache=False, cmake_clean_first=False, cmake_force_configure=False, ament_cmake_args=None, catkin_cmake_args=None, catkin_skip_building_tests=False, mixin_files=None, mixin=None, verb_parser=<colcon_mixin.mixin.mixin_argument.MixinArgumentDecorator object at 0x7fbb59781820>, verb_extension=<colcon_core.verb.build.BuildVerb object at 0x7fbb5a2a1b80>, main=<bound method BuildVerb.main of <colcon_core.verb.build.BuildVerb object at 0x7fbb5a2a1b80>>, mixin_verb=('build',))
[0.105s] Level 1:colcon.colcon_core.package_discovery:discover_packages(colcon_meta) check parameters
[0.105s] Level 1:colcon.colcon_core.package_discovery:discover_packages(recursive) check parameters
[0.106s] Level 1:colcon.colcon_core.package_discovery:discover_packages(ignore) check parameters
[0.106s] Level 1:colcon.colcon_core.package_discovery:discover_packages(path) check parameters
[0.106s] Level 1:colcon.colcon_core.package_discovery:discover_packages(colcon_meta) discover
[0.106s] Level 1:colcon.colcon_core.package_discovery:discover_packages(recursive) discover
[0.106s] INFO:colcon.colcon_core.package_discovery:Crawling recursively for packages in '/home/dev/rmf_ws'
[0.106s] Level 1:colcon.colcon_core.package_identification:_identify(.) by extensions ['ignore', 'ignore_ament_install']
[0.106s] Level 1:colcon.colcon_core.package_identification:_identify(.) by extension 'ignore'
[0.106s] Level 1:colcon.colcon_core.package_identification:_identify(.) by extension 'ignore_ament_install'
[0.106s] Level 1:colcon.colcon_core.package_identification:_identify(.) by extensions ['colcon_pkg']
[0.106s] Level 1:colcon.colcon_core.package_identification:_identify(.) by extension 'colcon_pkg'
[0.106s] Level 1:colcon.colcon_core.package_identification:_identify(.) by extensions ['colcon_meta']
[0.106s] Level 1:colcon.colcon_core.package_identification:_identify(.) by extension 'colcon_meta'
[0.106s] Level 1:colcon.colcon_core.package_identification:_identify(.) by extensions ['ros']
[0.106s] Level 1:colcon.colcon_core.package_identification:_identify(.) by extension 'ros'
[0.125s] Level 1:colcon.colcon_core.package_identification:_identify(.) by extensions ['cmake', 'python']
[0.125s] Level 1:colcon.colcon_core.package_identification:_identify(.) by extension 'cmake'
[0.125s] Level 1:colcon.colcon_core.package_identification:_identify(.) by extension 'python'
[0.125s] Level 1:colcon.colcon_core.package_identification:_identify(.) by extensions ['python_setup_py']
[0.125s] Level 1:colcon.colcon_core.package_identification:_identify(.) by extension 'python_setup_py'
[0.126s] Level 1:colcon.colcon_core.package_identification:_identify(build) by extensions ['ignore', 'ignore_ament_install']
[0.126s] Level 1:colcon.colcon_core.package_identification:_identify(build) by extension 'ignore'
[0.126s] Level 1:colcon.colcon_core.package_identification:_identify(build) ignored
[0.126s] Level 1:colcon.colcon_core.package_identification:_identify(install) by extensions ['ignore', 'ignore_ament_install']
[0.126s] Level 1:colcon.colcon_core.package_identification:_identify(install) by extension 'ignore'
[0.126s] Level 1:colcon.colcon_core.package_identification:_identify(install) ignored
[0.126s] Level 1:colcon.colcon_core.package_identification:_identify(log) by extensions ['ignore', 'ignore_ament_install']
[0.126s] Level 1:colcon.colcon_core.package_identification:_identify(log) by extension 'ignore'
[0.126s] Level 1:colcon.colcon_core.package_identification:_identify(log) ignored
[0.126s] Level 1:colcon.colcon_core.package_identification:_identify(src) by extensions ['ignore', 'ignore_ament_install']
[0.126s] Level 1:colcon.colcon_core.package_identification:_identify(src) by extension 'ignore'
[0.126s] Level 1:colcon.colcon_core.package_identification:_identify(src) by extension 'ignore_ament_install'
[0.126s] Level 1:colcon.colcon_core.package_identification:_identify(src) by extensions ['colcon_pkg']
[0.126s] Level 1:colcon.colcon_core.package_identification:_identify(src) by extension 'colcon_pkg'
[0.126s] Level 1:colcon.colcon_core.package_identification:_identify(src) by extensions ['colcon_meta']
[0.126s] Level 1:colcon.colcon_core.package_identification:_identify(src) by extension 'colcon_meta'
[0.126s] Level 1:colcon.colcon_core.package_identification:_identify(src) by extensions ['ros']
[0.126s] Level 1:colcon.colcon_core.package_identification:_identify(src) by extension 'ros'
[0.126s] Level 1:colcon.colcon_core.package_identification:_identify(src) by extensions ['cmake', 'python']
[0.126s] Level 1:colcon.colcon_core.package_identification:_identify(src) by extension 'cmake'
[0.127s] Level 1:colcon.colcon_core.package_identification:_identify(src) by extension 'python'
[0.127s] Level 1:colcon.colcon_core.package_identification:_identify(src) by extensions ['python_setup_py']
[0.127s] Level 1:colcon.colcon_core.package_identification:_identify(src) by extension 'python_setup_py'
[0.127s] Level 1:colcon.colcon_core.package_identification:_identify(src/fleet_adapter) by extensions ['ignore', 'ignore_ament_install']
[0.127s] Level 1:colcon.colcon_core.package_identification:_identify(src/fleet_adapter) by extension 'ignore'
[0.127s] Level 1:colcon.colcon_core.package_identification:_identify(src/fleet_adapter) by extension 'ignore_ament_install'
[0.127s] Level 1:colcon.colcon_core.package_identification:_identify(src/fleet_adapter) by extensions ['colcon_pkg']
[0.127s] Level 1:colcon.colcon_core.package_identification:_identify(src/fleet_adapter) by extension 'colcon_pkg'
[0.127s] Level 1:colcon.colcon_core.package_identification:_identify(src/fleet_adapter) by extensions ['colcon_meta']
[0.127s] Level 1:colcon.colcon_core.package_identification:_identify(src/fleet_adapter) by extension 'colcon_meta'
[0.127s] Level 1:colcon.colcon_core.package_identification:_identify(src/fleet_adapter) by extensions ['ros']
[0.127s] Level 1:colcon.colcon_core.package_identification:_identify(src/fleet_adapter) by extension 'ros'
[0.129s] DEBUG:colcon.colcon_core.package_identification:Package 'src/fleet_adapter' with type 'ros.ament_cmake' and name 'fleet_adapter'
[0.129s] Level 1:colcon.colcon_core.package_identification:_identify(src/rmf_bringup) by extensions ['ignore', 'ignore_ament_install']
[0.129s] Level 1:colcon.colcon_core.package_identification:_identify(src/rmf_bringup) by extension 'ignore'
[0.129s] Level 1:colcon.colcon_core.package_identification:_identify(src/rmf_bringup) by extension 'ignore_ament_install'
[0.129s] Level 1:colcon.colcon_core.package_identification:_identify(src/rmf_bringup) by extensions ['colcon_pkg']
[0.129s] Level 1:colcon.colcon_core.package_identification:_identify(src/rmf_bringup) by extension 'colcon_pkg'
[0.129s] Level 1:colcon.colcon_core.package_identification:_identify(src/rmf_bringup) by extensions ['colcon_meta']
[0.129s] Level 1:colcon.colcon_core.package_identification:_identify(src/rmf_bringup) by extension 'colcon_meta'
[0.129s] Level 1:colcon.colcon_core.package_identification:_identify(src/rmf_bringup) by extensions ['ros']
[0.129s] Level 1:colcon.colcon_core.package_identification:_identify(src/rmf_bringup) by extension 'ros'
[0.130s] DEBUG:colcon.colcon_core.package_identification:Package 'src/rmf_bringup' with type 'ros.ament_python' and name 'rmf_bringup'
[0.130s] Level 1:colcon.colcon_core.package_identification:_identify(src/rmf_tests) by extensions ['ignore', 'ignore_ament_install']
[0.130s] Level 1:colcon.colcon_core.package_identification:_identify(src/rmf_tests) by extension 'ignore'
[0.130s] Level 1:colcon.colcon_core.package_identification:_identify(src/rmf_tests) by extension 'ignore_ament_install'
[0.130s] Level 1:colcon.colcon_core.package_identification:_identify(src/rmf_tests) by extensions ['colcon_pkg']
[0.130s] Level 1:colcon.colcon_core.package_identification:_identify(src/rmf_tests) by extension 'colcon_pkg'
[0.130s] Level 1:colcon.colcon_core.package_identification:_identify(src/rmf_tests) by extensions ['colcon_meta']
[0.130s] Level 1:colcon.colcon_core.package_identification:_identify(src/rmf_tests) by extension 'colcon_meta'
[0.130s] Level 1:colcon.colcon_core.package_identification:_identify(src/rmf_tests) by extensions ['ros']
[0.130s] Level 1:colcon.colcon_core.package_identification:_identify(src/rmf_tests) by extension 'ros'
[0.131s] DEBUG:colcon.colcon_core.package_identification:Package 'src/rmf_tests' with type 'ros.ament_python' and name 'rmf_tests'
[0.131s] Level 1:colcon.colcon_core.package_identification:_identify(src/robot_controller) by extensions ['ignore', 'ignore_ament_install']
[0.131s] Level 1:colcon.colcon_core.package_identification:_identify(src/robot_controller) by extension 'ignore'
[0.131s] Level 1:colcon.colcon_core.package_identification:_identify(src/robot_controller) by extension 'ignore_ament_install'
[0.131s] Level 1:colcon.colcon_core.package_identification:_identify(src/robot_controller) by extensions ['colcon_pkg']
[0.131s] Level 1:colcon.colcon_core.package_identification:_identify(src/robot_controller) by extension 'colcon_pkg'
[0.131s] Level 1:colcon.colcon_core.package_identification:_identify(src/robot_controller) by extensions ['colcon_meta']
[0.131s] Level 1:colcon.colcon_core.package_identification:_identify(src/robot_controller) by extension 'colcon_meta'
[0.131s] Level 1:colcon.colcon_core.package_identification:_identify(src/robot_controller) by extensions ['ros']
[0.131s] Level 1:colcon.colcon_core.package_identification:_identify(src/robot_controller) by extension 'ros'
[0.131s] DEBUG:colcon.colcon_core.package_identification:Package 'src/robot_controller' with type 'ros.ament_cmake' and name 'robot_controller'
[0.131s] Level 1:colcon.colcon_core.package_identification:_identify(src/robots_cv_sim) by extensions ['ignore', 'ignore_ament_install']
[0.131s] Level 1:colcon.colcon_core.package_identification:_identify(src/robots_cv_sim) by extension 'ignore'
[0.132s] Level 1:colcon.colcon_core.package_identification:_identify(src/robots_cv_sim) by extension 'ignore_ament_install'
[0.132s] Level 1:colcon.colcon_core.package_identification:_identify(src/robots_cv_sim) by extensions ['colcon_pkg']
[0.132s] Level 1:colcon.colcon_core.package_identification:_identify(src/robots_cv_sim) by extension 'colcon_pkg'
[0.132s] Level 1:colcon.colcon_core.package_identification:_identify(src/robots_cv_sim) by extensions ['colcon_meta']
[0.132s] Level 1:colcon.colcon_core.package_identification:_identify(src/robots_cv_sim) by extension 'colcon_meta'
[0.132s] Level 1:colcon.colcon_core.package_identification:_identify(src/robots_cv_sim) by extensions ['ros']
[0.132s] Level 1:colcon.colcon_core.package_identification:_identify(src/robots_cv_sim) by extension 'ros'
[0.132s] DEBUG:colcon.colcon_core.package_identification:Package 'src/robots_cv_sim' with type 'ros.ament_python' and name 'robots_cv_sim'
[0.132s] Level 1:colcon.colcon_core.package_identification:_identify(src/traffic_editor_assets) by extensions ['ignore', 'ignore_ament_install']
[0.132s] Level 1:colcon.colcon_core.package_identification:_identify(src/traffic_editor_assets) by extension 'ignore'
[0.132s] Level 1:colcon.colcon_core.package_identification:_identify(src/traffic_editor_assets) by extension 'ignore_ament_install'
[0.132s] Level 1:colcon.colcon_core.package_identification:_identify(src/traffic_editor_assets) by extensions ['colcon_pkg']
[0.132s] Level 1:colcon.colcon_core.package_identification:_identify(src/traffic_editor_assets) by extension 'colcon_pkg'
[0.132s] Level 1:colcon.colcon_core.package_identification:_identify(src/traffic_editor_assets) by extensions ['colcon_meta']
[0.132s] Level 1:colcon.colcon_core.package_identification:_identify(src/traffic_editor_assets) by extension 'colcon_meta'
[0.132s] Level 1:colcon.colcon_core.package_identification:_identify(src/traffic_editor_assets) by extensions ['ros']
[0.132s] Level 1:colcon.colcon_core.package_identification:_identify(src/traffic_editor_assets) by extension 'ros'
[0.133s] DEBUG:colcon.colcon_core.package_identification:Package 'src/traffic_editor_assets' with type 'ros.ament_cmake' and name 'traffic_editor_assets'
[0.133s] Level 1:colcon.colcon_core.package_discovery:discover_packages(recursive) using defaults
[0.133s] Level 1:colcon.colcon_core.package_discovery:discover_packages(ignore) discover
[0.133s] Level 1:colcon.colcon_core.package_discovery:discover_packages(ignore) using defaults
[0.133s] Level 1:colcon.colcon_core.package_discovery:discover_packages(path) discover
[0.133s] Level 1:colcon.colcon_core.package_discovery:discover_packages(path) using defaults
[0.146s] INFO:colcon.colcon_core.package_selection:Skipping not selected package 'robot_controller' in 'src/robot_controller'
[0.146s] INFO:colcon.colcon_core.package_selection:Skipping not selected package 'robots_cv_sim' in 'src/robots_cv_sim'
[0.146s] INFO:colcon.colcon_core.package_selection:Skipping not selected package 'traffic_editor_assets' in 'src/traffic_editor_assets'
[0.146s] INFO:colcon.colcon_core.package_selection:Skipping not selected package 'rmf_tests' in 'src/rmf_tests'
[0.146s] INFO:colcon.colcon_core.package_selection:Skipping not selected package 'rmf_bringup' in 'src/rmf_bringup'
[0.146s] Level 5:colcon.colcon_core.verb:set package 'fleet_adapter' build argument 'cmake_args' from command line to 'None'
[0.146s] Level 5:colcon.colcon_core.verb:set package 'fleet_adapter' build argument 'cmake_target' from command line to 'None'
[0.147s] Level 5:colcon.colcon_core.verb:set package 'fleet_adapter' build argument 'cmake_target_skip_unavailable' from command line to 'False'
[0.147s] Level 5:colcon.colcon_core.verb:set package 'fleet_adapter' build argument 'cmake_clean_cache' from command line to 'False'
[0.147s] Level 5:colcon.colcon_core.verb:set package 'fleet_adapter' build argument 'cmake_clean_first' from command line to 'False'
[0.147s] Level 5:colcon.colcon_core.verb:set package 'fleet_adapter' build argument 'cmake_force_configure' from command line to 'False'
[0.147s] Level 5:colcon.colcon_core.verb:set package 'fleet_adapter' build argument 'ament_cmake_args' from command line to 'None'
[0.147s] Level 5:colcon.colcon_core.verb:set package 'fleet_adapter' build argument 'catkin_cmake_args' from command line to 'None'
[0.147s] Level 5:colcon.colcon_core.verb:set package 'fleet_adapter' build argument 'catkin_skip_building_tests' from command line to 'False'
[0.147s] DEBUG:colcon.colcon_core.verb:Building package 'fleet_adapter' with the following arguments: {'ament_cmake_args': None, 'build_base': '/home/dev/rmf_ws/build/fleet_adapter', 'catkin_cmake_args': None, 'catkin_skip_building_tests': False, 'cmake_args': None, 'cmake_clean_cache': False, 'cmake_clean_first': False, 'cmake_force_configure': False, 'cmake_target': None, 'cmake_target_skip_unavailable': False, 'install_base': '/home/dev/rmf_ws/install/fleet_adapter', 'merge_install': False, 'path': '/home/dev/rmf_ws/src/fleet_adapter', 'symlink_install': True, 'test_result_base': None}
[0.147s] INFO:colcon.colcon_core.executor:Executing jobs using 'parallel' executor
[0.147s] DEBUG:colcon.colcon_parallel_executor.executor.parallel:run_until_complete
[0.148s] INFO:colcon.colcon_ros.task.ament_cmake.build:Building ROS package in '/home/dev/rmf_ws/src/fleet_adapter' with build type 'ament_cmake'
[0.148s] INFO:colcon.colcon_cmake.task.cmake.build:Building CMake package in '/home/dev/rmf_ws/src/fleet_adapter'
[0.150s] INFO:colcon.colcon_core.plugin_system:Skipping extension 'colcon_core.shell.bat': Not used on non-Windows systems
[0.150s] INFO:colcon.colcon_core.shell:Skip shell extension 'powershell' for command environment: Not usable outside of PowerShell
[0.150s] DEBUG:colcon.colcon_core.shell:Skip shell extension 'dsv' for command environment
[0.158s] DEBUG:colcon.colcon_core.event_handler.log_command:Invoking command in '/home/dev/rmf_ws/build/fleet_adapter': CMAKE_PREFIX_PATH=${CMAKE_PREFIX_PATH}:/opt/ros/jazzy /usr/bin/cmake --build /home/dev/rmf_ws/build/fleet_adapter -- -j16 -l16
[12.560s] DEBUG:colcon.colcon_core.event_handler.log_command:Invoked command in '/home/dev/rmf_ws/build/fleet_adapter' returned '0': CMAKE_PREFIX_PATH=${CMAKE_PREFIX_PATH}:/opt/ros/jazzy /usr/bin/cmake --build /home/dev/rmf_ws/build/fleet_adapter -- -j16 -l16
[12.576s] DEBUG:colcon.colcon_core.event_handler.log_command:Invoking command in '/home/dev/rmf_ws/build/fleet_adapter': CMAKE_PREFIX_PATH=${CMAKE_PREFIX_PATH}:/opt/ros/jazzy /usr/bin/cmake --install /home/dev/rmf_ws/build/fleet_adapter
[12.597s] Level 1:colcon.colcon_core.environment:create_environment_scripts_only(fleet_adapter)
[12.598s] DEBUG:colcon.colcon_core.event_handler.log_command:Invoked command in '/home/dev/rmf_ws/build/fleet_adapter' returned '0': CMAKE_PREFIX_PATH=${CMAKE_PREFIX_PATH}:/opt/ros/jazzy /usr/bin/cmake --install /home/dev/rmf_ws/build/fleet_adapter
[12.602s] Level 1:colcon.colcon_core.environment:checking '/home/dev/rmf_ws/install/fleet_adapter' for CMake module files
[12.603s] Level 1:colcon.colcon_core.environment:checking '/home/dev/rmf_ws/install/fleet_adapter' for CMake config files
[12.603s] Level 1:colcon.colcon_core.shell:create_environment_hook('fleet_adapter', 'cmake_prefix_path')
[12.604s] INFO:colcon.colcon_core.shell:Creating environment hook '/home/dev/rmf_ws/install/fleet_adapter/share/fleet_adapter/hook/cmake_prefix_path.ps1'
[12.605s] INFO:colcon.colcon_core.shell:Creating environment descriptor '/home/dev/rmf_ws/install/fleet_adapter/share/fleet_adapter/hook/cmake_prefix_path.dsv'
[12.606s] INFO:colcon.colcon_core.shell:Creating environment hook '/home/dev/rmf_ws/install/fleet_adapter/share/fleet_adapter/hook/cmake_prefix_path.sh'
[12.607s] Level 1:colcon.colcon_core.environment:checking '/home/dev/rmf_ws/install/fleet_adapter/lib'
[12.607s] Level 1:colcon.colcon_core.environment:checking '/home/dev/rmf_ws/install/fleet_adapter/bin'
[12.607s] Level 1:colcon.colcon_core.environment:checking '/home/dev/rmf_ws/install/fleet_adapter/lib/pkgconfig/fleet_adapter.pc'
[12.608s] Level 1:colcon.colcon_core.environment:checking '/home/dev/rmf_ws/install/fleet_adapter/lib/python3.12/site-packages'
[12.608s] Level 1:colcon.colcon_core.environment:checking '/home/dev/rmf_ws/install/fleet_adapter/bin'
[12.608s] INFO:colcon.colcon_core.shell:Creating package script '/home/dev/rmf_ws/install/fleet_adapter/share/fleet_adapter/package.ps1'
[12.609s] INFO:colcon.colcon_core.shell:Creating package descriptor '/home/dev/rmf_ws/install/fleet_adapter/share/fleet_adapter/package.dsv'
[12.609s] INFO:colcon.colcon_core.shell:Creating package script '/home/dev/rmf_ws/install/fleet_adapter/share/fleet_adapter/package.sh'
[12.610s] INFO:colcon.colcon_core.shell:Creating package script '/home/dev/rmf_ws/install/fleet_adapter/share/fleet_adapter/package.bash'
[12.610s] INFO:colcon.colcon_core.shell:Creating package script '/home/dev/rmf_ws/install/fleet_adapter/share/fleet_adapter/package.zsh'
[12.610s] Level 1:colcon.colcon_core.environment:create_file_with_runtime_dependencies(/home/dev/rmf_ws/install/fleet_adapter/share/colcon-core/packages/fleet_adapter)
[12.611s] Level 1:colcon.colcon_core.environment:create_environment_scripts_only(fleet_adapter)
[12.611s] Level 1:colcon.colcon_core.environment:checking '/home/dev/rmf_ws/install/fleet_adapter' for CMake module files
[12.611s] Level 1:colcon.colcon_core.environment:checking '/home/dev/rmf_ws/install/fleet_adapter' for CMake config files
[12.611s] Level 1:colcon.colcon_core.shell:create_environment_hook('fleet_adapter', 'cmake_prefix_path')
[12.611s] INFO:colcon.colcon_core.shell:Creating environment hook '/home/dev/rmf_ws/install/fleet_adapter/share/fleet_adapter/hook/cmake_prefix_path.ps1'
[12.612s] INFO:colcon.colcon_core.shell:Creating environment descriptor '/home/dev/rmf_ws/install/fleet_adapter/share/fleet_adapter/hook/cmake_prefix_path.dsv'
[12.612s] INFO:colcon.colcon_core.shell:Creating environment hook '/home/dev/rmf_ws/install/fleet_adapter/share/fleet_adapter/hook/cmake_prefix_path.sh'
[12.612s] Level 1:colcon.colcon_core.environment:checking '/home/dev/rmf_ws/install/fleet_adapter/lib'
[12.612s] Level 1:colcon.colcon_core.environment:checking '/home/dev/rmf_ws/install/fleet_adapter/bin'
[12.612s] Level 1:colcon.colcon_core.environment:checking '/home/dev/rmf_ws/install/fleet_adapter/lib/pkgconfig/fleet_adapter.pc'
[12.612s] Level 1:colcon.colcon_core.environment:checking '/home/dev/rmf_ws/install/fleet_adapter/lib/python3.12/site-packages'
[12.613s] Level 1:colcon.colcon_core.environment:checking '/home/dev/rmf_ws/install/fleet_adapter/bin'
[12.613s] INFO:colcon.colcon_core.shell:Creating package script '/home/dev/rmf_ws/install/fleet_adapter/share/fleet_adapter/package.ps1'
[12.613s] INFO:colcon.colcon_core.shell:Creating package descriptor '/home/dev/rmf_ws/install/fleet_adapter/share/fleet_adapter/package.dsv'
[12.613s] INFO:colcon.colcon_core.shell:Creating package script '/home/dev/rmf_ws/install/fleet_adapter/share/fleet_adapter/package.sh'
[12.614s] INFO:colcon.colcon_core.shell:Creating package script '/home/dev/rmf_ws/install/fleet_adapter/share/fleet_adapter/package.bash'
[12.614s] INFO:colcon.colcon_core.shell:Creating package script '/home/dev/rmf_ws/install/fleet_adapter/share/fleet_adapter/package.zsh'
[12.614s] Level 1:colcon.colcon_core.environment:create_file_with_runtime_dependencies(/home/dev/rmf_ws/install/fleet_adapter/share/colcon-core/packages/fleet_adapter)
[12.614s] DEBUG:colcon.colcon_parallel_executor.executor.parallel:closing loop
[12.614s] DEBUG:colcon.colcon_parallel_executor.executor.parallel:loop closed
[12.615s] DEBUG:colcon.colcon_parallel_executor.executor.parallel:run_until_complete finished with '0'
[12.615s] DEBUG:colcon.colcon_core.event_reactor:joining thread
[12.626s] INFO:colcon.colcon_core.plugin_system:Skipping extension 'colcon_notification.desktop_notification.notify_send': Could not find 'notify-send'
[12.626s] INFO:colcon.colcon_core.plugin_system:Skipping extension 'colcon_notification.desktop_notification.terminal_notifier': Not used on non-Darwin systems
[12.626s] INFO:colcon.colcon_core.plugin_system:Skipping extension 'colcon_notification.desktop_notification.win32': Not used on non-Windows systems
[12.626s] INFO:colcon.colcon_notification.desktop_notification:Sending desktop notification using 'notify2'
[12.629s] DEBUG:colcon.colcon_notification.desktop_notification.notify2:Failed to initialize notify2: org.freedesktop.DBus.Error.Spawn.ExecFailed: /usr/bin/dbus-launch terminated abnormally without any error message
[12.629s] DEBUG:colcon.colcon_core.event_reactor:joined thread
[12.630s] INFO:colcon.colcon_core.shell:Creating prefix script '/home/dev/rmf_ws/install/local_setup.ps1'
[12.632s] INFO:colcon.colcon_core.shell:Creating prefix util module '/home/dev/rmf_ws/install/_local_setup_util_ps1.py'
[12.634s] INFO:colcon.colcon_core.shell:Creating prefix chain script '/home/dev/rmf_ws/install/setup.ps1'
[12.636s] INFO:colcon.colcon_core.shell:Creating prefix script '/home/dev/rmf_ws/install/local_setup.sh'
[12.637s] INFO:colcon.colcon_core.shell:Creating prefix util module '/home/dev/rmf_ws/install/_local_setup_util_sh.py'
[12.638s] INFO:colcon.colcon_core.shell:Creating prefix chain script '/home/dev/rmf_ws/install/setup.sh'
[12.640s] INFO:colcon.colcon_core.shell:Creating prefix script '/home/dev/rmf_ws/install/local_setup.bash'
[12.640s] INFO:colcon.colcon_core.shell:Creating prefix chain script '/home/dev/rmf_ws/install/setup.bash'
[12.642s] INFO:colcon.colcon_core.shell:Creating prefix script '/home/dev/rmf_ws/install/local_setup.zsh'
[12.642s] INFO:colcon.colcon_core.shell:Creating prefix chain script '/home/dev/rmf_ws/install/setup.zsh'
