[0.078s] DEBUG:colcon:Command line arguments: ['/usr/bin/colcon', 'build', '--symlink-install']
[0.078s] DEBUG:colcon:Parsed command line arguments: Namespace(log_base=None, log_level=None, verb_name='build', build_base='build', install_base='install', merge_install=False, symlink_install=True, test_result_base=None, continue_on_error=False, executor='parallel', parallel_workers=16, event_handlers=None, ignore_user_meta=False, metas=['./colcon.meta'], base_paths=['.'], packages_ignore=None, packages_ignore_regex=None, paths=None, packages_up_to=None, packages_up_to_regex=None, packages_above=None, packages_above_and_dependencies=None, packages_above_depth=None, packages_select_by_dep=None, packages_skip_by_dep=None, packages_skip_up_to=None, packages_select_build_failed=False, packages_skip_build_finished=False, packages_select_test_failures=False, packages_skip_test_passed=False, packages_select=None, packages_skip=None, packages_select_regex=None, packages_skip_regex=None, packages_start=None, packages_end=None, cmake_args=None, cmake_target=None, cmake_target_skip_unavailable=False, cmake_clean_cache=False, cmake_clean_first=False, cmake_force_configure=False, ament_cmake_args=None, catkin_cmake_args=None, catkin_skip_building_tests=False, mixin_files=None, mixin=None, verb_parser=<colcon_mixin.mixin.mixin_argument.MixinArgumentDecorator object at 0x7efc6773faa0>, verb_extension=<colcon_core.verb.build.BuildVerb object at 0x7efc6788a210>, main=<bound method BuildVerb.main of <colcon_core.verb.build.BuildVerb object at 0x7efc6788a210>>, mixin_verb=('build',))
[0.106s] Level 1:colcon.colcon_core.package_discovery:discover_packages(colcon_meta) check parameters
[0.106s] Level 1:colcon.colcon_core.package_discovery:discover_packages(recursive) check parameters
[0.107s] Level 1:colcon.colcon_core.package_discovery:discover_packages(ignore) check parameters
[0.107s] Level 1:colcon.colcon_core.package_discovery:discover_packages(path) check parameters
[0.107s] Level 1:colcon.colcon_core.package_discovery:discover_packages(colcon_meta) discover
[0.107s] Level 1:colcon.colcon_core.package_discovery:discover_packages(recursive) discover
[0.107s] INFO:colcon.colcon_core.package_discovery:Crawling recursively for packages in '/home/dev/rmf_ws'
[0.107s] Level 1:colcon.colcon_core.package_identification:_identify(.) by extensions ['ignore', 'ignore_ament_install']
[0.107s] Level 1:colcon.colcon_core.package_identification:_identify(.) by extension 'ignore'
[0.107s] Level 1:colcon.colcon_core.package_identification:_identify(.) by extension 'ignore_ament_install'
[0.107s] Level 1:colcon.colcon_core.package_identification:_identify(.) by extensions ['colcon_pkg']
[0.107s] Level 1:colcon.colcon_core.package_identification:_identify(.) by extension 'colcon_pkg'
[0.107s] Level 1:colcon.colcon_core.package_identification:_identify(.) by extensions ['colcon_meta']
[0.107s] Level 1:colcon.colcon_core.package_identification:_identify(.) by extension 'colcon_meta'
[0.107s] Level 1:colcon.colcon_core.package_identification:_identify(.) by extensions ['ros']
[0.107s] Level 1:colcon.colcon_core.package_identification:_identify(.) by extension 'ros'
[0.124s] Level 1:colcon.colcon_core.package_identification:_identify(.) by extensions ['cmake', 'python']
[0.124s] Level 1:colcon.colcon_core.package_identification:_identify(.) by extension 'cmake'
[0.124s] Level 1:colcon.colcon_core.package_identification:_identify(.) by extension 'python'
[0.124s] Level 1:colcon.colcon_core.package_identification:_identify(.) by extensions ['python_setup_py']
[0.125s] Level 1:colcon.colcon_core.package_identification:_identify(.) by extension 'python_setup_py'
[0.125s] Level 1:colcon.colcon_core.package_identification:_identify(build) by extensions ['ignore', 'ignore_ament_install']
[0.125s] Level 1:colcon.colcon_core.package_identification:_identify(build) by extension 'ignore'
[0.125s] Level 1:colcon.colcon_core.package_identification:_identify(build) ignored
[0.125s] Level 1:colcon.colcon_core.package_identification:_identify(install) by extensions ['ignore', 'ignore_ament_install']
[0.125s] Level 1:colcon.colcon_core.package_identification:_identify(install) by extension 'ignore'
[0.125s] Level 1:colcon.colcon_core.package_identification:_identify(install) ignored
[0.125s] Level 1:colcon.colcon_core.package_identification:_identify(log) by extensions ['ignore', 'ignore_ament_install']
[0.125s] Level 1:colcon.colcon_core.package_identification:_identify(log) by extension 'ignore'
[0.125s] Level 1:colcon.colcon_core.package_identification:_identify(log) ignored
[0.125s] Level 1:colcon.colcon_core.package_identification:_identify(src) by extensions ['ignore', 'ignore_ament_install']
[0.125s] Level 1:colcon.colcon_core.package_identification:_identify(src) by extension 'ignore'
[0.125s] Level 1:colcon.colcon_core.package_identification:_identify(src) by extension 'ignore_ament_install'
[0.125s] Level 1:colcon.colcon_core.package_identification:_identify(src) by extensions ['colcon_pkg']
[0.125s] Level 1:colcon.colcon_core.package_identification:_identify(src) by extension 'colcon_pkg'
[0.125s] Level 1:colcon.colcon_core.package_identification:_identify(src) by extensions ['colcon_meta']
[0.125s] Level 1:colcon.colcon_core.package_identification:_identify(src) by extension 'colcon_meta'
[0.125s] Level 1:colcon.colcon_core.package_identification:_identify(src) by extensions ['ros']
[0.125s] Level 1:colcon.colcon_core.package_identification:_identify(src) by extension 'ros'
[0.125s] Level 1:colcon.colcon_core.package_identification:_identify(src) by extensions ['cmake', 'python']
[0.126s] Level 1:colcon.colcon_core.package_identification:_identify(src) by extension 'cmake'
[0.126s] Level 1:colcon.colcon_core.package_identification:_identify(src) by extension 'python'
[0.126s] Level 1:colcon.colcon_core.package_identification:_identify(src) by extensions ['python_setup_py']
[0.126s] Level 1:colcon.colcon_core.package_identification:_identify(src) by extension 'python_setup_py'
[0.126s] Level 1:colcon.colcon_core.package_identification:_identify(src/fleet_adapter) by extensions ['ignore', 'ignore_ament_install']
[0.126s] Level 1:colcon.colcon_core.package_identification:_identify(src/fleet_adapter) by extension 'ignore'
[0.126s] Level 1:colcon.colcon_core.package_identification:_identify(src/fleet_adapter) by extension 'ignore_ament_install'
[0.126s] Level 1:colcon.colcon_core.package_identification:_identify(src/fleet_adapter) by extensions ['colcon_pkg']
[0.126s] Level 1:colcon.colcon_core.package_identification:_identify(src/fleet_adapter) by extension 'colcon_pkg'
[0.126s] Level 1:colcon.colcon_core.package_identification:_identify(src/fleet_adapter) by extensions ['colcon_meta']
[0.126s] Level 1:colcon.colcon_core.package_identification:_identify(src/fleet_adapter) by extension 'colcon_meta'
[0.126s] Level 1:colcon.colcon_core.package_identification:_identify(src/fleet_adapter) by extensions ['ros']
[0.126s] Level 1:colcon.colcon_core.package_identification:_identify(src/fleet_adapter) by extension 'ros'
[0.128s] DEBUG:colcon.colcon_core.package_identification:Package 'src/fleet_adapter' with type 'ros.ament_cmake' and name 'fleet_adapter'
[0.128s] Level 1:colcon.colcon_core.package_identification:_identify(src/rmf_bringup) by extensions ['ignore', 'ignore_ament_install']
[0.128s] Level 1:colcon.colcon_core.package_identification:_identify(src/rmf_bringup) by extension 'ignore'
[0.128s] Level 1:colcon.colcon_core.package_identification:_identify(src/rmf_bringup) by extension 'ignore_ament_install'
[0.128s] Level 1:colcon.colcon_core.package_identification:_identify(src/rmf_bringup) by extensions ['colcon_pkg']
[0.128s] Level 1:colcon.colcon_core.package_identification:_identify(src/rmf_bringup) by extension 'colcon_pkg'
[0.128s] Level 1:colcon.colcon_core.package_identification:_identify(src/rmf_bringup) by extensions ['colcon_meta']
[0.128s] Level 1:colcon.colcon_core.package_identification:_identify(src/rmf_bringup) by extension 'colcon_meta'
[0.128s] Level 1:colcon.colcon_core.package_identification:_identify(src/rmf_bringup) by extensions ['ros']
[0.128s] Level 1:colcon.colcon_core.package_identification:_identify(src/rmf_bringup) by extension 'ros'
[0.128s] DEBUG:colcon.colcon_core.package_identification:Package 'src/rmf_bringup' with type 'ros.ament_python' and name 'rmf_bringup'
[0.128s] Level 1:colcon.colcon_core.package_identification:_identify(src/rmf_tests) by extensions ['ignore', 'ignore_ament_install']
[0.129s] Level 1:colcon.colcon_core.package_identification:_identify(src/rmf_tests) by extension 'ignore'
[0.129s] Level 1:colcon.colcon_core.package_identification:_identify(src/rmf_tests) by extension 'ignore_ament_install'
[0.129s] Level 1:colcon.colcon_core.package_identification:_identify(src/rmf_tests) by extensions ['colcon_pkg']
[0.129s] Level 1:colcon.colcon_core.package_identification:_identify(src/rmf_tests) by extension 'colcon_pkg'
[0.129s] Level 1:colcon.colcon_core.package_identification:_identify(src/rmf_tests) by extensions ['colcon_meta']
[0.129s] Level 1:colcon.colcon_core.package_identification:_identify(src/rmf_tests) by extension 'colcon_meta'
[0.129s] Level 1:colcon.colcon_core.package_identification:_identify(src/rmf_tests) by extensions ['ros']
[0.129s] Level 1:colcon.colcon_core.package_identification:_identify(src/rmf_tests) by extension 'ros'
[0.129s] DEBUG:colcon.colcon_core.package_identification:Package 'src/rmf_tests' with type 'ros.ament_python' and name 'rmf_tests'
[0.129s] Level 1:colcon.colcon_core.package_identification:_identify(src/robot_controller) by extensions ['ignore', 'ignore_ament_install']
[0.129s] Level 1:colcon.colcon_core.package_identification:_identify(src/robot_controller) by extension 'ignore'
[0.129s] Level 1:colcon.colcon_core.package_identification:_identify(src/robot_controller) by extension 'ignore_ament_install'
[0.129s] Level 1:colcon.colcon_core.package_identification:_identify(src/robot_controller) by extensions ['colcon_pkg']
[0.129s] Level 1:colcon.colcon_core.package_identification:_identify(src/robot_controller) by extension 'colcon_pkg'
[0.130s] Level 1:colcon.colcon_core.package_identification:_identify(src/robot_controller) by extensions ['colcon_meta']
[0.130s] Level 1:colcon.colcon_core.package_identification:_identify(src/robot_controller) by extension 'colcon_meta'
[0.130s] Level 1:colcon.colcon_core.package_identification:_identify(src/robot_controller) by extensions ['ros']
[0.130s] Level 1:colcon.colcon_core.package_identification:_identify(src/robot_controller) by extension 'ros'
[0.130s] DEBUG:colcon.colcon_core.package_identification:Package 'src/robot_controller' with type 'ros.ament_cmake' and name 'robot_controller'
[0.130s] Level 1:colcon.colcon_core.package_identification:_identify(src/robots_cv_sim) by extensions ['ignore', 'ignore_ament_install']
[0.130s] Level 1:colcon.colcon_core.package_identification:_identify(src/robots_cv_sim) by extension 'ignore'
[0.130s] Level 1:colcon.colcon_core.package_identification:_identify(src/robots_cv_sim) by extension 'ignore_ament_install'
[0.130s] Level 1:colcon.colcon_core.package_identification:_identify(src/robots_cv_sim) by extensions ['colcon_pkg']
[0.130s] Level 1:colcon.colcon_core.package_identification:_identify(src/robots_cv_sim) by extension 'colcon_pkg'
[0.130s] Level 1:colcon.colcon_core.package_identification:_identify(src/robots_cv_sim) by extensions ['colcon_meta']
[0.130s] Level 1:colcon.colcon_core.package_identification:_identify(src/robots_cv_sim) by extension 'colcon_meta'
[0.130s] Level 1:colcon.colcon_core.package_identification:_identify(src/robots_cv_sim) by extensions ['ros']
[0.130s] Level 1:colcon.colcon_core.package_identification:_identify(src/robots_cv_sim) by extension 'ros'
[0.131s] DEBUG:colcon.colcon_core.package_identification:Package 'src/robots_cv_sim' with type 'ros.ament_python' and name 'robots_cv_sim'
[0.131s] Level 1:colcon.colcon_core.package_identification:_identify(src/traffic_editor_assets) by extensions ['ignore', 'ignore_ament_install']
[0.131s] Level 1:colcon.colcon_core.package_identification:_identify(src/traffic_editor_assets) by extension 'ignore'
[0.131s] Level 1:colcon.colcon_core.package_identification:_identify(src/traffic_editor_assets) by extension 'ignore_ament_install'
[0.131s] Level 1:colcon.colcon_core.package_identification:_identify(src/traffic_editor_assets) by extensions ['colcon_pkg']
[0.131s] Level 1:colcon.colcon_core.package_identification:_identify(src/traffic_editor_assets) by extension 'colcon_pkg'
[0.131s] Level 1:colcon.colcon_core.package_identification:_identify(src/traffic_editor_assets) by extensions ['colcon_meta']
[0.131s] Level 1:colcon.colcon_core.package_identification:_identify(src/traffic_editor_assets) by extension 'colcon_meta'
[0.131s] Level 1:colcon.colcon_core.package_identification:_identify(src/traffic_editor_assets) by extensions ['ros']
[0.131s] Level 1:colcon.colcon_core.package_identification:_identify(src/traffic_editor_assets) by extension 'ros'
[0.131s] DEBUG:colcon.colcon_core.package_identification:Package 'src/traffic_editor_assets' with type 'ros.ament_cmake' and name 'traffic_editor_assets'
[0.131s] Level 1:colcon.colcon_core.package_discovery:discover_packages(recursive) using defaults
[0.131s] Level 1:colcon.colcon_core.package_discovery:discover_packages(ignore) discover
[0.131s] Level 1:colcon.colcon_core.package_discovery:discover_packages(ignore) using defaults
[0.131s] Level 1:colcon.colcon_core.package_discovery:discover_packages(path) discover
[0.131s] Level 1:colcon.colcon_core.package_discovery:discover_packages(path) using defaults
[0.147s] Level 5:colcon.colcon_core.verb:set package 'fleet_adapter' build argument 'cmake_args' from command line to 'None'
[0.147s] Level 5:colcon.colcon_core.verb:set package 'fleet_adapter' build argument 'cmake_target' from command line to 'None'
[0.147s] Level 5:colcon.colcon_core.verb:set package 'fleet_adapter' build argument 'cmake_target_skip_unavailable' from command line to 'False'
[0.147s] Level 5:colcon.colcon_core.verb:set package 'fleet_adapter' build argument 'cmake_clean_cache' from command line to 'False'
[0.147s] Level 5:colcon.colcon_core.verb:set package 'fleet_adapter' build argument 'cmake_clean_first' from command line to 'False'
[0.147s] Level 5:colcon.colcon_core.verb:set package 'fleet_adapter' build argument 'cmake_force_configure' from command line to 'False'
[0.147s] Level 5:colcon.colcon_core.verb:set package 'fleet_adapter' build argument 'ament_cmake_args' from command line to 'None'
[0.147s] Level 5:colcon.colcon_core.verb:set package 'fleet_adapter' build argument 'catkin_cmake_args' from command line to 'None'
[0.147s] Level 5:colcon.colcon_core.verb:set package 'fleet_adapter' build argument 'catkin_skip_building_tests' from command line to 'False'
[0.148s] DEBUG:colcon.colcon_core.verb:Building package 'fleet_adapter' with the following arguments: {'ament_cmake_args': None, 'build_base': '/home/dev/rmf_ws/build/fleet_adapter', 'catkin_cmake_args': None, 'catkin_skip_building_tests': False, 'cmake_args': None, 'cmake_clean_cache': False, 'cmake_clean_first': False, 'cmake_force_configure': False, 'cmake_target': None, 'cmake_target_skip_unavailable': False, 'install_base': '/home/dev/rmf_ws/install/fleet_adapter', 'merge_install': False, 'path': '/home/dev/rmf_ws/src/fleet_adapter', 'symlink_install': True, 'test_result_base': None}
[0.148s] Level 5:colcon.colcon_core.verb:set package 'robot_controller' build argument 'cmake_args' from command line to 'None'
[0.148s] Level 5:colcon.colcon_core.verb:set package 'robot_controller' build argument 'cmake_target' from command line to 'None'
[0.148s] Level 5:colcon.colcon_core.verb:set package 'robot_controller' build argument 'cmake_target_skip_unavailable' from command line to 'False'
[0.148s] Level 5:colcon.colcon_core.verb:set package 'robot_controller' build argument 'cmake_clean_cache' from command line to 'False'
[0.148s] Level 5:colcon.colcon_core.verb:set package 'robot_controller' build argument 'cmake_clean_first' from command line to 'False'
[0.148s] Level 5:colcon.colcon_core.verb:set package 'robot_controller' build argument 'cmake_force_configure' from command line to 'False'
[0.148s] Level 5:colcon.colcon_core.verb:set package 'robot_controller' build argument 'ament_cmake_args' from command line to 'None'
[0.148s] Level 5:colcon.colcon_core.verb:set package 'robot_controller' build argument 'catkin_cmake_args' from command line to 'None'
[0.148s] Level 5:colcon.colcon_core.verb:set package 'robot_controller' build argument 'catkin_skip_building_tests' from command line to 'False'
[0.148s] DEBUG:colcon.colcon_core.verb:Building package 'robot_controller' with the following arguments: {'ament_cmake_args': None, 'build_base': '/home/dev/rmf_ws/build/robot_controller', 'catkin_cmake_args': None, 'catkin_skip_building_tests': False, 'cmake_args': None, 'cmake_clean_cache': False, 'cmake_clean_first': False, 'cmake_force_configure': False, 'cmake_target': None, 'cmake_target_skip_unavailable': False, 'install_base': '/home/dev/rmf_ws/install/robot_controller', 'merge_install': False, 'path': '/home/dev/rmf_ws/src/robot_controller', 'symlink_install': True, 'test_result_base': None}
[0.148s] Level 5:colcon.colcon_core.verb:set package 'robots_cv_sim' build argument 'cmake_args' from command line to 'None'
[0.148s] Level 5:colcon.colcon_core.verb:set package 'robots_cv_sim' build argument 'cmake_target' from command line to 'None'
[0.148s] Level 5:colcon.colcon_core.verb:set package 'robots_cv_sim' build argument 'cmake_target_skip_unavailable' from command line to 'False'
[0.148s] Level 5:colcon.colcon_core.verb:set package 'robots_cv_sim' build argument 'cmake_clean_cache' from command line to 'False'
[0.148s] Level 5:colcon.colcon_core.verb:set package 'robots_cv_sim' build argument 'cmake_clean_first' from command line to 'False'
[0.148s] Level 5:colcon.colcon_core.verb:set package 'robots_cv_sim' build argument 'cmake_force_configure' from command line to 'False'
[0.148s] Level 5:colcon.colcon_core.verb:set package 'robots_cv_sim' build argument 'ament_cmake_args' from command line to 'None'
[0.148s] Level 5:colcon.colcon_core.verb:set package 'robots_cv_sim' build argument 'catkin_cmake_args' from command line to 'None'
[0.148s] Level 5:colcon.colcon_core.verb:set package 'robots_cv_sim' build argument 'catkin_skip_building_tests' from command line to 'False'
[0.148s] DEBUG:colcon.colcon_core.verb:Building package 'robots_cv_sim' with the following arguments: {'ament_cmake_args': None, 'build_base': '/home/dev/rmf_ws/build/robots_cv_sim', 'catkin_cmake_args': None, 'catkin_skip_building_tests': False, 'cmake_args': None, 'cmake_clean_cache': False, 'cmake_clean_first': False, 'cmake_force_configure': False, 'cmake_target': None, 'cmake_target_skip_unavailable': False, 'install_base': '/home/dev/rmf_ws/install/robots_cv_sim', 'merge_install': False, 'path': '/home/dev/rmf_ws/src/robots_cv_sim', 'symlink_install': True, 'test_result_base': None}
[0.148s] Level 5:colcon.colcon_core.verb:set package 'traffic_editor_assets' build argument 'cmake_args' from command line to 'None'
[0.148s] Level 5:colcon.colcon_core.verb:set package 'traffic_editor_assets' build argument 'cmake_target' from command line to 'None'
[0.148s] Level 5:colcon.colcon_core.verb:set package 'traffic_editor_assets' build argument 'cmake_target_skip_unavailable' from command line to 'False'
[0.148s] Level 5:colcon.colcon_core.verb:set package 'traffic_editor_assets' build argument 'cmake_clean_cache' from command line to 'False'
[0.148s] Level 5:colcon.colcon_core.verb:set package 'traffic_editor_assets' build argument 'cmake_clean_first' from command line to 'False'
[0.148s] Level 5:colcon.colcon_core.verb:set package 'traffic_editor_assets' build argument 'cmake_force_configure' from command line to 'False'
[0.148s] Level 5:colcon.colcon_core.verb:set package 'traffic_editor_assets' build argument 'ament_cmake_args' from command line to 'None'
[0.149s] Level 5:colcon.colcon_core.verb:set package 'traffic_editor_assets' build argument 'catkin_cmake_args' from command line to 'None'
[0.149s] Level 5:colcon.colcon_core.verb:set package 'traffic_editor_assets' build argument 'catkin_skip_building_tests' from command line to 'False'
[0.149s] DEBUG:colcon.colcon_core.verb:Building package 'traffic_editor_assets' with the following arguments: {'ament_cmake_args': None, 'build_base': '/home/dev/rmf_ws/build/traffic_editor_assets', 'catkin_cmake_args': None, 'catkin_skip_building_tests': False, 'cmake_args': None, 'cmake_clean_cache': False, 'cmake_clean_first': False, 'cmake_force_configure': False, 'cmake_target': None, 'cmake_target_skip_unavailable': False, 'install_base': '/home/dev/rmf_ws/install/traffic_editor_assets', 'merge_install': False, 'path': '/home/dev/rmf_ws/src/traffic_editor_assets', 'symlink_install': True, 'test_result_base': None}
[0.149s] Level 5:colcon.colcon_core.verb:set package 'rmf_tests' build argument 'cmake_args' from command line to 'None'
[0.149s] Level 5:colcon.colcon_core.verb:set package 'rmf_tests' build argument 'cmake_target' from command line to 'None'
[0.149s] Level 5:colcon.colcon_core.verb:set package 'rmf_tests' build argument 'cmake_target_skip_unavailable' from command line to 'False'
[0.149s] Level 5:colcon.colcon_core.verb:set package 'rmf_tests' build argument 'cmake_clean_cache' from command line to 'False'
[0.149s] Level 5:colcon.colcon_core.verb:set package 'rmf_tests' build argument 'cmake_clean_first' from command line to 'False'
[0.149s] Level 5:colcon.colcon_core.verb:set package 'rmf_tests' build argument 'cmake_force_configure' from command line to 'False'
[0.149s] Level 5:colcon.colcon_core.verb:set package 'rmf_tests' build argument 'ament_cmake_args' from command line to 'None'
[0.149s] Level 5:colcon.colcon_core.verb:set package 'rmf_tests' build argument 'catkin_cmake_args' from command line to 'None'
[0.149s] Level 5:colcon.colcon_core.verb:set package 'rmf_tests' build argument 'catkin_skip_building_tests' from command line to 'False'
[0.149s] DEBUG:colcon.colcon_core.verb:Building package 'rmf_tests' with the following arguments: {'ament_cmake_args': None, 'build_base': '/home/dev/rmf_ws/build/rmf_tests', 'catkin_cmake_args': None, 'catkin_skip_building_tests': False, 'cmake_args': None, 'cmake_clean_cache': False, 'cmake_clean_first': False, 'cmake_force_configure': False, 'cmake_target': None, 'cmake_target_skip_unavailable': False, 'install_base': '/home/dev/rmf_ws/install/rmf_tests', 'merge_install': False, 'path': '/home/dev/rmf_ws/src/rmf_tests', 'symlink_install': True, 'test_result_base': None}
[0.149s] Level 5:colcon.colcon_core.verb:set package 'rmf_bringup' build argument 'cmake_args' from command line to 'None'
[0.149s] Level 5:colcon.colcon_core.verb:set package 'rmf_bringup' build argument 'cmake_target' from command line to 'None'
[0.149s] Level 5:colcon.colcon_core.verb:set package 'rmf_bringup' build argument 'cmake_target_skip_unavailable' from command line to 'False'
[0.149s] Level 5:colcon.colcon_core.verb:set package 'rmf_bringup' build argument 'cmake_clean_cache' from command line to 'False'
[0.149s] Level 5:colcon.colcon_core.verb:set package 'rmf_bringup' build argument 'cmake_clean_first' from command line to 'False'
[0.149s] Level 5:colcon.colcon_core.verb:set package 'rmf_bringup' build argument 'cmake_force_configure' from command line to 'False'
[0.149s] Level 5:colcon.colcon_core.verb:set package 'rmf_bringup' build argument 'ament_cmake_args' from command line to 'None'
[0.149s] Level 5:colcon.colcon_core.verb:set package 'rmf_bringup' build argument 'catkin_cmake_args' from command line to 'None'
[0.149s] Level 5:colcon.colcon_core.verb:set package 'rmf_bringup' build argument 'catkin_skip_building_tests' from command line to 'False'
[0.149s] DEBUG:colcon.colcon_core.verb:Building package 'rmf_bringup' with the following arguments: {'ament_cmake_args': None, 'build_base': '/home/dev/rmf_ws/build/rmf_bringup', 'catkin_cmake_args': None, 'catkin_skip_building_tests': False, 'cmake_args': None, 'cmake_clean_cache': False, 'cmake_clean_first': False, 'cmake_force_configure': False, 'cmake_target': None, 'cmake_target_skip_unavailable': False, 'install_base': '/home/dev/rmf_ws/install/rmf_bringup', 'merge_install': False, 'path': '/home/dev/rmf_ws/src/rmf_bringup', 'symlink_install': True, 'test_result_base': None}
[0.149s] INFO:colcon.colcon_core.executor:Executing jobs using 'parallel' executor
[0.150s] DEBUG:colcon.colcon_parallel_executor.executor.parallel:run_until_complete
[0.150s] INFO:colcon.colcon_ros.task.ament_cmake.build:Building ROS package in '/home/dev/rmf_ws/src/traffic_editor_assets' with build type 'ament_cmake'
[0.151s] INFO:colcon.colcon_cmake.task.cmake.build:Building CMake package in '/home/dev/rmf_ws/src/traffic_editor_assets'
[0.154s] INFO:colcon.colcon_core.plugin_system:Skipping extension 'colcon_core.shell.bat': Not used on non-Windows systems
[0.155s] INFO:colcon.colcon_core.shell:Skip shell extension 'powershell' for command environment: Not usable outside of PowerShell
[0.155s] DEBUG:colcon.colcon_core.shell:Skip shell extension 'dsv' for command environment
[0.162s] INFO:colcon.colcon_ros.task.ament_cmake.build:Building ROS package in '/home/dev/rmf_ws/src/fleet_adapter' with build type 'ament_cmake'
[0.162s] INFO:colcon.colcon_cmake.task.cmake.build:Building CMake package in '/home/dev/rmf_ws/src/fleet_adapter'
[0.162s] INFO:colcon.colcon_core.shell:Skip shell extension 'powershell' for command environment: Not usable outside of PowerShell
[0.162s] DEBUG:colcon.colcon_core.shell:Skip shell extension 'dsv' for command environment
[0.164s] INFO:colcon.colcon_ros.task.ament_cmake.build:Building ROS package in '/home/dev/rmf_ws/src/robot_controller' with build type 'ament_cmake'
[0.164s] INFO:colcon.colcon_cmake.task.cmake.build:Building CMake package in '/home/dev/rmf_ws/src/robot_controller'
[0.164s] INFO:colcon.colcon_core.shell:Skip shell extension 'powershell' for command environment: Not usable outside of PowerShell
[0.164s] DEBUG:colcon.colcon_core.shell:Skip shell extension 'dsv' for command environment
[0.166s] INFO:colcon.colcon_ros.task.ament_python.build:Building ROS package in '/home/dev/rmf_ws/src/robots_cv_sim' with build type 'ament_python'
[0.166s] Level 1:colcon.colcon_core.shell:create_environment_hook('robots_cv_sim', 'ament_prefix_path')
[0.166s] INFO:colcon.colcon_core.shell:Creating environment hook '/home/dev/rmf_ws/install/robots_cv_sim/share/robots_cv_sim/hook/ament_prefix_path.ps1'
[0.167s] INFO:colcon.colcon_core.shell:Creating environment descriptor '/home/dev/rmf_ws/install/robots_cv_sim/share/robots_cv_sim/hook/ament_prefix_path.dsv'
[0.167s] INFO:colcon.colcon_core.shell:Creating environment hook '/home/dev/rmf_ws/install/robots_cv_sim/share/robots_cv_sim/hook/ament_prefix_path.sh'
[0.167s] INFO:colcon.colcon_core.shell:Skip shell extension 'powershell' for command environment: Not usable outside of PowerShell
[0.167s] DEBUG:colcon.colcon_core.shell:Skip shell extension 'dsv' for command environment
[0.172s] DEBUG:colcon.colcon_core.event_handler.log_command:Invoking command in '/home/dev/rmf_ws/build/traffic_editor_assets': CMAKE_PREFIX_PATH=${CMAKE_PREFIX_PATH}:/opt/ros/jazzy /usr/bin/cmake --build /home/dev/rmf_ws/build/traffic_editor_assets -- -j16 -l16
[0.174s] DEBUG:colcon.colcon_core.event_handler.log_command:Invoking command in '/home/dev/rmf_ws/build/fleet_adapter': CMAKE_PREFIX_PATH=${CMAKE_PREFIX_PATH}:/opt/ros/jazzy /usr/bin/cmake /home/dev/rmf_ws/src/fleet_adapter -DAMENT_CMAKE_SYMLINK_INSTALL=1 -DCMAKE_INSTALL_PREFIX=/home/dev/rmf_ws/install/fleet_adapter
[0.175s] DEBUG:colcon.colcon_core.event_handler.log_command:Invoking command in '/home/dev/rmf_ws/build/robot_controller': CMAKE_PREFIX_PATH=${CMAKE_PREFIX_PATH}:/opt/ros/jazzy /usr/bin/cmake --build /home/dev/rmf_ws/build/robot_controller -- -j16 -l16
[0.321s] INFO:colcon.colcon_core.task.python.build:Building Python package in '/home/dev/rmf_ws/src/robots_cv_sim'
[0.321s] INFO:colcon.colcon_core.shell:Skip shell extension 'powershell' for command environment: Not usable outside of PowerShell
[0.321s] DEBUG:colcon.colcon_core.shell:Skip shell extension 'dsv' for command environment
[0.325s] DEBUG:colcon.colcon_core.event_handler.log_command:Invoked command in '/home/dev/rmf_ws/build/traffic_editor_assets' returned '0': CMAKE_PREFIX_PATH=${CMAKE_PREFIX_PATH}:/opt/ros/jazzy /usr/bin/cmake --build /home/dev/rmf_ws/build/traffic_editor_assets -- -j16 -l16
[0.333s] DEBUG:colcon.colcon_core.event_handler.log_command:Invoking command in '/home/dev/rmf_ws/build/traffic_editor_assets': CMAKE_PREFIX_PATH=${CMAKE_PREFIX_PATH}:/opt/ros/jazzy /usr/bin/cmake --install /home/dev/rmf_ws/build/traffic_editor_assets
[0.378s] Level 1:colcon.colcon_core.environment:create_environment_scripts_only(traffic_editor_assets)
[0.379s] DEBUG:colcon.colcon_core.event_handler.log_command:Invoked command in '/home/dev/rmf_ws/build/traffic_editor_assets' returned '0': CMAKE_PREFIX_PATH=${CMAKE_PREFIX_PATH}:/opt/ros/jazzy /usr/bin/cmake --install /home/dev/rmf_ws/build/traffic_editor_assets
[0.381s] Level 1:colcon.colcon_core.environment:checking '/home/dev/rmf_ws/install/traffic_editor_assets' for CMake module files
[0.381s] Level 1:colcon.colcon_core.environment:checking '/home/dev/rmf_ws/install/traffic_editor_assets' for CMake config files
[0.382s] Level 1:colcon.colcon_core.shell:create_environment_hook('traffic_editor_assets', 'cmake_prefix_path')
[0.382s] INFO:colcon.colcon_core.shell:Creating environment hook '/home/dev/rmf_ws/install/traffic_editor_assets/share/traffic_editor_assets/hook/cmake_prefix_path.ps1'
[0.382s] INFO:colcon.colcon_core.shell:Creating environment descriptor '/home/dev/rmf_ws/install/traffic_editor_assets/share/traffic_editor_assets/hook/cmake_prefix_path.dsv'
[0.382s] INFO:colcon.colcon_core.shell:Creating environment hook '/home/dev/rmf_ws/install/traffic_editor_assets/share/traffic_editor_assets/hook/cmake_prefix_path.sh'
[0.383s] Level 1:colcon.colcon_core.environment:checking '/home/dev/rmf_ws/install/traffic_editor_assets/bin'
[0.383s] Level 1:colcon.colcon_core.environment:checking '/home/dev/rmf_ws/install/traffic_editor_assets/lib/pkgconfig/traffic_editor_assets.pc'
[0.383s] Level 1:colcon.colcon_core.environment:checking '/home/dev/rmf_ws/install/traffic_editor_assets/lib/python3.12/site-packages'
[0.383s] Level 1:colcon.colcon_core.environment:checking '/home/dev/rmf_ws/install/traffic_editor_assets/bin'
[0.383s] INFO:colcon.colcon_core.shell:Creating package script '/home/dev/rmf_ws/install/traffic_editor_assets/share/traffic_editor_assets/package.ps1'
[0.384s] INFO:colcon.colcon_core.shell:Creating package descriptor '/home/dev/rmf_ws/install/traffic_editor_assets/share/traffic_editor_assets/package.dsv'
[0.384s] INFO:colcon.colcon_core.shell:Creating package script '/home/dev/rmf_ws/install/traffic_editor_assets/share/traffic_editor_assets/package.sh'
[0.385s] INFO:colcon.colcon_core.shell:Creating package script '/home/dev/rmf_ws/install/traffic_editor_assets/share/traffic_editor_assets/package.bash'
[0.385s] INFO:colcon.colcon_core.shell:Creating package script '/home/dev/rmf_ws/install/traffic_editor_assets/share/traffic_editor_assets/package.zsh'
[0.386s] Level 1:colcon.colcon_core.environment:create_file_with_runtime_dependencies(/home/dev/rmf_ws/install/traffic_editor_assets/share/colcon-core/packages/traffic_editor_assets)
[0.386s] Level 1:colcon.colcon_core.environment:create_environment_scripts_only(traffic_editor_assets)
[0.386s] Level 1:colcon.colcon_core.environment:checking '/home/dev/rmf_ws/install/traffic_editor_assets' for CMake module files
[0.386s] Level 1:colcon.colcon_core.environment:checking '/home/dev/rmf_ws/install/traffic_editor_assets' for CMake config files
[0.387s] Level 1:colcon.colcon_core.shell:create_environment_hook('traffic_editor_assets', 'cmake_prefix_path')
[0.387s] INFO:colcon.colcon_core.shell:Creating environment hook '/home/dev/rmf_ws/install/traffic_editor_assets/share/traffic_editor_assets/hook/cmake_prefix_path.ps1'
[0.387s] INFO:colcon.colcon_core.shell:Creating environment descriptor '/home/dev/rmf_ws/install/traffic_editor_assets/share/traffic_editor_assets/hook/cmake_prefix_path.dsv'
[0.387s] INFO:colcon.colcon_core.shell:Creating environment hook '/home/dev/rmf_ws/install/traffic_editor_assets/share/traffic_editor_assets/hook/cmake_prefix_path.sh'
[0.388s] Level 1:colcon.colcon_core.environment:checking '/home/dev/rmf_ws/install/traffic_editor_assets/bin'
[0.388s] Level 1:colcon.colcon_core.environment:checking '/home/dev/rmf_ws/install/traffic_editor_assets/lib/pkgconfig/traffic_editor_assets.pc'
[0.388s] Level 1:colcon.colcon_core.environment:checking '/home/dev/rmf_ws/install/traffic_editor_assets/lib/python3.12/site-packages'
[0.388s] Level 1:colcon.colcon_core.environment:checking '/home/dev/rmf_ws/install/traffic_editor_assets/bin'
[0.388s] INFO:colcon.colcon_core.shell:Creating package script '/home/dev/rmf_ws/install/traffic_editor_assets/share/traffic_editor_assets/package.ps1'
[0.389s] INFO:colcon.colcon_core.shell:Creating package descriptor '/home/dev/rmf_ws/install/traffic_editor_assets/share/traffic_editor_assets/package.dsv'
[0.389s] INFO:colcon.colcon_core.shell:Creating package script '/home/dev/rmf_ws/install/traffic_editor_assets/share/traffic_editor_assets/package.sh'
[0.389s] INFO:colcon.colcon_core.shell:Creating package script '/home/dev/rmf_ws/install/traffic_editor_assets/share/traffic_editor_assets/package.bash'
[0.390s] INFO:colcon.colcon_core.shell:Creating package script '/home/dev/rmf_ws/install/traffic_editor_assets/share/traffic_editor_assets/package.zsh'
[0.390s] Level 1:colcon.colcon_core.environment:create_file_with_runtime_dependencies(/home/dev/rmf_ws/install/traffic_editor_assets/share/colcon-core/packages/traffic_editor_assets)
[0.390s] INFO:colcon.colcon_ros.task.ament_python.build:Building ROS package in '/home/dev/rmf_ws/src/rmf_tests' with build type 'ament_python'
[0.390s] Level 1:colcon.colcon_core.shell:create_environment_hook('rmf_tests', 'ament_prefix_path')
[0.390s] INFO:colcon.colcon_core.shell:Creating environment hook '/home/dev/rmf_ws/install/rmf_tests/share/rmf_tests/hook/ament_prefix_path.ps1'
[0.391s] INFO:colcon.colcon_core.shell:Creating environment descriptor '/home/dev/rmf_ws/install/rmf_tests/share/rmf_tests/hook/ament_prefix_path.dsv'
[0.391s] INFO:colcon.colcon_core.shell:Creating environment hook '/home/dev/rmf_ws/install/rmf_tests/share/rmf_tests/hook/ament_prefix_path.sh'
[0.391s] INFO:colcon.colcon_core.shell:Skip shell extension 'powershell' for command environment: Not usable outside of PowerShell
[0.391s] DEBUG:colcon.colcon_core.shell:Skip shell extension 'dsv' for command environment
[0.549s] INFO:colcon.colcon_core.task.python.build:Building Python package in '/home/dev/rmf_ws/src/rmf_tests'
[0.549s] INFO:colcon.colcon_core.shell:Skip shell extension 'powershell' for command environment: Not usable outside of PowerShell
[0.550s] DEBUG:colcon.colcon_core.shell:Skip shell extension 'dsv' for command environment
[0.749s] DEBUG:colcon.colcon_core.event_handler.log_command:Invoking command in '/home/dev/rmf_ws/build/robots_cv_sim': PYTHONPATH=/home/dev/rmf_ws/build/robots_cv_sim/prefix_override:/usr/lib/python3/dist-packages/colcon_core/task/python/colcon_distutils_commands:/home/dev/rmf_ws/install/robots_cv_sim/lib/python3.12/site-packages:${PYTHONPATH} /usr/bin/python3 -W ignore:setup.py install is deprecated -W ignore:easy_install command is deprecated setup.py develop --editable --build-directory /home/dev/rmf_ws/build/robots_cv_sim/build --no-deps symlink_data
[0.981s] DEBUG:colcon.colcon_core.event_handler.log_command:Invoking command in '/home/dev/rmf_ws/build/rmf_tests': AMENT_PREFIX_PATH=/home/dev/rmf_ws/install/traffic_editor_assets:${AMENT_PREFIX_PATH} CMAKE_PREFIX_PATH=/home/dev/rmf_ws/install/traffic_editor_assets:${CMAKE_PREFIX_PATH} PYTHONPATH=/home/dev/rmf_ws/build/rmf_tests/prefix_override:/usr/lib/python3/dist-packages/colcon_core/task/python/colcon_distutils_commands:/home/dev/rmf_ws/install/rmf_tests/lib/python3.12/site-packages:${PYTHONPATH} /usr/bin/python3 -W ignore:setup.py install is deprecated -W ignore:easy_install command is deprecated setup.py develop --editable --build-directory /home/dev/rmf_ws/build/rmf_tests/build --no-deps symlink_data
[1.210s] Level 1:colcon.colcon_core.shell:create_environment_hook('robots_cv_sim', 'pythonpath_develop')
[1.210s] INFO:colcon.colcon_core.shell:Creating environment hook '/home/dev/rmf_ws/build/robots_cv_sim/share/robots_cv_sim/hook/pythonpath_develop.ps1'
[1.211s] DEBUG:colcon.colcon_core.event_handler.log_command:Invoked command in '/home/dev/rmf_ws/build/robots_cv_sim' returned '0': PYTHONPATH=/home/dev/rmf_ws/build/robots_cv_sim/prefix_override:/usr/lib/python3/dist-packages/colcon_core/task/python/colcon_distutils_commands:/home/dev/rmf_ws/install/robots_cv_sim/lib/python3.12/site-packages:${PYTHONPATH} /usr/bin/python3 -W ignore:setup.py install is deprecated -W ignore:easy_install command is deprecated setup.py develop --editable --build-directory /home/dev/rmf_ws/build/robots_cv_sim/build --no-deps symlink_data
[1.211s] INFO:colcon.colcon_core.shell:Creating environment descriptor '/home/dev/rmf_ws/build/robots_cv_sim/share/robots_cv_sim/hook/pythonpath_develop.dsv'
[1.212s] INFO:colcon.colcon_core.shell:Creating environment hook '/home/dev/rmf_ws/build/robots_cv_sim/share/robots_cv_sim/hook/pythonpath_develop.sh'
[1.213s] Level 1:colcon.colcon_core.environment:checking '/home/dev/rmf_ws/install/robots_cv_sim' for CMake module files
[1.213s] Level 1:colcon.colcon_core.environment:checking '/home/dev/rmf_ws/install/robots_cv_sim' for CMake config files
[1.214s] Level 1:colcon.colcon_core.environment:checking '/home/dev/rmf_ws/install/robots_cv_sim/lib'
[1.215s] Level 1:colcon.colcon_core.environment:checking '/home/dev/rmf_ws/install/robots_cv_sim/bin'
[1.215s] Level 1:colcon.colcon_core.environment:checking '/home/dev/rmf_ws/install/robots_cv_sim/lib/pkgconfig/robots_cv_sim.pc'
[1.215s] Level 1:colcon.colcon_core.environment:checking '/home/dev/rmf_ws/install/robots_cv_sim/lib/python3.12/site-packages'
[1.215s] Level 1:colcon.colcon_core.shell:create_environment_hook('robots_cv_sim', 'pythonpath')
[1.216s] INFO:colcon.colcon_core.shell:Creating environment hook '/home/dev/rmf_ws/install/robots_cv_sim/share/robots_cv_sim/hook/pythonpath.ps1'
[1.216s] INFO:colcon.colcon_core.shell:Creating environment descriptor '/home/dev/rmf_ws/install/robots_cv_sim/share/robots_cv_sim/hook/pythonpath.dsv'
[1.217s] INFO:colcon.colcon_core.shell:Creating environment hook '/home/dev/rmf_ws/install/robots_cv_sim/share/robots_cv_sim/hook/pythonpath.sh'
[1.217s] Level 1:colcon.colcon_core.environment:checking '/home/dev/rmf_ws/install/robots_cv_sim/bin'
[1.217s] Level 1:colcon.colcon_core.environment:create_environment_scripts_only(robots_cv_sim)
[1.218s] INFO:colcon.colcon_core.shell:Creating package script '/home/dev/rmf_ws/install/robots_cv_sim/share/robots_cv_sim/package.ps1'
[1.218s] INFO:colcon.colcon_core.shell:Creating package descriptor '/home/dev/rmf_ws/install/robots_cv_sim/share/robots_cv_sim/package.dsv'
[1.218s] INFO:colcon.colcon_core.shell:Creating package script '/home/dev/rmf_ws/install/robots_cv_sim/share/robots_cv_sim/package.sh'
[1.219s] INFO:colcon.colcon_core.shell:Creating package script '/home/dev/rmf_ws/install/robots_cv_sim/share/robots_cv_sim/package.bash'
[1.219s] INFO:colcon.colcon_core.shell:Creating package script '/home/dev/rmf_ws/install/robots_cv_sim/share/robots_cv_sim/package.zsh'
[1.219s] Level 1:colcon.colcon_core.environment:create_file_with_runtime_dependencies(/home/dev/rmf_ws/install/robots_cv_sim/share/colcon-core/packages/robots_cv_sim)
[1.326s] DEBUG:colcon.colcon_core.event_handler.log_command:Invoked command in '/home/dev/rmf_ws/build/fleet_adapter' returned '0': CMAKE_PREFIX_PATH=${CMAKE_PREFIX_PATH}:/opt/ros/jazzy /usr/bin/cmake /home/dev/rmf_ws/src/fleet_adapter -DAMENT_CMAKE_SYMLINK_INSTALL=1 -DCMAKE_INSTALL_PREFIX=/home/dev/rmf_ws/install/fleet_adapter
[1.327s] DEBUG:colcon.colcon_core.event_handler.log_command:Invoking command in '/home/dev/rmf_ws/build/fleet_adapter': CMAKE_PREFIX_PATH=${CMAKE_PREFIX_PATH}:/opt/ros/jazzy /usr/bin/cmake --build /home/dev/rmf_ws/build/fleet_adapter -- -j16 -l16
[1.411s] Level 1:colcon.colcon_core.shell:create_environment_hook('rmf_tests', 'pythonpath_develop')
[1.412s] INFO:colcon.colcon_core.shell:Creating environment hook '/home/dev/rmf_ws/build/rmf_tests/share/rmf_tests/hook/pythonpath_develop.ps1'
[1.412s] DEBUG:colcon.colcon_core.event_handler.log_command:Invoked command in '/home/dev/rmf_ws/build/rmf_tests' returned '0': AMENT_PREFIX_PATH=/home/dev/rmf_ws/install/traffic_editor_assets:${AMENT_PREFIX_PATH} CMAKE_PREFIX_PATH=/home/dev/rmf_ws/install/traffic_editor_assets:${CMAKE_PREFIX_PATH} PYTHONPATH=/home/dev/rmf_ws/build/rmf_tests/prefix_override:/usr/lib/python3/dist-packages/colcon_core/task/python/colcon_distutils_commands:/home/dev/rmf_ws/install/rmf_tests/lib/python3.12/site-packages:${PYTHONPATH} /usr/bin/python3 -W ignore:setup.py install is deprecated -W ignore:easy_install command is deprecated setup.py develop --editable --build-directory /home/dev/rmf_ws/build/rmf_tests/build --no-deps symlink_data
[1.412s] INFO:colcon.colcon_core.shell:Creating environment descriptor '/home/dev/rmf_ws/build/rmf_tests/share/rmf_tests/hook/pythonpath_develop.dsv'
[1.413s] INFO:colcon.colcon_core.shell:Creating environment hook '/home/dev/rmf_ws/build/rmf_tests/share/rmf_tests/hook/pythonpath_develop.sh'
[1.413s] Level 1:colcon.colcon_core.environment:checking '/home/dev/rmf_ws/install/rmf_tests' for CMake module files
[1.414s] Level 1:colcon.colcon_core.environment:checking '/home/dev/rmf_ws/install/rmf_tests' for CMake config files
[1.414s] Level 1:colcon.colcon_core.environment:checking '/home/dev/rmf_ws/install/rmf_tests/lib'
[1.414s] Level 1:colcon.colcon_core.environment:checking '/home/dev/rmf_ws/install/rmf_tests/bin'
[1.414s] Level 1:colcon.colcon_core.environment:checking '/home/dev/rmf_ws/install/rmf_tests/lib/pkgconfig/rmf_tests.pc'
[1.415s] Level 1:colcon.colcon_core.environment:checking '/home/dev/rmf_ws/install/rmf_tests/lib/python3.12/site-packages'
[1.415s] Level 1:colcon.colcon_core.shell:create_environment_hook('rmf_tests', 'pythonpath')
[1.415s] INFO:colcon.colcon_core.shell:Creating environment hook '/home/dev/rmf_ws/install/rmf_tests/share/rmf_tests/hook/pythonpath.ps1'
[1.415s] INFO:colcon.colcon_core.shell:Creating environment descriptor '/home/dev/rmf_ws/install/rmf_tests/share/rmf_tests/hook/pythonpath.dsv'
[1.416s] INFO:colcon.colcon_core.shell:Creating environment hook '/home/dev/rmf_ws/install/rmf_tests/share/rmf_tests/hook/pythonpath.sh'
[1.416s] Level 1:colcon.colcon_core.environment:checking '/home/dev/rmf_ws/install/rmf_tests/bin'
[1.416s] Level 1:colcon.colcon_core.environment:create_environment_scripts_only(rmf_tests)
[1.417s] INFO:colcon.colcon_core.shell:Creating package script '/home/dev/rmf_ws/install/rmf_tests/share/rmf_tests/package.ps1'
[1.417s] INFO:colcon.colcon_core.shell:Creating package descriptor '/home/dev/rmf_ws/install/rmf_tests/share/rmf_tests/package.dsv'
[1.417s] INFO:colcon.colcon_core.shell:Creating package script '/home/dev/rmf_ws/install/rmf_tests/share/rmf_tests/package.sh'
[1.418s] INFO:colcon.colcon_core.shell:Creating package script '/home/dev/rmf_ws/install/rmf_tests/share/rmf_tests/package.bash'
[1.418s] INFO:colcon.colcon_core.shell:Creating package script '/home/dev/rmf_ws/install/rmf_tests/share/rmf_tests/package.zsh'
[1.419s] Level 1:colcon.colcon_core.environment:create_file_with_runtime_dependencies(/home/dev/rmf_ws/install/rmf_tests/share/colcon-core/packages/rmf_tests)
[11.542s] DEBUG:colcon.colcon_core.event_handler.log_command:Invoked command in '/home/dev/rmf_ws/build/fleet_adapter' returned '0': CMAKE_PREFIX_PATH=${CMAKE_PREFIX_PATH}:/opt/ros/jazzy /usr/bin/cmake --build /home/dev/rmf_ws/build/fleet_adapter -- -j16 -l16
[11.543s] DEBUG:colcon.colcon_core.event_handler.log_command:Invoking command in '/home/dev/rmf_ws/build/fleet_adapter': CMAKE_PREFIX_PATH=${CMAKE_PREFIX_PATH}:/opt/ros/jazzy /usr/bin/cmake --install /home/dev/rmf_ws/build/fleet_adapter
[11.563s] DEBUG:colcon.colcon_core.event_handler.log_command:Invoked command in '/home/dev/rmf_ws/build/robot_controller' returned '0': CMAKE_PREFIX_PATH=${CMAKE_PREFIX_PATH}:/opt/ros/jazzy /usr/bin/cmake --build /home/dev/rmf_ws/build/robot_controller -- -j16 -l16
[11.564s] DEBUG:colcon.colcon_core.event_handler.log_command:Invoking command in '/home/dev/rmf_ws/build/robot_controller': CMAKE_PREFIX_PATH=${CMAKE_PREFIX_PATH}:/opt/ros/jazzy /usr/bin/cmake --install /home/dev/rmf_ws/build/robot_controller
[11.590s] Level 1:colcon.colcon_core.environment:create_environment_scripts_only(robot_controller)
[11.590s] Level 1:colcon.colcon_core.environment:checking '/home/dev/rmf_ws/install/robot_controller' for CMake module files
[11.591s] DEBUG:colcon.colcon_core.event_handler.log_command:Invoked command in '/home/dev/rmf_ws/build/robot_controller' returned '0': CMAKE_PREFIX_PATH=${CMAKE_PREFIX_PATH}:/opt/ros/jazzy /usr/bin/cmake --install /home/dev/rmf_ws/build/robot_controller
[11.591s] Level 1:colcon.colcon_core.environment:checking '/home/dev/rmf_ws/install/robot_controller' for CMake config files
[11.592s] Level 1:colcon.colcon_core.shell:create_environment_hook('robot_controller', 'cmake_prefix_path')
[11.592s] INFO:colcon.colcon_core.shell:Creating environment hook '/home/dev/rmf_ws/install/robot_controller/share/robot_controller/hook/cmake_prefix_path.ps1'
[11.592s] INFO:colcon.colcon_core.shell:Creating environment descriptor '/home/dev/rmf_ws/install/robot_controller/share/robot_controller/hook/cmake_prefix_path.dsv'
[11.593s] INFO:colcon.colcon_core.shell:Creating environment hook '/home/dev/rmf_ws/install/robot_controller/share/robot_controller/hook/cmake_prefix_path.sh'
[11.594s] Level 1:colcon.colcon_core.environment:checking '/home/dev/rmf_ws/install/robot_controller/lib'
[11.594s] Level 1:colcon.colcon_core.environment:checking '/home/dev/rmf_ws/install/robot_controller/bin'
[11.594s] Level 1:colcon.colcon_core.environment:checking '/home/dev/rmf_ws/install/robot_controller/lib/pkgconfig/robot_controller.pc'
[11.594s] Level 1:colcon.colcon_core.environment:checking '/home/dev/rmf_ws/install/robot_controller/lib/python3.12/site-packages'
[11.595s] Level 1:colcon.colcon_core.environment:checking '/home/dev/rmf_ws/install/robot_controller/bin'
[11.595s] INFO:colcon.colcon_core.shell:Creating package script '/home/dev/rmf_ws/install/robot_controller/share/robot_controller/package.ps1'
[11.596s] INFO:colcon.colcon_core.shell:Creating package descriptor '/home/dev/rmf_ws/install/robot_controller/share/robot_controller/package.dsv'
[11.596s] INFO:colcon.colcon_core.shell:Creating package script '/home/dev/rmf_ws/install/robot_controller/share/robot_controller/package.sh'
[11.597s] INFO:colcon.colcon_core.shell:Creating package script '/home/dev/rmf_ws/install/robot_controller/share/robot_controller/package.bash'
[11.598s] INFO:colcon.colcon_core.shell:Creating package script '/home/dev/rmf_ws/install/robot_controller/share/robot_controller/package.zsh'
[11.598s] Level 1:colcon.colcon_core.environment:create_file_with_runtime_dependencies(/home/dev/rmf_ws/install/robot_controller/share/colcon-core/packages/robot_controller)
[11.598s] Level 1:colcon.colcon_core.environment:create_environment_scripts_only(robot_controller)
[11.598s] Level 1:colcon.colcon_core.environment:checking '/home/dev/rmf_ws/install/robot_controller' for CMake module files
[11.599s] Level 1:colcon.colcon_core.environment:checking '/home/dev/rmf_ws/install/robot_controller' for CMake config files
[11.599s] Level 1:colcon.colcon_core.shell:create_environment_hook('robot_controller', 'cmake_prefix_path')
[11.599s] INFO:colcon.colcon_core.shell:Creating environment hook '/home/dev/rmf_ws/install/robot_controller/share/robot_controller/hook/cmake_prefix_path.ps1'
[11.599s] INFO:colcon.colcon_core.shell:Creating environment descriptor '/home/dev/rmf_ws/install/robot_controller/share/robot_controller/hook/cmake_prefix_path.dsv'
[11.599s] INFO:colcon.colcon_core.shell:Creating environment hook '/home/dev/rmf_ws/install/robot_controller/share/robot_controller/hook/cmake_prefix_path.sh'
[11.600s] Level 1:colcon.colcon_core.environment:checking '/home/dev/rmf_ws/install/robot_controller/lib'
[11.600s] Level 1:colcon.colcon_core.environment:checking '/home/dev/rmf_ws/install/robot_controller/bin'
[11.600s] Level 1:colcon.colcon_core.environment:checking '/home/dev/rmf_ws/install/robot_controller/lib/pkgconfig/robot_controller.pc'
[11.600s] Level 1:colcon.colcon_core.environment:checking '/home/dev/rmf_ws/install/robot_controller/lib/python3.12/site-packages'
[11.600s] Level 1:colcon.colcon_core.environment:checking '/home/dev/rmf_ws/install/robot_controller/bin'
[11.600s] INFO:colcon.colcon_core.shell:Creating package script '/home/dev/rmf_ws/install/robot_controller/share/robot_controller/package.ps1'
[11.601s] INFO:colcon.colcon_core.shell:Creating package descriptor '/home/dev/rmf_ws/install/robot_controller/share/robot_controller/package.dsv'
[11.601s] INFO:colcon.colcon_core.shell:Creating package script '/home/dev/rmf_ws/install/robot_controller/share/robot_controller/package.sh'
[11.601s] INFO:colcon.colcon_core.shell:Creating package script '/home/dev/rmf_ws/install/robot_controller/share/robot_controller/package.bash'
[11.602s] INFO:colcon.colcon_core.shell:Creating package script '/home/dev/rmf_ws/install/robot_controller/share/robot_controller/package.zsh'
[11.602s] Level 1:colcon.colcon_core.environment:create_file_with_runtime_dependencies(/home/dev/rmf_ws/install/robot_controller/share/colcon-core/packages/robot_controller)
[11.721s] Level 1:colcon.colcon_core.environment:create_environment_scripts_only(fleet_adapter)
[11.721s] Level 1:colcon.colcon_core.environment:checking '/home/dev/rmf_ws/install/fleet_adapter' for CMake module files
[11.722s] DEBUG:colcon.colcon_core.event_handler.log_command:Invoked command in '/home/dev/rmf_ws/build/fleet_adapter' returned '0': CMAKE_PREFIX_PATH=${CMAKE_PREFIX_PATH}:/opt/ros/jazzy /usr/bin/cmake --install /home/dev/rmf_ws/build/fleet_adapter
[11.723s] Level 1:colcon.colcon_core.environment:checking '/home/dev/rmf_ws/install/fleet_adapter' for CMake config files
[11.723s] Level 1:colcon.colcon_core.shell:create_environment_hook('fleet_adapter', 'cmake_prefix_path')
[11.723s] INFO:colcon.colcon_core.shell:Creating environment hook '/home/dev/rmf_ws/install/fleet_adapter/share/fleet_adapter/hook/cmake_prefix_path.ps1'
[11.724s] INFO:colcon.colcon_core.shell:Creating environment descriptor '/home/dev/rmf_ws/install/fleet_adapter/share/fleet_adapter/hook/cmake_prefix_path.dsv'
[11.725s] INFO:colcon.colcon_core.shell:Creating environment hook '/home/dev/rmf_ws/install/fleet_adapter/share/fleet_adapter/hook/cmake_prefix_path.sh'
[11.726s] Level 1:colcon.colcon_core.environment:checking '/home/dev/rmf_ws/install/fleet_adapter/lib'
[11.726s] Level 1:colcon.colcon_core.environment:checking '/home/dev/rmf_ws/install/fleet_adapter/bin'
[11.726s] Level 1:colcon.colcon_core.environment:checking '/home/dev/rmf_ws/install/fleet_adapter/lib/pkgconfig/fleet_adapter.pc'
[11.726s] Level 1:colcon.colcon_core.environment:checking '/home/dev/rmf_ws/install/fleet_adapter/lib/python3.12/site-packages'
[11.727s] Level 1:colcon.colcon_core.environment:checking '/home/dev/rmf_ws/install/fleet_adapter/bin'
[11.727s] INFO:colcon.colcon_core.shell:Creating package script '/home/dev/rmf_ws/install/fleet_adapter/share/fleet_adapter/package.ps1'
[11.728s] INFO:colcon.colcon_core.shell:Creating package descriptor '/home/dev/rmf_ws/install/fleet_adapter/share/fleet_adapter/package.dsv'
[11.728s] INFO:colcon.colcon_core.shell:Creating package script '/home/dev/rmf_ws/install/fleet_adapter/share/fleet_adapter/package.sh'
[11.729s] INFO:colcon.colcon_core.shell:Creating package script '/home/dev/rmf_ws/install/fleet_adapter/share/fleet_adapter/package.bash'
[11.729s] INFO:colcon.colcon_core.shell:Creating package script '/home/dev/rmf_ws/install/fleet_adapter/share/fleet_adapter/package.zsh'
[11.730s] Level 1:colcon.colcon_core.environment:create_file_with_runtime_dependencies(/home/dev/rmf_ws/install/fleet_adapter/share/colcon-core/packages/fleet_adapter)
[11.730s] Level 1:colcon.colcon_core.environment:create_environment_scripts_only(fleet_adapter)
[11.730s] Level 1:colcon.colcon_core.environment:checking '/home/dev/rmf_ws/install/fleet_adapter' for CMake module files
[11.730s] Level 1:colcon.colcon_core.environment:checking '/home/dev/rmf_ws/install/fleet_adapter' for CMake config files
[11.730s] Level 1:colcon.colcon_core.shell:create_environment_hook('fleet_adapter', 'cmake_prefix_path')
[11.730s] INFO:colcon.colcon_core.shell:Creating environment hook '/home/dev/rmf_ws/install/fleet_adapter/share/fleet_adapter/hook/cmake_prefix_path.ps1'
[11.731s] INFO:colcon.colcon_core.shell:Creating environment descriptor '/home/dev/rmf_ws/install/fleet_adapter/share/fleet_adapter/hook/cmake_prefix_path.dsv'
[11.731s] INFO:colcon.colcon_core.shell:Creating environment hook '/home/dev/rmf_ws/install/fleet_adapter/share/fleet_adapter/hook/cmake_prefix_path.sh'
[11.731s] Level 1:colcon.colcon_core.environment:checking '/home/dev/rmf_ws/install/fleet_adapter/lib'
[11.731s] Level 1:colcon.colcon_core.environment:checking '/home/dev/rmf_ws/install/fleet_adapter/bin'
[11.731s] Level 1:colcon.colcon_core.environment:checking '/home/dev/rmf_ws/install/fleet_adapter/lib/pkgconfig/fleet_adapter.pc'
[11.732s] Level 1:colcon.colcon_core.environment:checking '/home/dev/rmf_ws/install/fleet_adapter/lib/python3.12/site-packages'
[11.732s] Level 1:colcon.colcon_core.environment:checking '/home/dev/rmf_ws/install/fleet_adapter/bin'
[11.732s] INFO:colcon.colcon_core.shell:Creating package script '/home/dev/rmf_ws/install/fleet_adapter/share/fleet_adapter/package.ps1'
[11.732s] INFO:colcon.colcon_core.shell:Creating package descriptor '/home/dev/rmf_ws/install/fleet_adapter/share/fleet_adapter/package.dsv'
[11.732s] INFO:colcon.colcon_core.shell:Creating package script '/home/dev/rmf_ws/install/fleet_adapter/share/fleet_adapter/package.sh'
[11.733s] INFO:colcon.colcon_core.shell:Creating package script '/home/dev/rmf_ws/install/fleet_adapter/share/fleet_adapter/package.bash'
[11.733s] INFO:colcon.colcon_core.shell:Creating package script '/home/dev/rmf_ws/install/fleet_adapter/share/fleet_adapter/package.zsh'
[11.733s] Level 1:colcon.colcon_core.environment:create_file_with_runtime_dependencies(/home/dev/rmf_ws/install/fleet_adapter/share/colcon-core/packages/fleet_adapter)
[11.733s] INFO:colcon.colcon_ros.task.ament_python.build:Building ROS package in '/home/dev/rmf_ws/src/rmf_bringup' with build type 'ament_python'
[11.734s] Level 1:colcon.colcon_core.shell:create_environment_hook('rmf_bringup', 'ament_prefix_path')
[11.734s] INFO:colcon.colcon_core.shell:Creating environment hook '/home/dev/rmf_ws/install/rmf_bringup/share/rmf_bringup/hook/ament_prefix_path.ps1'
[11.734s] INFO:colcon.colcon_core.shell:Creating environment descriptor '/home/dev/rmf_ws/install/rmf_bringup/share/rmf_bringup/hook/ament_prefix_path.dsv'
[11.735s] INFO:colcon.colcon_core.shell:Creating environment hook '/home/dev/rmf_ws/install/rmf_bringup/share/rmf_bringup/hook/ament_prefix_path.sh'
[11.736s] INFO:colcon.colcon_core.shell:Skip shell extension 'powershell' for command environment: Not usable outside of PowerShell
[11.736s] DEBUG:colcon.colcon_core.shell:Skip shell extension 'dsv' for command environment
[11.899s] INFO:colcon.colcon_core.task.python.build:Building Python package in '/home/dev/rmf_ws/src/rmf_bringup'
[11.900s] INFO:colcon.colcon_core.shell:Skip shell extension 'powershell' for command environment: Not usable outside of PowerShell
[11.900s] DEBUG:colcon.colcon_core.shell:Skip shell extension 'dsv' for command environment
[12.315s] DEBUG:colcon.colcon_core.event_handler.log_command:Invoking command in '/home/dev/rmf_ws/build/rmf_bringup': AMENT_PREFIX_PATH=/home/dev/rmf_ws/install/rmf_tests:/home/dev/rmf_ws/install/traffic_editor_assets:/home/dev/rmf_ws/install/robots_cv_sim:/home/dev/rmf_ws/install/robot_controller:/home/dev/rmf_ws/install/fleet_adapter:${AMENT_PREFIX_PATH} CMAKE_PREFIX_PATH=/home/dev/rmf_ws/install/traffic_editor_assets:/home/dev/rmf_ws/install/robot_controller:/home/dev/rmf_ws/install/fleet_adapter:${CMAKE_PREFIX_PATH} PYTHONPATH=/home/dev/rmf_ws/build/rmf_bringup/prefix_override:/usr/lib/python3/dist-packages/colcon_core/task/python/colcon_distutils_commands:/home/dev/rmf_ws/install/rmf_bringup/lib/python3.12/site-packages:/home/dev/rmf_ws/build/rmf_tests:/home/dev/rmf_ws/install/rmf_tests/lib/python3.12/site-packages:/home/dev/rmf_ws/build/robots_cv_sim:/home/dev/rmf_ws/install/robots_cv_sim/lib/python3.12/site-packages:${PYTHONPATH} /usr/bin/python3 -W ignore:setup.py install is deprecated -W ignore:easy_install command is deprecated setup.py develop --editable --build-directory /home/dev/rmf_ws/build/rmf_bringup/build --no-deps symlink_data
[12.748s] Level 1:colcon.colcon_core.shell:create_environment_hook('rmf_bringup', 'pythonpath_develop')
[12.749s] INFO:colcon.colcon_core.shell:Creating environment hook '/home/dev/rmf_ws/build/rmf_bringup/share/rmf_bringup/hook/pythonpath_develop.ps1'
[12.750s] DEBUG:colcon.colcon_core.event_handler.log_command:Invoked command in '/home/dev/rmf_ws/build/rmf_bringup' returned '0': AMENT_PREFIX_PATH=/home/dev/rmf_ws/install/rmf_tests:/home/dev/rmf_ws/install/traffic_editor_assets:/home/dev/rmf_ws/install/robots_cv_sim:/home/dev/rmf_ws/install/robot_controller:/home/dev/rmf_ws/install/fleet_adapter:${AMENT_PREFIX_PATH} CMAKE_PREFIX_PATH=/home/dev/rmf_ws/install/traffic_editor_assets:/home/dev/rmf_ws/install/robot_controller:/home/dev/rmf_ws/install/fleet_adapter:${CMAKE_PREFIX_PATH} PYTHONPATH=/home/dev/rmf_ws/build/rmf_bringup/prefix_override:/usr/lib/python3/dist-packages/colcon_core/task/python/colcon_distutils_commands:/home/dev/rmf_ws/install/rmf_bringup/lib/python3.12/site-packages:/home/dev/rmf_ws/build/rmf_tests:/home/dev/rmf_ws/install/rmf_tests/lib/python3.12/site-packages:/home/dev/rmf_ws/build/robots_cv_sim:/home/dev/rmf_ws/install/robots_cv_sim/lib/python3.12/site-packages:${PYTHONPATH} /usr/bin/python3 -W ignore:setup.py install is deprecated -W ignore:easy_install command is deprecated setup.py develop --editable --build-directory /home/dev/rmf_ws/build/rmf_bringup/build --no-deps symlink_data
[12.750s] INFO:colcon.colcon_core.shell:Creating environment descriptor '/home/dev/rmf_ws/build/rmf_bringup/share/rmf_bringup/hook/pythonpath_develop.dsv'
[12.750s] INFO:colcon.colcon_core.shell:Creating environment hook '/home/dev/rmf_ws/build/rmf_bringup/share/rmf_bringup/hook/pythonpath_develop.sh'
[12.751s] Level 1:colcon.colcon_core.environment:checking '/home/dev/rmf_ws/install/rmf_bringup' for CMake module files
[12.752s] Level 1:colcon.colcon_core.environment:checking '/home/dev/rmf_ws/install/rmf_bringup' for CMake config files
[12.753s] Level 1:colcon.colcon_core.environment:checking '/home/dev/rmf_ws/install/rmf_bringup/lib'
[12.753s] Level 1:colcon.colcon_core.environment:checking '/home/dev/rmf_ws/install/rmf_bringup/bin'
[12.753s] Level 1:colcon.colcon_core.environment:checking '/home/dev/rmf_ws/install/rmf_bringup/lib/pkgconfig/rmf_bringup.pc'
[12.754s] Level 1:colcon.colcon_core.environment:checking '/home/dev/rmf_ws/install/rmf_bringup/lib/python3.12/site-packages'
[12.754s] Level 1:colcon.colcon_core.shell:create_environment_hook('rmf_bringup', 'pythonpath')
[12.754s] INFO:colcon.colcon_core.shell:Creating environment hook '/home/dev/rmf_ws/install/rmf_bringup/share/rmf_bringup/hook/pythonpath.ps1'
[12.755s] INFO:colcon.colcon_core.shell:Creating environment descriptor '/home/dev/rmf_ws/install/rmf_bringup/share/rmf_bringup/hook/pythonpath.dsv'
[12.755s] INFO:colcon.colcon_core.shell:Creating environment hook '/home/dev/rmf_ws/install/rmf_bringup/share/rmf_bringup/hook/pythonpath.sh'
[12.756s] Level 1:colcon.colcon_core.environment:checking '/home/dev/rmf_ws/install/rmf_bringup/bin'
[12.757s] Level 1:colcon.colcon_core.environment:create_environment_scripts_only(rmf_bringup)
[12.757s] INFO:colcon.colcon_core.shell:Creating package script '/home/dev/rmf_ws/install/rmf_bringup/share/rmf_bringup/package.ps1'
[12.758s] INFO:colcon.colcon_core.shell:Creating package descriptor '/home/dev/rmf_ws/install/rmf_bringup/share/rmf_bringup/package.dsv'
[12.758s] INFO:colcon.colcon_core.shell:Creating package script '/home/dev/rmf_ws/install/rmf_bringup/share/rmf_bringup/package.sh'
[12.758s] INFO:colcon.colcon_core.shell:Creating package script '/home/dev/rmf_ws/install/rmf_bringup/share/rmf_bringup/package.bash'
[12.759s] INFO:colcon.colcon_core.shell:Creating package script '/home/dev/rmf_ws/install/rmf_bringup/share/rmf_bringup/package.zsh'
[12.759s] Level 1:colcon.colcon_core.environment:create_file_with_runtime_dependencies(/home/dev/rmf_ws/install/rmf_bringup/share/colcon-core/packages/rmf_bringup)
[12.759s] DEBUG:colcon.colcon_parallel_executor.executor.parallel:closing loop
[12.759s] DEBUG:colcon.colcon_parallel_executor.executor.parallel:loop closed
[12.759s] DEBUG:colcon.colcon_parallel_executor.executor.parallel:run_until_complete finished with '0'
[12.759s] DEBUG:colcon.colcon_core.event_reactor:joining thread
[12.767s] INFO:colcon.colcon_core.plugin_system:Skipping extension 'colcon_notification.desktop_notification.notify_send': Could not find 'notify-send'
[12.767s] INFO:colcon.colcon_core.plugin_system:Skipping extension 'colcon_notification.desktop_notification.terminal_notifier': Not used on non-Darwin systems
[12.767s] INFO:colcon.colcon_core.plugin_system:Skipping extension 'colcon_notification.desktop_notification.win32': Not used on non-Windows systems
[12.767s] INFO:colcon.colcon_notification.desktop_notification:Sending desktop notification using 'notify2'
[12.770s] DEBUG:colcon.colcon_notification.desktop_notification.notify2:Failed to initialize notify2: org.freedesktop.DBus.Error.Spawn.ExecFailed: /usr/bin/dbus-launch terminated abnormally without any error message
[12.770s] DEBUG:colcon.colcon_core.event_reactor:joined thread
[12.771s] INFO:colcon.colcon_core.shell:Creating prefix script '/home/dev/rmf_ws/install/local_setup.ps1'
[12.772s] INFO:colcon.colcon_core.shell:Creating prefix util module '/home/dev/rmf_ws/install/_local_setup_util_ps1.py'
[12.773s] INFO:colcon.colcon_core.shell:Creating prefix chain script '/home/dev/rmf_ws/install/setup.ps1'
[12.773s] INFO:colcon.colcon_core.shell:Creating prefix script '/home/dev/rmf_ws/install/local_setup.sh'
[12.774s] INFO:colcon.colcon_core.shell:Creating prefix util module '/home/dev/rmf_ws/install/_local_setup_util_sh.py'
[12.774s] INFO:colcon.colcon_core.shell:Creating prefix chain script '/home/dev/rmf_ws/install/setup.sh'
[12.775s] INFO:colcon.colcon_core.shell:Creating prefix script '/home/dev/rmf_ws/install/local_setup.bash'
[12.775s] INFO:colcon.colcon_core.shell:Creating prefix chain script '/home/dev/rmf_ws/install/setup.bash'
[12.775s] INFO:colcon.colcon_core.shell:Creating prefix script '/home/dev/rmf_ws/install/local_setup.zsh'
[12.776s] INFO:colcon.colcon_core.shell:Creating prefix chain script '/home/dev/rmf_ws/install/setup.zsh'
