-- Install configuration: ""
-- Execute custom install script
-- Up-to-date symlink: /home/dev/rmf_ws/install/traffic_editor_assets/share/traffic_editor_assets/map.building.yaml
-- Up-to-date symlink: /home/dev/rmf_ws/install/traffic_editor_assets/share/traffic_editor_assets/map.png
-- Up-to-date symlink: /home/dev/rmf_ws/install/traffic_editor_assets/share/traffic_editor_assets/maps.json
-- Symlinking: /home/dev/rmf_ws/install/traffic_editor_assets/share/ament_index/resource_index/packages/traffic_editor_assets
-- Up-to-date symlink: /home/dev/rmf_ws/install/traffic_editor_assets/share/ament_index/resource_index/traffic_editor_assets/assets
-- Up-to-date symlink: /home/dev/rmf_ws/install/traffic_editor_assets/share/ament_index/resource_index/package_run_dependencies/traffic_editor_assets
-- Up-to-date symlink: /home/dev/rmf_ws/install/traffic_editor_assets/share/ament_index/resource_index/parent_prefix_path/traffic_editor_assets
-- Up-to-date symlink: /home/dev/rmf_ws/install/traffic_editor_assets/share/traffic_editor_assets/environment/ament_prefix_path.sh
-- Up-to-date symlink: /home/dev/rmf_ws/install/traffic_editor_assets/share/traffic_editor_assets/environment/ament_prefix_path.dsv
-- Up-to-date symlink: /home/dev/rmf_ws/install/traffic_editor_assets/share/traffic_editor_assets/environment/path.sh
-- Up-to-date symlink: /home/dev/rmf_ws/install/traffic_editor_assets/share/traffic_editor_assets/environment/path.dsv
-- Up-to-date symlink: /home/dev/rmf_ws/install/traffic_editor_assets/share/traffic_editor_assets/local_setup.bash
-- Up-to-date symlink: /home/dev/rmf_ws/install/traffic_editor_assets/share/traffic_editor_assets/local_setup.sh
-- Up-to-date symlink: /home/dev/rmf_ws/install/traffic_editor_assets/share/traffic_editor_assets/local_setup.zsh
-- Up-to-date symlink: /home/dev/rmf_ws/install/traffic_editor_assets/share/traffic_editor_assets/local_setup.dsv
-- Symlinking: /home/dev/rmf_ws/install/traffic_editor_assets/share/traffic_editor_assets/package.dsv
-- Symlinking: /home/dev/rmf_ws/install/traffic_editor_assets/share/ament_index/resource_index/packages/traffic_editor_assets
-- Up-to-date symlink: /home/dev/rmf_ws/install/traffic_editor_assets/share/traffic_editor_assets/cmake/traffic_editor_assetsConfig.cmake
-- Up-to-date symlink: /home/dev/rmf_ws/install/traffic_editor_assets/share/traffic_editor_assets/cmake/traffic_editor_assetsConfig-version.cmake
-- Up-to-date symlink: /home/dev/rmf_ws/install/traffic_editor_assets/share/traffic_editor_assets/package.xml
