[ 50%] Building CXX object CMakeFiles/fleet_adapter_node.dir/src/fleet_adapter_node.cpp.o
[100%] Linking CXX executable fleet_adapter_node
[100%] Built target fleet_adapter_node
-- Install configuration: ""
-- Execute custom install script
-- Up-to-date symlink: /home/dev/rmf_ws/install/fleet_adapter/lib/fleet_adapter/fleet_adapter_node
-- Up-to-date symlink: /home/dev/rmf_ws/install/fleet_adapter/share/ament_index/resource_index/package_run_dependencies/fleet_adapter
-- Up-to-date symlink: /home/dev/rmf_ws/install/fleet_adapter/share/ament_index/resource_index/parent_prefix_path/fleet_adapter
-- Up-to-date symlink: /home/dev/rmf_ws/install/fleet_adapter/share/fleet_adapter/environment/ament_prefix_path.sh
-- Up-to-date symlink: /home/dev/rmf_ws/install/fleet_adapter/share/fleet_adapter/environment/ament_prefix_path.dsv
-- Up-to-date symlink: /home/dev/rmf_ws/install/fleet_adapter/share/fleet_adapter/environment/path.sh
-- Up-to-date symlink: /home/dev/rmf_ws/install/fleet_adapter/share/fleet_adapter/environment/path.dsv
-- Up-to-date symlink: /home/dev/rmf_ws/install/fleet_adapter/share/fleet_adapter/local_setup.bash
-- Up-to-date symlink: /home/dev/rmf_ws/install/fleet_adapter/share/fleet_adapter/local_setup.sh
-- Up-to-date symlink: /home/dev/rmf_ws/install/fleet_adapter/share/fleet_adapter/local_setup.zsh
-- Up-to-date symlink: /home/dev/rmf_ws/install/fleet_adapter/share/fleet_adapter/local_setup.dsv
-- Symlinking: /home/dev/rmf_ws/install/fleet_adapter/share/fleet_adapter/package.dsv
-- Up-to-date symlink: /home/dev/rmf_ws/install/fleet_adapter/share/ament_index/resource_index/packages/fleet_adapter
-- Up-to-date symlink: /home/dev/rmf_ws/install/fleet_adapter/share/fleet_adapter/cmake/fleet_adapterConfig.cmake
-- Up-to-date symlink: /home/dev/rmf_ws/install/fleet_adapter/share/fleet_adapter/cmake/fleet_adapterConfig-version.cmake
-- Up-to-date symlink: /home/dev/rmf_ws/install/fleet_adapter/share/fleet_adapter/package.xml
