running develop
running egg_info
creating robots_cv_sim.egg-info
writing robots_cv_sim.egg-info/PKG-INFO
writing dependency_links to robots_cv_sim.egg-info/dependency_links.txt
writing entry points to robots_cv_sim.egg-info/entry_points.txt
writing requirements to robots_cv_sim.egg-info/requires.txt
writing top-level names to robots_cv_sim.egg-info/top_level.txt
writing manifest file 'robots_cv_sim.egg-info/SOURCES.txt'
reading manifest file 'robots_cv_sim.egg-info/SOURCES.txt'
writing manifest file 'robots_cv_sim.egg-info/SOURCES.txt'
running build_ext
Creating /home/dev/rmf_ws/install/robots_cv_sim/lib/python3.12/site-packages/robots-cv-sim.egg-link (link to .)
Installing sim_node script to /home/dev/rmf_ws/install/robots_cv_sim/lib/robots_cv_sim

Installed /home/dev/rmf_ws/build/robots_cv_sim
running symlink_data
creating /home/dev/rmf_ws/install/robots_cv_sim/share/ament_index
creating /home/dev/rmf_ws/install/robots_cv_sim/share/ament_index/resource_index
creating /home/dev/rmf_ws/install/robots_cv_sim/share/ament_index/resource_index/packages
symbolically linking /home/dev/rmf_ws/build/robots_cv_sim/resource/robots_cv_sim -> /home/dev/rmf_ws/install/robots_cv_sim/share/ament_index/resource_index/packages
symbolically linking /home/dev/rmf_ws/build/robots_cv_sim/package.xml -> /home/dev/rmf_ws/install/robots_cv_sim/share/robots_cv_sim
creating /home/dev/rmf_ws/install/robots_cv_sim/share/robots_cv_sim/launch
symbolically linking /home/dev/rmf_ws/build/robots_cv_sim/launch/sim.launch.py -> /home/dev/rmf_ws/install/robots_cv_sim/share/robots_cv_sim/launch
creating /home/dev/rmf_ws/install/robots_cv_sim/share/robots_cv_sim/config
symbolically linking /home/dev/rmf_ws/build/robots_cv_sim/config/robots.yaml -> /home/dev/rmf_ws/install/robots_cv_sim/share/robots_cv_sim/config
symbolically linking /home/dev/rmf_ws/build/robots_cv_sim/config/start_config.yaml -> /home/dev/rmf_ws/install/robots_cv_sim/share/robots_cv_sim/config
symbolically linking /home/dev/rmf_ws/build/robots_cv_sim/config/robots_vertices.yaml -> /home/dev/rmf_ws/install/robots_cv_sim/share/robots_cv_sim/config
